 raylib_wrapper

 Timestamp is 632cb7a1 (Thu Sep 22 21:29:37 2022)

 Preferred load address is 0000000180000000

 Start         Length     Name                   Class
 0001:00000000 00006790H .text$mn                CODE
 0001:00006790 00000036H .text$mn$00             CODE
 0001:000067c6 00000092H .text$x                 CODE
 0002:00000000 00001060H .idata$5                DATA
 0002:00001060 00000028H .00cfg                  DATA
 0002:00001088 00000008H .CRT$XCA                DATA
 0002:00001090 00000008H .CRT$XCZ                DATA
 0002:00001098 00000008H .CRT$XIA                DATA
 0002:000010a0 00000008H .CRT$XIZ                DATA
 0002:000010a8 00000008H .CRT$XPA                DATA
 0002:000010b0 00000008H .CRT$XPZ                DATA
 0002:000010b8 00000008H .CRT$XTA                DATA
 0002:000010c0 00000010H .CRT$XTZ                DATA
 0002:000010c8 00000000H .gehcont$y              DATA
 0002:000010c8 00000000H .gfids$y                DATA
 0002:000010d0 00000230H .rdata                  DATA
 0002:00001300 00000000H .rdata$CastGuardVftablesA DATA
 0002:00001300 00000000H .rdata$CastGuardVftablesC DATA
 0002:00001300 00000020H .rdata$voltmd           DATA
 0002:00001320 000002a0H .rdata$zzzdbg           DATA
 0002:000015c0 00000008H .rtc$IAA                DATA
 0002:000015c8 00000008H .rtc$IZZ                DATA
 0002:000015d0 00000008H .rtc$TAA                DATA
 0002:000015d8 00000008H .rtc$TZZ                DATA
 0002:000015e0 000002e0H .xdata                  DATA
 0002:000018c0 0000388cH .edata                  DATA
 0002:0000514c 00000050H .idata$2                DATA
 0002:0000519c 00000014H .idata$3                DATA
 0002:000051b0 00001060H .idata$4                DATA
 0002:00006210 0000261aH .idata$6                DATA
 0003:00000000 00000040H .data                   DATA
 0003:00000040 00000098H .bss                    DATA
 0004:00000000 00000e28H .pdata                  DATA

  Address         Publics by Value              Rva+Base               Lib:Object

 0000:00000000       __hybrid_code_map          0000000000000000     <absolute>
 0000:00000000       __guard_eh_cont_table      0000000000000000     <absolute>
 0000:00000000       __x64_code_ranges_to_entry_points_count 0000000000000000     <absolute>
 0000:00000000       __guard_eh_cont_count      0000000000000000     <absolute>
 0000:00000000       __dynamic_value_reloc_table 0000000000000000     <absolute>
 0000:00000000       __arm64x_native_entrypoint 0000000000000000     <absolute>
 0000:00000000       __guard_check_icall_a64n_fptr 0000000000000000     <absolute>
 0000:00000000       __guard_fids_count         0000000000000000     <absolute>
 0000:00000000       __guard_fids_table         0000000000000000     <absolute>
 0000:00000000       __guard_longjmp_count      0000000000000000     <absolute>
 0000:00000000       ___safe_se_handler_table   0000000000000000     <absolute>
 0000:00000000       __arm64x_extra_rfe_table_size 0000000000000000     <absolute>
 0000:00000000       __AbsoluteZero             0000000000000000     <absolute>
 0000:00000000       __guard_iat_count          0000000000000000     <absolute>
 0000:00000000       __enclave_config           0000000000000000     <absolute>
 0000:00000000       __hybrid_auxiliary_iat     0000000000000000     <absolute>
 0000:00000000       __hybrid_code_map_count    0000000000000000     <absolute>
 0000:00000000       __arm64x_redirection_metadata_count 0000000000000000     <absolute>
 0000:00000000       __guard_iat_table          0000000000000000     <absolute>
 0000:00000000       ___safe_se_handler_count   0000000000000000     <absolute>
 0000:00000000       __hybrid_auxiliary_iat_copy 0000000000000000     <absolute>
 0000:00000000       __arm64x_redirection_metadata 0000000000000000     <absolute>
 0000:00000000       __arm64x_extra_rfe_table   0000000000000000     <absolute>
 0000:00000000       __guard_longjmp_table      0000000000000000     <absolute>
 0000:00000000       __x64_code_ranges_to_entry_points 0000000000000000     <absolute>
 0000:00000100       __guard_flags              0000000000000100     <absolute>
 0000:00000000       __ImageBase                0000000180000000     <linker-defined>
 0001:00000000       DrawPolygon                0000000180001000 f   raylib_wrapper.obj
 0001:00000070       DrawRenderTexture          0000000180001070 f   raylib_wrapper.obj
 0001:000000e0       DrawTextureRotated         00000001800010e0 f   raylib_wrapper.obj
 0001:000001c0       DrawTextureRotatedScaled   00000001800011c0 f   raylib_wrapper.obj
 0001:000002b0       DrawTriangleLinesRotated   00000001800012b0 f   raylib_wrapper.obj
 0001:000004a0       DrawTriangleRotated        00000001800014a0 f   raylib_wrapper.obj
 0001:00000690       RL_AttachAudioStreamProcessor 0000000180001690 f   raylib_wrapper.obj
 0001:000006c0       RL_BeginBlendMode          00000001800016c0 f   raylib_wrapper.obj
 0001:000006d0       RL_BeginDrawing            00000001800016d0 f   raylib_wrapper.obj
 0001:000006e0       RL_BeginMode2D             00000001800016e0 f   raylib_wrapper.obj
 0001:00000710       RL_BeginMode3D             0000000180001710 f   raylib_wrapper.obj
 0001:00000750       RL_BeginScissorMode        0000000180001750 f   raylib_wrapper.obj
 0001:00000760       RL_BeginShaderMode         0000000180001760 f   raylib_wrapper.obj
 0001:00000780       RL_BeginTextureMode        0000000180001780 f   raylib_wrapper.obj
 0001:000007c0       RL_ChangeDirectory         00000001800017c0 f   raylib_wrapper.obj
 0001:000007e0       RL_CheckCollisionBoxSphere 00000001800017e0 f   raylib_wrapper.obj
 0001:00000820       RL_CheckCollisionBoxes     0000000180001820 f   raylib_wrapper.obj
 0001:00000870       RL_CheckCollisionCircleRec 0000000180001870 f   raylib_wrapper.obj
 0001:00000890       RL_CheckCollisionCircles   0000000180001890 f   raylib_wrapper.obj
 0001:000008b0       RL_CheckCollisionLines     00000001800018b0 f   raylib_wrapper.obj
 0001:000008d0       RL_CheckCollisionPointCircle 00000001800018d0 f   raylib_wrapper.obj
 0001:000008f0       RL_CheckCollisionPointLine 00000001800018f0 f   raylib_wrapper.obj
 0001:00000910       RL_CheckCollisionPointRec  0000000180001910 f   raylib_wrapper.obj
 0001:00000930       RL_CheckCollisionPointTriangle 0000000180001930 f   raylib_wrapper.obj
 0001:00000950       RL_CheckCollisionRecs      0000000180001950 f   raylib_wrapper.obj
 0001:00000980       RL_CheckCollisionSpheres   0000000180001980 f   raylib_wrapper.obj
 0001:000009c0       RL_ClearBackground         00000001800019c0 f   raylib_wrapper.obj
 0001:000009d0       RL_ClearWindowState        00000001800019d0 f   raylib_wrapper.obj
 0001:000009e0       RL_CloseAudioDevice        00000001800019e0 f   raylib_wrapper.obj
 0001:000009f0       RL_CloseWindow             00000001800019f0 f   raylib_wrapper.obj
 0001:00000a00       RL_CodepointToUTF8         0000000180001a00 f   raylib_wrapper.obj
 0001:00000a10       RL_ColorAlpha              0000000180001a10 f   raylib_wrapper.obj
 0001:00000a20       RL_ColorAlphaBlend         0000000180001a20 f   raylib_wrapper.obj
 0001:00000a30       RL_ColorFromHSV            0000000180001a30 f   raylib_wrapper.obj
 0001:00000a40       RL_ColorFromNormalized     0000000180001a40 f   raylib_wrapper.obj
 0001:00000a60       RL_ColorNormalize          0000000180001a60 f   raylib_wrapper.obj
 0001:00000a80       RL_ColorToHSV              0000000180001a80 f   raylib_wrapper.obj
 0001:00000aa0       RL_ColorToInt              0000000180001aa0 f   raylib_wrapper.obj
 0001:00000ab0       RL_CompressData            0000000180001ab0 f   raylib_wrapper.obj
 0001:00000ac0       RL_DecodeDataBase64        0000000180001ac0 f   raylib_wrapper.obj
 0001:00000ad0       RL_DecompressData          0000000180001ad0 f   raylib_wrapper.obj
 0001:00000ae0       RL_DetachAudioStreamProcessor 0000000180001ae0 f   raylib_wrapper.obj
 0001:00000b10       RL_DirectoryExists         0000000180001b10 f   raylib_wrapper.obj
 0001:00000b30       RL_DisableCursor           0000000180001b30 f   raylib_wrapper.obj
 0001:00000b40       RL_DisableEventWaiting     0000000180001b40 f   raylib_wrapper.obj
 0001:00000b50       RL_DrawBillboard           0000000180001b50 f   raylib_wrapper.obj
 0001:00000bd0       RL_DrawBillboardPro        0000000180001bd0 f   raylib_wrapper.obj
 0001:00000ca0       RL_DrawBillboardRec        0000000180001ca0 f   raylib_wrapper.obj
 0001:00000d30       RL_DrawBoundingBox         0000000180001d30 f   raylib_wrapper.obj
 0001:00000d60       RL_DrawCircle              0000000180001d60 f   raylib_wrapper.obj
 0001:00000d70       RL_DrawCircle3D            0000000180001d70 f   raylib_wrapper.obj
 0001:00000dc0       RL_DrawCircleGradient      0000000180001dc0 f   raylib_wrapper.obj
 0001:00000dd0       RL_DrawCircleLines         0000000180001dd0 f   raylib_wrapper.obj
 0001:00000de0       RL_DrawCircleSector        0000000180001de0 f   raylib_wrapper.obj
 0001:00000df0       RL_DrawCircleSectorLines   0000000180001df0 f   raylib_wrapper.obj
 0001:00000e00       RL_DrawCircleV             0000000180001e00 f   raylib_wrapper.obj
 0001:00000e10       RL_DrawCube                0000000180001e10 f   raylib_wrapper.obj
 0001:00000e40       RL_DrawCubeTexture         0000000180001e40 f   raylib_wrapper.obj
 0001:00000ea0       RL_DrawCubeTextureRec      0000000180001ea0 f   raylib_wrapper.obj
 0001:00000f20       RL_DrawCubeV               0000000180001f20 f   raylib_wrapper.obj
 0001:00000f60       RL_DrawCubeWires           0000000180001f60 f   raylib_wrapper.obj
 0001:00000f90       RL_DrawCubeWiresV          0000000180001f90 f   raylib_wrapper.obj
 0001:00000fd0       RL_DrawCylinder            0000000180001fd0 f   raylib_wrapper.obj
 0001:00001010       RL_DrawCylinderEx          0000000180002010 f   raylib_wrapper.obj
 0001:00001060       RL_DrawCylinderWires       0000000180002060 f   raylib_wrapper.obj
 0001:000010a0       RL_DrawCylinderWiresEx     00000001800020a0 f   raylib_wrapper.obj
 0001:000010f0       RL_DrawEllipse             00000001800020f0 f   raylib_wrapper.obj
 0001:00001100       RL_DrawEllipseLines        0000000180002100 f   raylib_wrapper.obj
 0001:00001110       RL_DrawFPS                 0000000180002110 f   raylib_wrapper.obj
 0001:00001120       RL_DrawGrid                0000000180002120 f   raylib_wrapper.obj
 0001:00001130       RL_DrawLine                0000000180002130 f   raylib_wrapper.obj
 0001:00001140       RL_DrawLine3D              0000000180002140 f   raylib_wrapper.obj
 0001:00001180       RL_DrawLineBezier          0000000180002180 f   raylib_wrapper.obj
 0001:00001190       RL_DrawLineBezierCubic     0000000180002190 f   raylib_wrapper.obj
 0001:000011a0       RL_DrawLineBezierQuad      00000001800021a0 f   raylib_wrapper.obj
 0001:000011b0       RL_DrawLineEx              00000001800021b0 f   raylib_wrapper.obj
 0001:000011c0       RL_DrawLineStrip           00000001800021c0 f   raylib_wrapper.obj
 0001:000011d0       RL_DrawLineV               00000001800021d0 f   raylib_wrapper.obj
 0001:000011e0       RL_DrawMesh                00000001800021e0 f   raylib_wrapper.obj
 0001:00001290       RL_DrawMeshInstanced       0000000180002290 f   raylib_wrapper.obj
 0001:00001310       RL_DrawModel               0000000180002310 f   raylib_wrapper.obj
 0001:00001390       RL_DrawModelEx             0000000180002390 f   raylib_wrapper.obj
 0001:00001460       RL_DrawModelWires          0000000180002460 f   raylib_wrapper.obj
 0001:000014e0       RL_DrawModelWiresEx        00000001800024e0 f   raylib_wrapper.obj
 0001:000015b0       RL_DrawPixel               00000001800025b0 f   raylib_wrapper.obj
 0001:000015c0       RL_DrawPixelV              00000001800025c0 f   raylib_wrapper.obj
 0001:000015d0       RL_DrawPlane               00000001800025d0 f   raylib_wrapper.obj
 0001:00001600       RL_DrawPoint3D             0000000180002600 f   raylib_wrapper.obj
 0001:00001630       RL_DrawPoly                0000000180002630 f   raylib_wrapper.obj
 0001:00001640       RL_DrawPolyLines           0000000180002640 f   raylib_wrapper.obj
 0001:00001650       RL_DrawPolyLinesEx         0000000180002650 f   raylib_wrapper.obj
 0001:00001660       RL_DrawRay                 0000000180002660 f   raylib_wrapper.obj
 0001:00001690       RL_DrawRectangle           0000000180002690 f   raylib_wrapper.obj
 0001:000016a0       RL_DrawRectangleGradientEx 00000001800026a0 f   raylib_wrapper.obj
 0001:000016d0       RL_DrawRectangleGradientH  00000001800026d0 f   raylib_wrapper.obj
 0001:000016e0       RL_DrawRectangleGradientV  00000001800026e0 f   raylib_wrapper.obj
 0001:000016f0       RL_DrawRectangleLines      00000001800026f0 f   raylib_wrapper.obj
 0001:00001700       RL_DrawRectangleLinesEx    0000000180002700 f   raylib_wrapper.obj
 0001:00001720       RL_DrawRectanglePro        0000000180002720 f   raylib_wrapper.obj
 0001:00001740       RL_DrawRectangleRec        0000000180002740 f   raylib_wrapper.obj
 0001:00001760       RL_DrawRectangleRounded    0000000180002760 f   raylib_wrapper.obj
 0001:00001780       RL_DrawRectangleRoundedLines 0000000180002780 f   raylib_wrapper.obj
 0001:000017b0       RL_DrawRectangleV          00000001800027b0 f   raylib_wrapper.obj
 0001:000017c0       RL_DrawRing                00000001800027c0 f   raylib_wrapper.obj
 0001:000017d0       RL_DrawRingLines           00000001800027d0 f   raylib_wrapper.obj
 0001:000017e0       RL_DrawSphere              00000001800027e0 f   raylib_wrapper.obj
 0001:00001810       RL_DrawSphereEx            0000000180002810 f   raylib_wrapper.obj
 0001:00001840       RL_DrawSphereWires         0000000180002840 f   raylib_wrapper.obj
 0001:00001870       RL_DrawText                0000000180002870 f   raylib_wrapper.obj
 0001:00001880       RL_DrawTextCodepoint       0000000180002880 f   raylib_wrapper.obj
 0001:000018c0       RL_DrawTextCodepoints      00000001800028c0 f   raylib_wrapper.obj
 0001:00001920       RL_DrawTextEx              0000000180002920 f   raylib_wrapper.obj
 0001:00001980       RL_DrawTextPro             0000000180002980 f   raylib_wrapper.obj
 0001:000019f0       RL_DrawTexture             00000001800029f0 f   raylib_wrapper.obj
 0001:00001a20       RL_DrawTextureEx           0000000180002a20 f   raylib_wrapper.obj
 0001:00001a50       RL_DrawTextureNPatch       0000000180002a50 f   raylib_wrapper.obj
 0001:00001ac0       RL_DrawTexturePoly         0000000180002ac0 f   raylib_wrapper.obj
 0001:00001b00       RL_DrawTexturePro          0000000180002b00 f   raylib_wrapper.obj
 0001:00001b60       RL_DrawTextureQuad         0000000180002b60 f   raylib_wrapper.obj
 0001:00001ba0       RL_DrawTextureRec          0000000180002ba0 f   raylib_wrapper.obj
 0001:00001bd0       RL_DrawTextureTiled        0000000180002bd0 f   raylib_wrapper.obj
 0001:00001c40       RL_DrawTextureV            0000000180002c40 f   raylib_wrapper.obj
 0001:00001c70       RL_DrawTriangle            0000000180002c70 f   raylib_wrapper.obj
 0001:00001df0       RL_DrawTriangle3D          0000000180002df0 f   raylib_wrapper.obj
 0001:00001e50       RL_DrawTriangleFan         0000000180002e50 f   raylib_wrapper.obj
 0001:00001e60       RL_DrawTriangleLines       0000000180002e60 f   raylib_wrapper.obj
 0001:00001fe0       RL_DrawTriangleStrip       0000000180002fe0 f   raylib_wrapper.obj
 0001:00001ff0       RL_DrawTriangleStrip3D     0000000180002ff0 f   raylib_wrapper.obj
 0001:00002000       RL_EnableCursor            0000000180003000 f   raylib_wrapper.obj
 0001:00002010       RL_EnableEventWaiting      0000000180003010 f   raylib_wrapper.obj
 0001:00002020       RL_EncodeDataBase64        0000000180003020 f   raylib_wrapper.obj
 0001:00002030       RL_EndBlendMode            0000000180003030 f   raylib_wrapper.obj
 0001:00002040       RL_EndDrawing              0000000180003040 f   raylib_wrapper.obj
 0001:00002050       RL_EndMode2D               0000000180003050 f   raylib_wrapper.obj
 0001:00002060       RL_EndMode3D               0000000180003060 f   raylib_wrapper.obj
 0001:00002070       RL_EndScissorMode          0000000180003070 f   raylib_wrapper.obj
 0001:00002080       RL_EndShaderMode           0000000180003080 f   raylib_wrapper.obj
 0001:00002090       RL_EndTextureMode          0000000180003090 f   raylib_wrapper.obj
 0001:000020a0       RL_ExportDataAsCode        00000001800030a0 f   raylib_wrapper.obj
 0001:000020c0       RL_ExportFontAsCode        00000001800030c0 f   raylib_wrapper.obj
 0001:000020f0       RL_ExportImage             00000001800030f0 f   raylib_wrapper.obj
 0001:00002120       RL_ExportImageAsCode       0000000180003120 f   raylib_wrapper.obj
 0001:00002150       RL_ExportMesh              0000000180003150 f   raylib_wrapper.obj
 0001:000021b0       RL_ExportWave              00000001800031b0 f   raylib_wrapper.obj
 0001:000021e0       RL_ExportWaveAsCode        00000001800031e0 f   raylib_wrapper.obj
 0001:00002210       RL_Fade                    0000000180003210 f   raylib_wrapper.obj
 0001:00002220       RL_FileExists              0000000180003220 f   raylib_wrapper.obj
 0001:00002240       RL_GenImageCellular        0000000180003240 f   raylib_wrapper.obj
 0001:00002260       RL_GenImageChecked         0000000180003260 f   raylib_wrapper.obj
 0001:000022a0       RL_GenImageColor           00000001800032a0 f   raylib_wrapper.obj
 0001:000022c0       RL_GenImageFontAtlas       00000001800032c0 f   raylib_wrapper.obj
 0001:00002300       RL_GenImageGradientH       0000000180003300 f   raylib_wrapper.obj
 0001:00002320       RL_GenImageGradientRadial  0000000180003320 f   raylib_wrapper.obj
 0001:00002350       RL_GenImageGradientV       0000000180003350 f   raylib_wrapper.obj
 0001:00002370       RL_GenImageWhiteNoise      0000000180003370 f   raylib_wrapper.obj
 0001:00002390       RL_GenMeshCone             0000000180003390 f   raylib_wrapper.obj
 0001:000023b0       RL_GenMeshCube             00000001800033b0 f   raylib_wrapper.obj
 0001:000023d0       RL_GenMeshCubicmap         00000001800033d0 f   raylib_wrapper.obj
 0001:00002420       RL_GenMeshCylinder         0000000180003420 f   raylib_wrapper.obj
 0001:00002440       RL_GenMeshHeightmap        0000000180003440 f   raylib_wrapper.obj
 0001:00002490       RL_GenMeshHemiSphere       0000000180003490 f   raylib_wrapper.obj
 0001:000024b0       RL_GenMeshKnot             00000001800034b0 f   raylib_wrapper.obj
 0001:000024d0       RL_GenMeshPlane            00000001800034d0 f   raylib_wrapper.obj
 0001:000024f0       RL_GenMeshPoly             00000001800034f0 f   raylib_wrapper.obj
 0001:00002510       RL_GenMeshSphere           0000000180003510 f   raylib_wrapper.obj
 0001:00002530       RL_GenMeshTangents         0000000180003530 f   raylib_wrapper.obj
 0001:00002540       RL_GenMeshTorus            0000000180003540 f   raylib_wrapper.obj
 0001:00002560       RL_GenTextureMipmaps       0000000180003560 f   raylib_wrapper.obj
 0001:00002570       RL_GetApplicationDirectory 0000000180003570 f   raylib_wrapper.obj
 0001:00002580       RL_GetCameraMatrix         0000000180003580 f   raylib_wrapper.obj
 0001:000025c0       RL_GetCameraMatrix2D       00000001800035c0 f   raylib_wrapper.obj
 0001:000025f0       RL_GetCharPressed          00000001800035f0 f   raylib_wrapper.obj
 0001:00002600       RL_GetClipboardText        0000000180003600 f   raylib_wrapper.obj
 0001:00002610       RL_GetCodepoint            0000000180003610 f   raylib_wrapper.obj
 0001:00002620       RL_GetCodepointCount       0000000180003620 f   raylib_wrapper.obj
 0001:00002630       RL_GetCollisionRec         0000000180003630 f   raylib_wrapper.obj
 0001:00002670       RL_GetColor                0000000180003670 f   raylib_wrapper.obj
 0001:00002680       RL_GetCurrentMonitor       0000000180003680 f   raylib_wrapper.obj
 0001:00002690       RL_GetDirectoryPath        0000000180003690 f   raylib_wrapper.obj
 0001:000026a0       RL_GetFPS                  00000001800036a0 f   raylib_wrapper.obj
 0001:000026b0       RL_GetFileExtension        00000001800036b0 f   raylib_wrapper.obj
 0001:000026c0       RL_GetFileLength           00000001800036c0 f   raylib_wrapper.obj
 0001:000026d0       RL_GetFileModTime          00000001800036d0 f   raylib_wrapper.obj
 0001:000026e0       RL_GetFileName             00000001800036e0 f   raylib_wrapper.obj
 0001:000026f0       RL_GetFileNameWithoutExt   00000001800036f0 f   raylib_wrapper.obj
 0001:00002700       RL_GetFontDefault          0000000180003700 f   raylib_wrapper.obj
 0001:00002720       RL_GetFrameTime            0000000180003720 f   raylib_wrapper.obj
 0001:00002730       RL_GetGamepadAxisCount     0000000180003730 f   raylib_wrapper.obj
 0001:00002740       RL_GetGamepadAxisMovement  0000000180003740 f   raylib_wrapper.obj
 0001:00002750       RL_GetGamepadButtonPressed 0000000180003750 f   raylib_wrapper.obj
 0001:00002760       RL_GetGamepadName          0000000180003760 f   raylib_wrapper.obj
 0001:00002770       RL_GetGestureDetected      0000000180003770 f   raylib_wrapper.obj
 0001:00002780       RL_GetGestureDragAngle     0000000180003780 f   raylib_wrapper.obj
 0001:00002790       RL_GetGestureDragVector    0000000180003790 f   raylib_wrapper.obj
 0001:000027a0       RL_GetGestureHoldDuration  00000001800037a0 f   raylib_wrapper.obj
 0001:000027b0       RL_GetGesturePinchAngle    00000001800037b0 f   raylib_wrapper.obj
 0001:000027c0       RL_GetGesturePinchVector   00000001800037c0 f   raylib_wrapper.obj
 0001:000027d0       RL_GetGlyphAtlasRec        00000001800037d0 f   raylib_wrapper.obj
 0001:00002810       RL_GetGlyphIndex           0000000180003810 f   raylib_wrapper.obj
 0001:00002840       RL_GetGlyphInfo            0000000180003840 f   raylib_wrapper.obj
 0001:00002880       RL_GetImageAlphaBorder     0000000180003880 f   raylib_wrapper.obj
 0001:000028b0       RL_GetImageColor           00000001800038b0 f   raylib_wrapper.obj
 0001:000028e0       RL_GetKeyPressed           00000001800038e0 f   raylib_wrapper.obj
 0001:000028f0       RL_GetMeshBoundingBox      00000001800038f0 f   raylib_wrapper.obj
 0001:00002950       RL_GetModelBoundingBox     0000000180003950 f   raylib_wrapper.obj
 0001:000029c0       RL_GetMonitorCount         00000001800039c0 f   raylib_wrapper.obj
 0001:000029d0       RL_GetMonitorHeight        00000001800039d0 f   raylib_wrapper.obj
 0001:000029e0       RL_GetMonitorName          00000001800039e0 f   raylib_wrapper.obj
 0001:000029f0       RL_GetMonitorPhysicalHeight 00000001800039f0 f   raylib_wrapper.obj
 0001:00002a00       RL_GetMonitorPhysicalWidth 0000000180003a00 f   raylib_wrapper.obj
 0001:00002a10       RL_GetMonitorPosition      0000000180003a10 f   raylib_wrapper.obj
 0001:00002a20       RL_GetMonitorRefreshRate   0000000180003a20 f   raylib_wrapper.obj
 0001:00002a30       RL_GetMonitorWidth         0000000180003a30 f   raylib_wrapper.obj
 0001:00002a40       RL_GetMouseDelta           0000000180003a40 f   raylib_wrapper.obj
 0001:00002a50       RL_GetMousePosition        0000000180003a50 f   raylib_wrapper.obj
 0001:00002a60       RL_GetMouseRay             0000000180003a60 f   raylib_wrapper.obj
 0001:00002ab0       RL_GetMouseWheelMove       0000000180003ab0 f   raylib_wrapper.obj
 0001:00002ac0       RL_GetMouseWheelMoveV      0000000180003ac0 f   raylib_wrapper.obj
 0001:00002ad0       RL_GetMouseX               0000000180003ad0 f   raylib_wrapper.obj
 0001:00002ae0       RL_GetMouseY               0000000180003ae0 f   raylib_wrapper.obj
 0001:00002af0       RL_GetMusicTimeLength      0000000180003af0 f   raylib_wrapper.obj
 0001:00002b30       RL_GetMusicTimePlayed      0000000180003b30 f   raylib_wrapper.obj
 0001:00002b70       RL_GetPixelColor           0000000180003b70 f   raylib_wrapper.obj
 0001:00002b80       RL_GetPixelDataSize        0000000180003b80 f   raylib_wrapper.obj
 0001:00002b90       RL_GetPrevDirectoryPath    0000000180003b90 f   raylib_wrapper.obj
 0001:00002ba0       RL_GetRandomValue          0000000180003ba0 f   raylib_wrapper.obj
 0001:00002bb0       RL_GetRayCollisionBox      0000000180003bb0 f   raylib_wrapper.obj
 0001:00002c00       RL_GetRayCollisionMesh     0000000180003c00 f   raylib_wrapper.obj
 0001:00002cb0       RL_GetRayCollisionQuad     0000000180003cb0 f   raylib_wrapper.obj
 0001:00002d60       RL_GetRayCollisionSphere   0000000180003d60 f   raylib_wrapper.obj
 0001:00002db0       RL_GetRayCollisionTriangle 0000000180003db0 f   raylib_wrapper.obj
 0001:00002e40       RL_GetRenderHeight         0000000180003e40 f   raylib_wrapper.obj
 0001:00002e50       RL_GetRenderWidth          0000000180003e50 f   raylib_wrapper.obj
 0001:00002e60       RL_GetScreenHeight         0000000180003e60 f   raylib_wrapper.obj
 0001:00002e70       RL_GetScreenToWorld2D      0000000180003e70 f   raylib_wrapper.obj
 0001:00002ea0       RL_GetScreenWidth          0000000180003ea0 f   raylib_wrapper.obj
 0001:00002eb0       RL_GetShaderLocation       0000000180003eb0 f   raylib_wrapper.obj
 0001:00002ed0       RL_GetShaderLocationAttrib 0000000180003ed0 f   raylib_wrapper.obj
 0001:00002ef0       RL_GetSoundsPlaying        0000000180003ef0 f   raylib_wrapper.obj
 0001:00002f00       RL_GetTime                 0000000180003f00 f   raylib_wrapper.obj
 0001:00002f10       RL_GetTouchPointCount      0000000180003f10 f   raylib_wrapper.obj
 0001:00002f20       RL_GetTouchPointId         0000000180003f20 f   raylib_wrapper.obj
 0001:00002f30       RL_GetTouchPosition        0000000180003f30 f   raylib_wrapper.obj
 0001:00002f40       RL_GetTouchX               0000000180003f40 f   raylib_wrapper.obj
 0001:00002f50       RL_GetTouchY               0000000180003f50 f   raylib_wrapper.obj
 0001:00002f60       RL_GetWindowHandle         0000000180003f60 f   raylib_wrapper.obj
 0001:00002f70       RL_GetWindowPosition       0000000180003f70 f   raylib_wrapper.obj
 0001:00002f80       RL_GetWindowScaleDPI       0000000180003f80 f   raylib_wrapper.obj
 0001:00002f90       RL_GetWorkingDirectory     0000000180003f90 f   raylib_wrapper.obj
 0001:00002fa0       RL_GetWorldToScreen        0000000180003fa0 f   raylib_wrapper.obj
 0001:00002ff0       RL_GetWorldToScreen2D      0000000180003ff0 f   raylib_wrapper.obj
 0001:00003020       RL_GetWorldToScreenEx      0000000180004020 f   raylib_wrapper.obj
 0001:00003070       RL_HideCursor              0000000180004070 f   raylib_wrapper.obj
 0001:00003080       RL_ImageAlphaClear         0000000180004080 f   raylib_wrapper.obj
 0001:00003090       RL_ImageAlphaCrop          0000000180004090 f   raylib_wrapper.obj
 0001:000030a0       RL_ImageAlphaMask          00000001800040a0 f   raylib_wrapper.obj
 0001:000030d0       RL_ImageAlphaPremultiply   00000001800040d0 f   raylib_wrapper.obj
 0001:000030e0       RL_ImageClearBackground    00000001800040e0 f   raylib_wrapper.obj
 0001:000030f0       RL_ImageColorBrightness    00000001800040f0 f   raylib_wrapper.obj
 0001:00003100       RL_ImageColorContrast      0000000180004100 f   raylib_wrapper.obj
 0001:00003110       RL_ImageColorGrayscale     0000000180004110 f   raylib_wrapper.obj
 0001:00003120       RL_ImageColorInvert        0000000180004120 f   raylib_wrapper.obj
 0001:00003130       RL_ImageColorReplace       0000000180004130 f   raylib_wrapper.obj
 0001:00003140       RL_ImageColorTint          0000000180004140 f   raylib_wrapper.obj
 0001:00003150       RL_ImageCopy               0000000180004150 f   raylib_wrapper.obj
 0001:00003180       RL_ImageCrop               0000000180004180 f   raylib_wrapper.obj
 0001:000031a0       RL_ImageDither             00000001800041a0 f   raylib_wrapper.obj
 0001:000031b0       RL_ImageDraw               00000001800041b0 f   raylib_wrapper.obj
 0001:00003200       RL_ImageDrawCircle         0000000180004200 f   raylib_wrapper.obj
 0001:00003210       RL_ImageDrawCircleV        0000000180004210 f   raylib_wrapper.obj
 0001:00003220       RL_ImageDrawLine           0000000180004220 f   raylib_wrapper.obj
 0001:00003230       RL_ImageDrawLineV          0000000180004230 f   raylib_wrapper.obj
 0001:00003240       RL_ImageDrawPixel          0000000180004240 f   raylib_wrapper.obj
 0001:00003250       RL_ImageDrawPixelV         0000000180004250 f   raylib_wrapper.obj
 0001:00003260       RL_ImageDrawRectangle      0000000180004260 f   raylib_wrapper.obj
 0001:00003270       RL_ImageDrawRectangleLines 0000000180004270 f   raylib_wrapper.obj
 0001:00003290       RL_ImageDrawRectangleRec   0000000180004290 f   raylib_wrapper.obj
 0001:000032b0       RL_ImageDrawRectangleV     00000001800042b0 f   raylib_wrapper.obj
 0001:000032c0       RL_ImageDrawText           00000001800042c0 f   raylib_wrapper.obj
 0001:000032d0       RL_ImageDrawTextEx         00000001800042d0 f   raylib_wrapper.obj
 0001:00003330       RL_ImageFlipHorizontal     0000000180004330 f   raylib_wrapper.obj
 0001:00003340       RL_ImageFlipVertical       0000000180004340 f   raylib_wrapper.obj
 0001:00003350       RL_ImageFormat             0000000180004350 f   raylib_wrapper.obj
 0001:00003360       RL_ImageFromImage          0000000180004360 f   raylib_wrapper.obj
 0001:000033a0       RL_ImageMipmaps            00000001800043a0 f   raylib_wrapper.obj
 0001:000033b0       RL_ImageResize             00000001800043b0 f   raylib_wrapper.obj
 0001:000033c0       RL_ImageResizeCanvas       00000001800043c0 f   raylib_wrapper.obj
 0001:000033d0       RL_ImageResizeNN           00000001800043d0 f   raylib_wrapper.obj
 0001:000033e0       RL_ImageRotateCCW          00000001800043e0 f   raylib_wrapper.obj
 0001:000033f0       RL_ImageRotateCW           00000001800043f0 f   raylib_wrapper.obj
 0001:00003400       RL_ImageText               0000000180004400 f   raylib_wrapper.obj
 0001:00003420       RL_ImageTextEx             0000000180004420 f   raylib_wrapper.obj
 0001:00003470       RL_ImageToPOT              0000000180004470 f   raylib_wrapper.obj
 0001:00003480       RL_InitAudioDevice         0000000180004480 f   raylib_wrapper.obj
 0001:00003490       RL_InitWindow              0000000180004490 f   raylib_wrapper.obj
 0001:000034a0       RL_IsAudioDeviceReady      00000001800044a0 f   raylib_wrapper.obj
 0001:000034c0       RL_IsAudioStreamPlaying    00000001800044c0 f   raylib_wrapper.obj
 0001:000034f0       RL_IsAudioStreamProcessed  00000001800044f0 f   raylib_wrapper.obj
 0001:00003520       RL_IsCursorHidden          0000000180004520 f   raylib_wrapper.obj
 0001:00003540       RL_IsCursorOnScreen        0000000180004540 f   raylib_wrapper.obj
 0001:00003560       RL_IsFileDropped           0000000180004560 f   raylib_wrapper.obj
 0001:00003580       RL_IsFileExtension         0000000180004580 f   raylib_wrapper.obj
 0001:000035a0       RL_IsGamepadAvailable      00000001800045a0 f   raylib_wrapper.obj
 0001:000035c0       RL_IsGamepadButtonDown     00000001800045c0 f   raylib_wrapper.obj
 0001:000035e0       RL_IsGamepadButtonPressed  00000001800045e0 f   raylib_wrapper.obj
 0001:00003600       RL_IsGamepadButtonReleased 0000000180004600 f   raylib_wrapper.obj
 0001:00003620       RL_IsGamepadButtonUp       0000000180004620 f   raylib_wrapper.obj
 0001:00003640       RL_IsGestureDetected       0000000180004640 f   raylib_wrapper.obj
 0001:00003660       RL_IsKeyDown               0000000180004660 f   raylib_wrapper.obj
 0001:00003680       RL_IsKeyPressed            0000000180004680 f   raylib_wrapper.obj
 0001:000036a0       RL_IsKeyReleased           00000001800046a0 f   raylib_wrapper.obj
 0001:000036c0       RL_IsKeyUp                 00000001800046c0 f   raylib_wrapper.obj
 0001:000036e0       RL_IsModelAnimationValid   00000001800046e0 f   raylib_wrapper.obj
 0001:00003760       RL_IsMouseButtonDown       0000000180004760 f   raylib_wrapper.obj
 0001:00003780       RL_IsMouseButtonPressed    0000000180004780 f   raylib_wrapper.obj
 0001:000037a0       RL_IsMouseButtonReleased   00000001800047a0 f   raylib_wrapper.obj
 0001:000037c0       RL_IsMouseButtonUp         00000001800047c0 f   raylib_wrapper.obj
 0001:000037e0       RL_IsMusicStreamPlaying    00000001800047e0 f   raylib_wrapper.obj
 0001:00003820       RL_IsPathFile              0000000180004820 f   raylib_wrapper.obj
 0001:00003840       RL_IsSoundPlaying          0000000180004840 f   raylib_wrapper.obj
 0001:00003880       RL_IsWindowFocused         0000000180004880 f   raylib_wrapper.obj
 0001:000038a0       RL_IsWindowFullscreen      00000001800048a0 f   raylib_wrapper.obj
 0001:000038c0       RL_IsWindowHidden          00000001800048c0 f   raylib_wrapper.obj
 0001:000038e0       RL_IsWindowMaximized       00000001800048e0 f   raylib_wrapper.obj
 0001:00003900       RL_IsWindowMinimized       0000000180004900 f   raylib_wrapper.obj
 0001:00003920       RL_IsWindowReady           0000000180004920 f   raylib_wrapper.obj
 0001:00003940       RL_IsWindowResized         0000000180004940 f   raylib_wrapper.obj
 0001:00003960       RL_IsWindowState           0000000180004960 f   raylib_wrapper.obj
 0001:00003980       RL_LoadAudioStream         0000000180004980 f   raylib_wrapper.obj
 0001:000039a0       RL_LoadCodepoints          00000001800049a0 f   raylib_wrapper.obj
 0001:000039b0       RL_LoadDirectoryFiles      00000001800049b0 f   raylib_wrapper.obj
 0001:000039d0       RL_LoadDirectoryFilesEx    00000001800049d0 f   raylib_wrapper.obj
 0001:000039f0       RL_LoadDroppedFiles        00000001800049f0 f   raylib_wrapper.obj
 0001:00003a10       RL_LoadFileData            0000000180004a10 f   raylib_wrapper.obj
 0001:00003a20       RL_LoadFileText            0000000180004a20 f   raylib_wrapper.obj
 0001:00003a30       RL_LoadFont                0000000180004a30 f   raylib_wrapper.obj
 0001:00003a50       RL_LoadFontData            0000000180004a50 f   raylib_wrapper.obj
 0001:00003a60       RL_LoadFontEx              0000000180004a60 f   raylib_wrapper.obj
 0001:00003a80       RL_LoadFontFromImage       0000000180004a80 f   raylib_wrapper.obj
 0001:00003ab0       RL_LoadFontFromMemory      0000000180004ab0 f   raylib_wrapper.obj
 0001:00003af0       RL_LoadImage               0000000180004af0 f   raylib_wrapper.obj
 0001:00003b10       RL_LoadImageAnim           0000000180004b10 f   raylib_wrapper.obj
 0001:00003b30       RL_LoadImageColors         0000000180004b30 f   raylib_wrapper.obj
 0001:00003b60       RL_LoadImageFromMemory     0000000180004b60 f   raylib_wrapper.obj
 0001:00003b80       RL_LoadImageFromScreen     0000000180004b80 f   raylib_wrapper.obj
 0001:00003ba0       RL_LoadImageFromTexture    0000000180004ba0 f   raylib_wrapper.obj
 0001:00003bd0       RL_LoadImagePalette        0000000180004bd0 f   raylib_wrapper.obj
 0001:00003c00       RL_LoadImageRaw            0000000180004c00 f   raylib_wrapper.obj
 0001:00003c30       RL_LoadMaterialDefault     0000000180004c30 f   raylib_wrapper.obj
 0001:00003c50       RL_LoadMaterials           0000000180004c50 f   raylib_wrapper.obj
 0001:00003c60       RL_LoadModel               0000000180004c60 f   raylib_wrapper.obj
 0001:00003c80       RL_LoadModelAnimations     0000000180004c80 f   raylib_wrapper.obj
 0001:00003c90       RL_LoadModelFromMesh       0000000180004c90 f   raylib_wrapper.obj
 0001:00003cf0       RL_LoadMusicStream         0000000180004cf0 f   raylib_wrapper.obj
 0001:00003d10       RL_LoadMusicStreamFromMemory 0000000180004d10 f   raylib_wrapper.obj
 0001:00003d30       RL_LoadRenderTexture       0000000180004d30 f   raylib_wrapper.obj
 0001:00003d50       RL_LoadShader              0000000180004d50 f   raylib_wrapper.obj
 0001:00003d70       RL_LoadShaderFromMemory    0000000180004d70 f   raylib_wrapper.obj
 0001:00003d90       RL_LoadSound               0000000180004d90 f   raylib_wrapper.obj
 0001:00003db0       RL_LoadSoundFromWave       0000000180004db0 f   raylib_wrapper.obj
 0001:00003de0       RL_LoadTexture             0000000180004de0 f   raylib_wrapper.obj
 0001:00003e00       RL_LoadTextureCubemap      0000000180004e00 f   raylib_wrapper.obj
 0001:00003e30       RL_LoadTextureFromImage    0000000180004e30 f   raylib_wrapper.obj
 0001:00003e60       RL_LoadWave                0000000180004e60 f   raylib_wrapper.obj
 0001:00003e80       RL_LoadWaveFromMemory      0000000180004e80 f   raylib_wrapper.obj
 0001:00003ea0       RL_LoadWaveSamples         0000000180004ea0 f   raylib_wrapper.obj
 0001:00003ed0       RL_MaximizeWindow          0000000180004ed0 f   raylib_wrapper.obj
 0001:00003ee0       RL_MeasureText             0000000180004ee0 f   raylib_wrapper.obj
 0001:00003ef0       RL_MeasureTextEx           0000000180004ef0 f   raylib_wrapper.obj
 0001:00003f20       RL_MemAlloc                0000000180004f20 f   raylib_wrapper.obj
 0001:00003f30       RL_MemFree                 0000000180004f30 f   raylib_wrapper.obj
 0001:00003f40       RL_MemRealloc              0000000180004f40 f   raylib_wrapper.obj
 0001:00003f50       RL_MinimizeWindow          0000000180004f50 f   raylib_wrapper.obj
 0001:00003f60       RL_OpenURL                 0000000180004f60 f   raylib_wrapper.obj
 0001:00003f70       RL_PauseAudioStream        0000000180004f70 f   raylib_wrapper.obj
 0001:00003fa0       RL_PauseMusicStream        0000000180004fa0 f   raylib_wrapper.obj
 0001:00003fe0       RL_PauseSound              0000000180004fe0 f   raylib_wrapper.obj
 0001:00004010       RL_PlayAudioStream         0000000180005010 f   raylib_wrapper.obj
 0001:00004040       RL_PlayMusicStream         0000000180005040 f   raylib_wrapper.obj
 0001:00004080       RL_PlaySound               0000000180005080 f   raylib_wrapper.obj
 0001:000040b0       RL_PlaySoundMulti          00000001800050b0 f   raylib_wrapper.obj
 0001:000040e0       RL_PollInputEvents         00000001800050e0 f   raylib_wrapper.obj
 0001:000040f0       RL_RestoreWindow           00000001800050f0 f   raylib_wrapper.obj
 0001:00004100       RL_ResumeAudioStream       0000000180005100 f   raylib_wrapper.obj
 0001:00004130       RL_ResumeMusicStream       0000000180005130 f   raylib_wrapper.obj
 0001:00004170       RL_ResumeSound             0000000180005170 f   raylib_wrapper.obj
 0001:000041a0       RL_SaveFileData            00000001800051a0 f   raylib_wrapper.obj
 0001:000041c0       RL_SaveFileText            00000001800051c0 f   raylib_wrapper.obj
 0001:000041e0       RL_SeekMusicStream         00000001800051e0 f   raylib_wrapper.obj
 0001:00004220       RL_SetAudioStreamBufferSizeDefault 0000000180005220 f   raylib_wrapper.obj
 0001:00004230       RL_SetAudioStreamCallback  0000000180005230 f   raylib_wrapper.obj
 0001:00004260       RL_SetAudioStreamPan       0000000180005260 f   raylib_wrapper.obj
 0001:00004290       RL_SetAudioStreamPitch     0000000180005290 f   raylib_wrapper.obj
 0001:000042c0       RL_SetAudioStreamVolume    00000001800052c0 f   raylib_wrapper.obj
 0001:000042f0       RL_SetCameraAltControl     00000001800052f0 f   raylib_wrapper.obj
 0001:00004300       RL_SetCameraMode           0000000180005300 f   raylib_wrapper.obj
 0001:00004340       RL_SetCameraMoveControls   0000000180005340 f   raylib_wrapper.obj
 0001:00004350       RL_SetCameraPanControl     0000000180005350 f   raylib_wrapper.obj
 0001:00004360       RL_SetCameraSmoothZoomControl 0000000180005360 f   raylib_wrapper.obj
 0001:00004370       RL_SetClipboardText        0000000180005370 f   raylib_wrapper.obj
 0001:00004380       RL_SetConfigFlags          0000000180005380 f   raylib_wrapper.obj
 0001:00004390       RL_SetExitKey              0000000180005390 f   raylib_wrapper.obj
 0001:000043a0       RL_SetGamepadMappings      00000001800053a0 f   raylib_wrapper.obj
 0001:000043b0       RL_SetGesturesEnabled      00000001800053b0 f   raylib_wrapper.obj
 0001:000043c0       RL_SetMasterVolume         00000001800053c0 f   raylib_wrapper.obj
 0001:000043d0       RL_SetMaterialTexture      00000001800053d0 f   raylib_wrapper.obj
 0001:00004400       RL_SetModelMeshMaterial    0000000180005400 f   raylib_wrapper.obj
 0001:00004410       RL_SetMouseCursor          0000000180005410 f   raylib_wrapper.obj
 0001:00004420       RL_SetMouseOffset          0000000180005420 f   raylib_wrapper.obj
 0001:00004430       RL_SetMousePosition        0000000180005430 f   raylib_wrapper.obj
 0001:00004440       RL_SetMouseScale           0000000180005440 f   raylib_wrapper.obj
 0001:00004450       RL_SetMusicPan             0000000180005450 f   raylib_wrapper.obj
 0001:00004490       RL_SetMusicPitch           0000000180005490 f   raylib_wrapper.obj
 0001:000044d0       RL_SetMusicVolume          00000001800054d0 f   raylib_wrapper.obj
 0001:00004510       RL_SetPixelColor           0000000180005510 f   raylib_wrapper.obj
 0001:00004520       RL_SetRandomSeed           0000000180005520 f   raylib_wrapper.obj
 0001:00004530       RL_SetShaderValue          0000000180005530 f   raylib_wrapper.obj
 0001:00004550       RL_SetShaderValueMatrix    0000000180005550 f   raylib_wrapper.obj
 0001:000045a0       RL_SetShaderValueTexture   00000001800055a0 f   raylib_wrapper.obj
 0001:000045e0       RL_SetShaderValueV         00000001800055e0 f   raylib_wrapper.obj
 0001:00004610       RL_SetShapesTexture        0000000180005610 f   raylib_wrapper.obj
 0001:00004640       RL_SetSoundPan             0000000180005640 f   raylib_wrapper.obj
 0001:00004670       RL_SetSoundPitch           0000000180005670 f   raylib_wrapper.obj
 0001:000046a0       RL_SetSoundVolume          00000001800056a0 f   raylib_wrapper.obj
 0001:000046d0       RL_SetTargetFPS            00000001800056d0 f   raylib_wrapper.obj
 0001:000046e0       RL_SetTextureFilter        00000001800056e0 f   raylib_wrapper.obj
 0001:00004710       RL_SetTextureWrap          0000000180005710 f   raylib_wrapper.obj
 0001:00004740       RL_SetTraceLogCallback     0000000180005740 f   raylib_wrapper.obj
 0001:00004750       RL_SetTraceLogLevel        0000000180005750 f   raylib_wrapper.obj
 0001:00004760       RL_SetWindowIcon           0000000180005760 f   raylib_wrapper.obj
 0001:00004790       RL_SetWindowMinSize        0000000180005790 f   raylib_wrapper.obj
 0001:000047a0       RL_SetWindowMonitor        00000001800057a0 f   raylib_wrapper.obj
 0001:000047b0       RL_SetWindowOpacity        00000001800057b0 f   raylib_wrapper.obj
 0001:000047c0       RL_SetWindowPosition       00000001800057c0 f   raylib_wrapper.obj
 0001:000047d0       RL_SetWindowSize           00000001800057d0 f   raylib_wrapper.obj
 0001:000047e0       RL_SetWindowState          00000001800057e0 f   raylib_wrapper.obj
 0001:000047f0       RL_SetWindowTitle          00000001800057f0 f   raylib_wrapper.obj
 0001:00004800       RL_ShowCursor              0000000180005800 f   raylib_wrapper.obj
 0001:00004810       RL_StopAudioStream         0000000180005810 f   raylib_wrapper.obj
 0001:00004840       RL_StopMusicStream         0000000180005840 f   raylib_wrapper.obj
 0001:00004880       RL_StopSound               0000000180005880 f   raylib_wrapper.obj
 0001:000048b0       RL_StopSoundMulti          00000001800058b0 f   raylib_wrapper.obj
 0001:000048c0       RL_SwapScreenBuffer        00000001800058c0 f   raylib_wrapper.obj
 0001:000048d0       RL_TakeScreenshot          00000001800058d0 f   raylib_wrapper.obj
 0001:000048e0       RL_TextAppend              00000001800058e0 f   raylib_wrapper.obj
 0001:000048f0       RL_TextCodepointsToUTF8    00000001800058f0 f   raylib_wrapper.obj
 0001:00004900       RL_TextCopy                0000000180005900 f   raylib_wrapper.obj
 0001:00004910       RL_TextFindIndex           0000000180005910 f   raylib_wrapper.obj
 0001:00004920       RL_TextInsert              0000000180005920 f   raylib_wrapper.obj
 0001:00004930       RL_TextIsEqual             0000000180005930 f   raylib_wrapper.obj
 0001:00004950       RL_TextJoin                0000000180005950 f   raylib_wrapper.obj
 0001:00004960       RL_TextLength              0000000180005960 f   raylib_wrapper.obj
 0001:00004970       RL_TextReplace             0000000180005970 f   raylib_wrapper.obj
 0001:00004980       RL_TextSplit               0000000180005980 f   raylib_wrapper.obj
 0001:00004990       RL_TextSubtext             0000000180005990 f   raylib_wrapper.obj
 0001:000049a0       RL_TextToInteger           00000001800059a0 f   raylib_wrapper.obj
 0001:000049b0       RL_TextToLower             00000001800059b0 f   raylib_wrapper.obj
 0001:000049c0       RL_TextToPascal            00000001800059c0 f   raylib_wrapper.obj
 0001:000049d0       RL_TextToUpper             00000001800059d0 f   raylib_wrapper.obj
 0001:000049e0       RL_ToggleFullscreen        00000001800059e0 f   raylib_wrapper.obj
 0001:000049f0       RL_UnloadAudioStream       00000001800059f0 f   raylib_wrapper.obj
 0001:00004a20       RL_UnloadCodepoints        0000000180005a20 f   raylib_wrapper.obj
 0001:00004a30       RL_UnloadDirectoryFiles    0000000180005a30 f   raylib_wrapper.obj
 0001:00004a50       RL_UnloadDroppedFiles      0000000180005a50 f   raylib_wrapper.obj
 0001:00004a70       RL_UnloadFileData          0000000180005a70 f   raylib_wrapper.obj
 0001:00004a80       RL_UnloadFileText          0000000180005a80 f   raylib_wrapper.obj
 0001:00004a90       RL_UnloadFont              0000000180005a90 f   raylib_wrapper.obj
 0001:00004ac0       RL_UnloadFontData          0000000180005ac0 f   raylib_wrapper.obj
 0001:00004ad0       RL_UnloadImage             0000000180005ad0 f   raylib_wrapper.obj
 0001:00004b00       RL_UnloadImageColors       0000000180005b00 f   raylib_wrapper.obj
 0001:00004b10       RL_UnloadImagePalette      0000000180005b10 f   raylib_wrapper.obj
 0001:00004b20       RL_UnloadMaterial          0000000180005b20 f   raylib_wrapper.obj
 0001:00004b50       RL_UnloadMesh              0000000180005b50 f   raylib_wrapper.obj
 0001:00004bb0       RL_UnloadModel             0000000180005bb0 f   raylib_wrapper.obj
 0001:00004c10       RL_UnloadModelAnimation    0000000180005c10 f   raylib_wrapper.obj
 0001:00004c40       RL_UnloadModelAnimations   0000000180005c40 f   raylib_wrapper.obj
 0001:00004c50       RL_UnloadModelKeepMeshes   0000000180005c50 f   raylib_wrapper.obj
 0001:00004cb0       RL_UnloadMusicStream       0000000180005cb0 f   raylib_wrapper.obj
 0001:00004cf0       RL_UnloadRenderTexture     0000000180005cf0 f   raylib_wrapper.obj
 0001:00004d30       RL_UnloadShader            0000000180005d30 f   raylib_wrapper.obj
 0001:00004d50       RL_UnloadSound             0000000180005d50 f   raylib_wrapper.obj
 0001:00004d80       RL_UnloadTexture           0000000180005d80 f   raylib_wrapper.obj
 0001:00004db0       RL_UnloadWave              0000000180005db0 f   raylib_wrapper.obj
 0001:00004de0       RL_UnloadWaveSamples       0000000180005de0 f   raylib_wrapper.obj
 0001:00004df0       RL_UpdateAudioStream       0000000180005df0 f   raylib_wrapper.obj
 0001:00004e20       RL_UpdateCamera            0000000180005e20 f   raylib_wrapper.obj
 0001:00004e30       RL_UpdateMeshBuffer        0000000180005e30 f   raylib_wrapper.obj
 0001:00004e90       RL_UpdateModelAnimation    0000000180005e90 f   raylib_wrapper.obj
 0001:00004f10       RL_UpdateMusicStream       0000000180005f10 f   raylib_wrapper.obj
 0001:00004f50       RL_UpdateSound             0000000180005f50 f   raylib_wrapper.obj
 0001:00004f80       RL_UpdateTexture           0000000180005f80 f   raylib_wrapper.obj
 0001:00004fb0       RL_UpdateTextureRec        0000000180005fb0 f   raylib_wrapper.obj
 0001:00004fe0       RL_UploadMesh              0000000180005fe0 f   raylib_wrapper.obj
 0001:00004ff0       RL_WaitTime                0000000180005ff0 f   raylib_wrapper.obj
 0001:00005000       RL_WaveCopy                0000000180006000 f   raylib_wrapper.obj
 0001:00005030       RL_WaveCrop                0000000180006030 f   raylib_wrapper.obj
 0001:00005040       RL_WaveFormat              0000000180006040 f   raylib_wrapper.obj
 0001:00005050       RL_WindowShouldClose       0000000180006050 f   raylib_wrapper.obj
 0001:00005061       InitWindow                 0000000180006061 f   raylib:raylib.dll
 0001:00005067       WindowShouldClose          0000000180006067 f   raylib:raylib.dll
 0001:0000506d       CloseWindow                000000018000606d f   raylib:raylib.dll
 0001:00005073       IsWindowReady              0000000180006073 f   raylib:raylib.dll
 0001:00005079       IsWindowFullscreen         0000000180006079 f   raylib:raylib.dll
 0001:0000507f       IsWindowHidden             000000018000607f f   raylib:raylib.dll
 0001:00005085       IsWindowMinimized          0000000180006085 f   raylib:raylib.dll
 0001:0000508b       IsWindowMaximized          000000018000608b f   raylib:raylib.dll
 0001:00005091       IsWindowFocused            0000000180006091 f   raylib:raylib.dll
 0001:00005097       IsWindowResized            0000000180006097 f   raylib:raylib.dll
 0001:0000509d       IsWindowState              000000018000609d f   raylib:raylib.dll
 0001:000050a3       SetWindowState             00000001800060a3 f   raylib:raylib.dll
 0001:000050a9       ClearWindowState           00000001800060a9 f   raylib:raylib.dll
 0001:000050af       ToggleFullscreen           00000001800060af f   raylib:raylib.dll
 0001:000050b5       MaximizeWindow             00000001800060b5 f   raylib:raylib.dll
 0001:000050bb       MinimizeWindow             00000001800060bb f   raylib:raylib.dll
 0001:000050c1       RestoreWindow              00000001800060c1 f   raylib:raylib.dll
 0001:000050c7       SetWindowIcon              00000001800060c7 f   raylib:raylib.dll
 0001:000050cd       SetWindowTitle             00000001800060cd f   raylib:raylib.dll
 0001:000050d3       SetWindowPosition          00000001800060d3 f   raylib:raylib.dll
 0001:000050d9       SetWindowMonitor           00000001800060d9 f   raylib:raylib.dll
 0001:000050df       SetWindowMinSize           00000001800060df f   raylib:raylib.dll
 0001:000050e5       SetWindowSize              00000001800060e5 f   raylib:raylib.dll
 0001:000050eb       SetWindowOpacity           00000001800060eb f   raylib:raylib.dll
 0001:000050f1       GetWindowHandle            00000001800060f1 f   raylib:raylib.dll
 0001:000050f7       GetScreenWidth             00000001800060f7 f   raylib:raylib.dll
 0001:000050fd       GetScreenHeight            00000001800060fd f   raylib:raylib.dll
 0001:00005103       GetRenderWidth             0000000180006103 f   raylib:raylib.dll
 0001:00005109       GetRenderHeight            0000000180006109 f   raylib:raylib.dll
 0001:0000510f       GetMonitorCount            000000018000610f f   raylib:raylib.dll
 0001:00005115       GetCurrentMonitor          0000000180006115 f   raylib:raylib.dll
 0001:0000511b       GetMonitorPosition         000000018000611b f   raylib:raylib.dll
 0001:00005121       GetMonitorWidth            0000000180006121 f   raylib:raylib.dll
 0001:00005127       GetMonitorHeight           0000000180006127 f   raylib:raylib.dll
 0001:0000512d       GetMonitorPhysicalWidth    000000018000612d f   raylib:raylib.dll
 0001:00005133       GetMonitorPhysicalHeight   0000000180006133 f   raylib:raylib.dll
 0001:00005139       GetMonitorRefreshRate      0000000180006139 f   raylib:raylib.dll
 0001:0000513f       GetWindowPosition          000000018000613f f   raylib:raylib.dll
 0001:00005145       GetWindowScaleDPI          0000000180006145 f   raylib:raylib.dll
 0001:0000514b       GetMonitorName             000000018000614b f   raylib:raylib.dll
 0001:00005151       SetClipboardText           0000000180006151 f   raylib:raylib.dll
 0001:00005157       GetClipboardText           0000000180006157 f   raylib:raylib.dll
 0001:0000515d       EnableEventWaiting         000000018000615d f   raylib:raylib.dll
 0001:00005163       DisableEventWaiting        0000000180006163 f   raylib:raylib.dll
 0001:00005169       SwapScreenBuffer           0000000180006169 f   raylib:raylib.dll
 0001:0000516f       PollInputEvents            000000018000616f f   raylib:raylib.dll
 0001:00005175       WaitTime                   0000000180006175 f   raylib:raylib.dll
 0001:0000517b       ShowCursor                 000000018000617b f   raylib:raylib.dll
 0001:00005181       HideCursor                 0000000180006181 f   raylib:raylib.dll
 0001:00005187       IsCursorHidden             0000000180006187 f   raylib:raylib.dll
 0001:0000518d       EnableCursor               000000018000618d f   raylib:raylib.dll
 0001:00005193       DisableCursor              0000000180006193 f   raylib:raylib.dll
 0001:00005199       IsCursorOnScreen           0000000180006199 f   raylib:raylib.dll
 0001:0000519f       ClearBackground            000000018000619f f   raylib:raylib.dll
 0001:000051a5       BeginDrawing               00000001800061a5 f   raylib:raylib.dll
 0001:000051ab       EndDrawing                 00000001800061ab f   raylib:raylib.dll
 0001:000051b1       BeginMode2D                00000001800061b1 f   raylib:raylib.dll
 0001:000051b7       EndMode2D                  00000001800061b7 f   raylib:raylib.dll
 0001:000051bd       BeginMode3D                00000001800061bd f   raylib:raylib.dll
 0001:000051c3       EndMode3D                  00000001800061c3 f   raylib:raylib.dll
 0001:000051c9       BeginTextureMode           00000001800061c9 f   raylib:raylib.dll
 0001:000051cf       EndTextureMode             00000001800061cf f   raylib:raylib.dll
 0001:000051d5       BeginShaderMode            00000001800061d5 f   raylib:raylib.dll
 0001:000051db       EndShaderMode              00000001800061db f   raylib:raylib.dll
 0001:000051e1       BeginBlendMode             00000001800061e1 f   raylib:raylib.dll
 0001:000051e7       EndBlendMode               00000001800061e7 f   raylib:raylib.dll
 0001:000051ed       BeginScissorMode           00000001800061ed f   raylib:raylib.dll
 0001:000051f3       EndScissorMode             00000001800061f3 f   raylib:raylib.dll
 0001:000051f9       LoadShader                 00000001800061f9 f   raylib:raylib.dll
 0001:000051ff       LoadShaderFromMemory       00000001800061ff f   raylib:raylib.dll
 0001:00005205       GetShaderLocation          0000000180006205 f   raylib:raylib.dll
 0001:0000520b       GetShaderLocationAttrib    000000018000620b f   raylib:raylib.dll
 0001:00005211       SetShaderValue             0000000180006211 f   raylib:raylib.dll
 0001:00005217       SetShaderValueV            0000000180006217 f   raylib:raylib.dll
 0001:0000521d       SetShaderValueMatrix       000000018000621d f   raylib:raylib.dll
 0001:00005223       SetShaderValueTexture      0000000180006223 f   raylib:raylib.dll
 0001:00005229       UnloadShader               0000000180006229 f   raylib:raylib.dll
 0001:0000522f       GetMouseRay                000000018000622f f   raylib:raylib.dll
 0001:00005235       GetCameraMatrix            0000000180006235 f   raylib:raylib.dll
 0001:0000523b       GetCameraMatrix2D          000000018000623b f   raylib:raylib.dll
 0001:00005241       GetWorldToScreen           0000000180006241 f   raylib:raylib.dll
 0001:00005247       GetScreenToWorld2D         0000000180006247 f   raylib:raylib.dll
 0001:0000524d       GetWorldToScreenEx         000000018000624d f   raylib:raylib.dll
 0001:00005253       GetWorldToScreen2D         0000000180006253 f   raylib:raylib.dll
 0001:00005259       SetTargetFPS               0000000180006259 f   raylib:raylib.dll
 0001:0000525f       GetFPS                     000000018000625f f   raylib:raylib.dll
 0001:00005265       GetFrameTime               0000000180006265 f   raylib:raylib.dll
 0001:0000526b       GetTime                    000000018000626b f   raylib:raylib.dll
 0001:00005271       GetRandomValue             0000000180006271 f   raylib:raylib.dll
 0001:00005277       SetRandomSeed              0000000180006277 f   raylib:raylib.dll
 0001:0000527d       TakeScreenshot             000000018000627d f   raylib:raylib.dll
 0001:00005283       SetConfigFlags             0000000180006283 f   raylib:raylib.dll
 0001:00005289       SetTraceLogLevel           0000000180006289 f   raylib:raylib.dll
 0001:0000528f       MemAlloc                   000000018000628f f   raylib:raylib.dll
 0001:00005295       MemRealloc                 0000000180006295 f   raylib:raylib.dll
 0001:0000529b       MemFree                    000000018000629b f   raylib:raylib.dll
 0001:000052a1       OpenURL                    00000001800062a1 f   raylib:raylib.dll
 0001:000052a7       SetTraceLogCallback        00000001800062a7 f   raylib:raylib.dll
 0001:000052ad       LoadFileData               00000001800062ad f   raylib:raylib.dll
 0001:000052b3       UnloadFileData             00000001800062b3 f   raylib:raylib.dll
 0001:000052b9       SaveFileData               00000001800062b9 f   raylib:raylib.dll
 0001:000052bf       ExportDataAsCode           00000001800062bf f   raylib:raylib.dll
 0001:000052c5       LoadFileText               00000001800062c5 f   raylib:raylib.dll
 0001:000052cb       UnloadFileText             00000001800062cb f   raylib:raylib.dll
 0001:000052d1       SaveFileText               00000001800062d1 f   raylib:raylib.dll
 0001:000052d7       FileExists                 00000001800062d7 f   raylib:raylib.dll
 0001:000052dd       DirectoryExists            00000001800062dd f   raylib:raylib.dll
 0001:000052e3       IsFileExtension            00000001800062e3 f   raylib:raylib.dll
 0001:000052e9       GetFileLength              00000001800062e9 f   raylib:raylib.dll
 0001:000052ef       GetFileExtension           00000001800062ef f   raylib:raylib.dll
 0001:000052f5       GetFileName                00000001800062f5 f   raylib:raylib.dll
 0001:000052fb       GetFileNameWithoutExt      00000001800062fb f   raylib:raylib.dll
 0001:00005301       GetDirectoryPath           0000000180006301 f   raylib:raylib.dll
 0001:00005307       GetPrevDirectoryPath       0000000180006307 f   raylib:raylib.dll
 0001:0000530d       GetWorkingDirectory        000000018000630d f   raylib:raylib.dll
 0001:00005313       GetApplicationDirectory    0000000180006313 f   raylib:raylib.dll
 0001:00005319       ChangeDirectory            0000000180006319 f   raylib:raylib.dll
 0001:0000531f       IsPathFile                 000000018000631f f   raylib:raylib.dll
 0001:00005325       LoadDirectoryFiles         0000000180006325 f   raylib:raylib.dll
 0001:0000532b       LoadDirectoryFilesEx       000000018000632b f   raylib:raylib.dll
 0001:00005331       UnloadDirectoryFiles       0000000180006331 f   raylib:raylib.dll
 0001:00005337       IsFileDropped              0000000180006337 f   raylib:raylib.dll
 0001:0000533d       LoadDroppedFiles           000000018000633d f   raylib:raylib.dll
 0001:00005343       UnloadDroppedFiles         0000000180006343 f   raylib:raylib.dll
 0001:00005349       GetFileModTime             0000000180006349 f   raylib:raylib.dll
 0001:0000534f       CompressData               000000018000634f f   raylib:raylib.dll
 0001:00005355       DecompressData             0000000180006355 f   raylib:raylib.dll
 0001:0000535b       EncodeDataBase64           000000018000635b f   raylib:raylib.dll
 0001:00005361       DecodeDataBase64           0000000180006361 f   raylib:raylib.dll
 0001:00005367       IsKeyPressed               0000000180006367 f   raylib:raylib.dll
 0001:0000536d       IsKeyDown                  000000018000636d f   raylib:raylib.dll
 0001:00005373       IsKeyReleased              0000000180006373 f   raylib:raylib.dll
 0001:00005379       IsKeyUp                    0000000180006379 f   raylib:raylib.dll
 0001:0000537f       SetExitKey                 000000018000637f f   raylib:raylib.dll
 0001:00005385       GetKeyPressed              0000000180006385 f   raylib:raylib.dll
 0001:0000538b       GetCharPressed             000000018000638b f   raylib:raylib.dll
 0001:00005391       IsGamepadAvailable         0000000180006391 f   raylib:raylib.dll
 0001:00005397       GetGamepadName             0000000180006397 f   raylib:raylib.dll
 0001:0000539d       IsGamepadButtonPressed     000000018000639d f   raylib:raylib.dll
 0001:000053a3       IsGamepadButtonDown        00000001800063a3 f   raylib:raylib.dll
 0001:000053a9       IsGamepadButtonReleased    00000001800063a9 f   raylib:raylib.dll
 0001:000053af       IsGamepadButtonUp          00000001800063af f   raylib:raylib.dll
 0001:000053b5       GetGamepadButtonPressed    00000001800063b5 f   raylib:raylib.dll
 0001:000053bb       GetGamepadAxisCount        00000001800063bb f   raylib:raylib.dll
 0001:000053c1       GetGamepadAxisMovement     00000001800063c1 f   raylib:raylib.dll
 0001:000053c7       SetGamepadMappings         00000001800063c7 f   raylib:raylib.dll
 0001:000053cd       IsMouseButtonPressed       00000001800063cd f   raylib:raylib.dll
 0001:000053d3       IsMouseButtonDown          00000001800063d3 f   raylib:raylib.dll
 0001:000053d9       IsMouseButtonReleased      00000001800063d9 f   raylib:raylib.dll
 0001:000053df       IsMouseButtonUp            00000001800063df f   raylib:raylib.dll
 0001:000053e5       GetMouseX                  00000001800063e5 f   raylib:raylib.dll
 0001:000053eb       GetMouseY                  00000001800063eb f   raylib:raylib.dll
 0001:000053f1       GetMousePosition           00000001800063f1 f   raylib:raylib.dll
 0001:000053f7       GetMouseDelta              00000001800063f7 f   raylib:raylib.dll
 0001:000053fd       SetMousePosition           00000001800063fd f   raylib:raylib.dll
 0001:00005403       SetMouseOffset             0000000180006403 f   raylib:raylib.dll
 0001:00005409       SetMouseScale              0000000180006409 f   raylib:raylib.dll
 0001:0000540f       GetMouseWheelMove          000000018000640f f   raylib:raylib.dll
 0001:00005415       GetMouseWheelMoveV         0000000180006415 f   raylib:raylib.dll
 0001:0000541b       SetMouseCursor             000000018000641b f   raylib:raylib.dll
 0001:00005421       GetTouchX                  0000000180006421 f   raylib:raylib.dll
 0001:00005427       GetTouchY                  0000000180006427 f   raylib:raylib.dll
 0001:0000542d       GetTouchPosition           000000018000642d f   raylib:raylib.dll
 0001:00005433       GetTouchPointId            0000000180006433 f   raylib:raylib.dll
 0001:00005439       GetTouchPointCount         0000000180006439 f   raylib:raylib.dll
 0001:0000543f       SetGesturesEnabled         000000018000643f f   raylib:raylib.dll
 0001:00005445       IsGestureDetected          0000000180006445 f   raylib:raylib.dll
 0001:0000544b       GetGestureDetected         000000018000644b f   raylib:raylib.dll
 0001:00005451       GetGestureHoldDuration     0000000180006451 f   raylib:raylib.dll
 0001:00005457       GetGestureDragVector       0000000180006457 f   raylib:raylib.dll
 0001:0000545d       GetGestureDragAngle        000000018000645d f   raylib:raylib.dll
 0001:00005463       GetGesturePinchVector      0000000180006463 f   raylib:raylib.dll
 0001:00005469       GetGesturePinchAngle       0000000180006469 f   raylib:raylib.dll
 0001:0000546f       SetCameraMode              000000018000646f f   raylib:raylib.dll
 0001:00005475       UpdateCamera               0000000180006475 f   raylib:raylib.dll
 0001:0000547b       SetCameraPanControl        000000018000647b f   raylib:raylib.dll
 0001:00005481       SetCameraAltControl        0000000180006481 f   raylib:raylib.dll
 0001:00005487       SetCameraSmoothZoomControl 0000000180006487 f   raylib:raylib.dll
 0001:0000548d       SetCameraMoveControls      000000018000648d f   raylib:raylib.dll
 0001:00005493       SetShapesTexture           0000000180006493 f   raylib:raylib.dll
 0001:00005499       DrawPixel                  0000000180006499 f   raylib:raylib.dll
 0001:0000549f       DrawPixelV                 000000018000649f f   raylib:raylib.dll
 0001:000054a5       DrawLine                   00000001800064a5 f   raylib:raylib.dll
 0001:000054ab       DrawLineV                  00000001800064ab f   raylib:raylib.dll
 0001:000054b1       DrawLineEx                 00000001800064b1 f   raylib:raylib.dll
 0001:000054b7       DrawLineBezier             00000001800064b7 f   raylib:raylib.dll
 0001:000054bd       DrawLineBezierQuad         00000001800064bd f   raylib:raylib.dll
 0001:000054c3       DrawLineBezierCubic        00000001800064c3 f   raylib:raylib.dll
 0001:000054c9       DrawLineStrip              00000001800064c9 f   raylib:raylib.dll
 0001:000054cf       DrawCircle                 00000001800064cf f   raylib:raylib.dll
 0001:000054d5       DrawCircleSector           00000001800064d5 f   raylib:raylib.dll
 0001:000054db       DrawCircleSectorLines      00000001800064db f   raylib:raylib.dll
 0001:000054e1       DrawCircleGradient         00000001800064e1 f   raylib:raylib.dll
 0001:000054e7       DrawCircleV                00000001800064e7 f   raylib:raylib.dll
 0001:000054ed       DrawCircleLines            00000001800064ed f   raylib:raylib.dll
 0001:000054f3       DrawEllipse                00000001800064f3 f   raylib:raylib.dll
 0001:000054f9       DrawEllipseLines           00000001800064f9 f   raylib:raylib.dll
 0001:000054ff       DrawRing                   00000001800064ff f   raylib:raylib.dll
 0001:00005505       DrawRingLines              0000000180006505 f   raylib:raylib.dll
 0001:0000550b       DrawRectangle              000000018000650b f   raylib:raylib.dll
 0001:00005511       DrawRectangleV             0000000180006511 f   raylib:raylib.dll
 0001:00005517       DrawRectangleRec           0000000180006517 f   raylib:raylib.dll
 0001:0000551d       DrawRectanglePro           000000018000651d f   raylib:raylib.dll
 0001:00005523       DrawRectangleGradientV     0000000180006523 f   raylib:raylib.dll
 0001:00005529       DrawRectangleGradientH     0000000180006529 f   raylib:raylib.dll
 0001:0000552f       DrawRectangleGradientEx    000000018000652f f   raylib:raylib.dll
 0001:00005535       DrawRectangleLines         0000000180006535 f   raylib:raylib.dll
 0001:0000553b       DrawRectangleLinesEx       000000018000653b f   raylib:raylib.dll
 0001:00005541       DrawRectangleRounded       0000000180006541 f   raylib:raylib.dll
 0001:00005547       DrawRectangleRoundedLines  0000000180006547 f   raylib:raylib.dll
 0001:0000554d       DrawTriangle               000000018000654d f   raylib:raylib.dll
 0001:00005553       DrawTriangleLines          0000000180006553 f   raylib:raylib.dll
 0001:00005559       DrawTriangleFan            0000000180006559 f   raylib:raylib.dll
 0001:0000555f       DrawTriangleStrip          000000018000655f f   raylib:raylib.dll
 0001:00005565       DrawPoly                   0000000180006565 f   raylib:raylib.dll
 0001:0000556b       DrawPolyLines              000000018000656b f   raylib:raylib.dll
 0001:00005571       DrawPolyLinesEx            0000000180006571 f   raylib:raylib.dll
 0001:00005577       CheckCollisionRecs         0000000180006577 f   raylib:raylib.dll
 0001:0000557d       CheckCollisionCircles      000000018000657d f   raylib:raylib.dll
 0001:00005583       CheckCollisionCircleRec    0000000180006583 f   raylib:raylib.dll
 0001:00005589       CheckCollisionPointRec     0000000180006589 f   raylib:raylib.dll
 0001:0000558f       CheckCollisionPointCircle  000000018000658f f   raylib:raylib.dll
 0001:00005595       CheckCollisionPointTriangle 0000000180006595 f   raylib:raylib.dll
 0001:0000559b       CheckCollisionLines        000000018000659b f   raylib:raylib.dll
 0001:000055a1       CheckCollisionPointLine    00000001800065a1 f   raylib:raylib.dll
 0001:000055a7       GetCollisionRec            00000001800065a7 f   raylib:raylib.dll
 0001:000055ad       LoadImage                  00000001800065ad f   raylib:raylib.dll
 0001:000055b3       LoadImageRaw               00000001800065b3 f   raylib:raylib.dll
 0001:000055b9       LoadImageAnim              00000001800065b9 f   raylib:raylib.dll
 0001:000055bf       LoadImageFromMemory        00000001800065bf f   raylib:raylib.dll
 0001:000055c5       LoadImageFromTexture       00000001800065c5 f   raylib:raylib.dll
 0001:000055cb       LoadImageFromScreen        00000001800065cb f   raylib:raylib.dll
 0001:000055d1       UnloadImage                00000001800065d1 f   raylib:raylib.dll
 0001:000055d7       ExportImage                00000001800065d7 f   raylib:raylib.dll
 0001:000055dd       ExportImageAsCode          00000001800065dd f   raylib:raylib.dll
 0001:000055e3       GenImageColor              00000001800065e3 f   raylib:raylib.dll
 0001:000055e9       GenImageGradientV          00000001800065e9 f   raylib:raylib.dll
 0001:000055ef       GenImageGradientH          00000001800065ef f   raylib:raylib.dll
 0001:000055f5       GenImageGradientRadial     00000001800065f5 f   raylib:raylib.dll
 0001:000055fb       GenImageChecked            00000001800065fb f   raylib:raylib.dll
 0001:00005601       GenImageWhiteNoise         0000000180006601 f   raylib:raylib.dll
 0001:00005607       GenImageCellular           0000000180006607 f   raylib:raylib.dll
 0001:0000560d       ImageCopy                  000000018000660d f   raylib:raylib.dll
 0001:00005613       ImageFromImage             0000000180006613 f   raylib:raylib.dll
 0001:00005619       ImageText                  0000000180006619 f   raylib:raylib.dll
 0001:0000561f       ImageTextEx                000000018000661f f   raylib:raylib.dll
 0001:00005625       ImageFormat                0000000180006625 f   raylib:raylib.dll
 0001:0000562b       ImageToPOT                 000000018000662b f   raylib:raylib.dll
 0001:00005631       ImageCrop                  0000000180006631 f   raylib:raylib.dll
 0001:00005637       ImageAlphaCrop             0000000180006637 f   raylib:raylib.dll
 0001:0000563d       ImageAlphaClear            000000018000663d f   raylib:raylib.dll
 0001:00005643       ImageAlphaMask             0000000180006643 f   raylib:raylib.dll
 0001:00005649       ImageAlphaPremultiply      0000000180006649 f   raylib:raylib.dll
 0001:0000564f       ImageResize                000000018000664f f   raylib:raylib.dll
 0001:00005655       ImageResizeNN              0000000180006655 f   raylib:raylib.dll
 0001:0000565b       ImageResizeCanvas          000000018000665b f   raylib:raylib.dll
 0001:00005661       ImageMipmaps               0000000180006661 f   raylib:raylib.dll
 0001:00005667       ImageDither                0000000180006667 f   raylib:raylib.dll
 0001:0000566d       ImageFlipVertical          000000018000666d f   raylib:raylib.dll
 0001:00005673       ImageFlipHorizontal        0000000180006673 f   raylib:raylib.dll
 0001:00005679       ImageRotateCW              0000000180006679 f   raylib:raylib.dll
 0001:0000567f       ImageRotateCCW             000000018000667f f   raylib:raylib.dll
 0001:00005685       ImageColorTint             0000000180006685 f   raylib:raylib.dll
 0001:0000568b       ImageColorInvert           000000018000668b f   raylib:raylib.dll
 0001:00005691       ImageColorGrayscale        0000000180006691 f   raylib:raylib.dll
 0001:00005697       ImageColorContrast         0000000180006697 f   raylib:raylib.dll
 0001:0000569d       ImageColorBrightness       000000018000669d f   raylib:raylib.dll
 0001:000056a3       ImageColorReplace          00000001800066a3 f   raylib:raylib.dll
 0001:000056a9       LoadImageColors            00000001800066a9 f   raylib:raylib.dll
 0001:000056af       LoadImagePalette           00000001800066af f   raylib:raylib.dll
 0001:000056b5       UnloadImageColors          00000001800066b5 f   raylib:raylib.dll
 0001:000056bb       UnloadImagePalette         00000001800066bb f   raylib:raylib.dll
 0001:000056c1       GetImageAlphaBorder        00000001800066c1 f   raylib:raylib.dll
 0001:000056c7       GetImageColor              00000001800066c7 f   raylib:raylib.dll
 0001:000056cd       ImageClearBackground       00000001800066cd f   raylib:raylib.dll
 0001:000056d3       ImageDrawPixel             00000001800066d3 f   raylib:raylib.dll
 0001:000056d9       ImageDrawPixelV            00000001800066d9 f   raylib:raylib.dll
 0001:000056df       ImageDrawLine              00000001800066df f   raylib:raylib.dll
 0001:000056e5       ImageDrawLineV             00000001800066e5 f   raylib:raylib.dll
 0001:000056eb       ImageDrawCircle            00000001800066eb f   raylib:raylib.dll
 0001:000056f1       ImageDrawCircleV           00000001800066f1 f   raylib:raylib.dll
 0001:000056f7       ImageDrawRectangle         00000001800066f7 f   raylib:raylib.dll
 0001:000056fd       ImageDrawRectangleV        00000001800066fd f   raylib:raylib.dll
 0001:00005703       ImageDrawRectangleRec      0000000180006703 f   raylib:raylib.dll
 0001:00005709       ImageDrawRectangleLines    0000000180006709 f   raylib:raylib.dll
 0001:0000570f       ImageDraw                  000000018000670f f   raylib:raylib.dll
 0001:00005715       ImageDrawText              0000000180006715 f   raylib:raylib.dll
 0001:0000571b       ImageDrawTextEx            000000018000671b f   raylib:raylib.dll
 0001:00005721       LoadTexture                0000000180006721 f   raylib:raylib.dll
 0001:00005727       LoadTextureFromImage       0000000180006727 f   raylib:raylib.dll
 0001:0000572d       LoadTextureCubemap         000000018000672d f   raylib:raylib.dll
 0001:00005733       LoadRenderTexture          0000000180006733 f   raylib:raylib.dll
 0001:00005739       UnloadTexture              0000000180006739 f   raylib:raylib.dll
 0001:0000573f       UnloadRenderTexture        000000018000673f f   raylib:raylib.dll
 0001:00005745       UpdateTexture              0000000180006745 f   raylib:raylib.dll
 0001:0000574b       UpdateTextureRec           000000018000674b f   raylib:raylib.dll
 0001:00005751       GenTextureMipmaps          0000000180006751 f   raylib:raylib.dll
 0001:00005757       SetTextureFilter           0000000180006757 f   raylib:raylib.dll
 0001:0000575d       SetTextureWrap             000000018000675d f   raylib:raylib.dll
 0001:00005763       DrawTexture                0000000180006763 f   raylib:raylib.dll
 0001:00005769       DrawTextureV               0000000180006769 f   raylib:raylib.dll
 0001:0000576f       DrawTextureEx              000000018000676f f   raylib:raylib.dll
 0001:00005775       DrawTextureRec             0000000180006775 f   raylib:raylib.dll
 0001:0000577b       DrawTextureQuad            000000018000677b f   raylib:raylib.dll
 0001:00005781       DrawTextureTiled           0000000180006781 f   raylib:raylib.dll
 0001:00005787       DrawTexturePro             0000000180006787 f   raylib:raylib.dll
 0001:0000578d       DrawTextureNPatch          000000018000678d f   raylib:raylib.dll
 0001:00005793       DrawTexturePoly            0000000180006793 f   raylib:raylib.dll
 0001:00005799       Fade                       0000000180006799 f   raylib:raylib.dll
 0001:0000579f       ColorToInt                 000000018000679f f   raylib:raylib.dll
 0001:000057a5       ColorNormalize             00000001800067a5 f   raylib:raylib.dll
 0001:000057ab       ColorFromNormalized        00000001800067ab f   raylib:raylib.dll
 0001:000057b1       ColorToHSV                 00000001800067b1 f   raylib:raylib.dll
 0001:000057b7       ColorFromHSV               00000001800067b7 f   raylib:raylib.dll
 0001:000057bd       ColorAlpha                 00000001800067bd f   raylib:raylib.dll
 0001:000057c3       ColorAlphaBlend            00000001800067c3 f   raylib:raylib.dll
 0001:000057c9       GetColor                   00000001800067c9 f   raylib:raylib.dll
 0001:000057cf       GetPixelColor              00000001800067cf f   raylib:raylib.dll
 0001:000057d5       SetPixelColor              00000001800067d5 f   raylib:raylib.dll
 0001:000057db       GetPixelDataSize           00000001800067db f   raylib:raylib.dll
 0001:000057e1       GetFontDefault             00000001800067e1 f   raylib:raylib.dll
 0001:000057e7       LoadFont                   00000001800067e7 f   raylib:raylib.dll
 0001:000057ed       LoadFontEx                 00000001800067ed f   raylib:raylib.dll
 0001:000057f3       LoadFontFromImage          00000001800067f3 f   raylib:raylib.dll
 0001:000057f9       LoadFontFromMemory         00000001800067f9 f   raylib:raylib.dll
 0001:000057ff       LoadFontData               00000001800067ff f   raylib:raylib.dll
 0001:00005805       GenImageFontAtlas          0000000180006805 f   raylib:raylib.dll
 0001:0000580b       UnloadFontData             000000018000680b f   raylib:raylib.dll
 0001:00005811       UnloadFont                 0000000180006811 f   raylib:raylib.dll
 0001:00005817       ExportFontAsCode           0000000180006817 f   raylib:raylib.dll
 0001:0000581d       DrawFPS                    000000018000681d f   raylib:raylib.dll
 0001:00005823       DrawText                   0000000180006823 f   raylib:raylib.dll
 0001:00005829       DrawTextEx                 0000000180006829 f   raylib:raylib.dll
 0001:0000582f       DrawTextPro                000000018000682f f   raylib:raylib.dll
 0001:00005835       DrawTextCodepoint          0000000180006835 f   raylib:raylib.dll
 0001:0000583b       DrawTextCodepoints         000000018000683b f   raylib:raylib.dll
 0001:00005841       MeasureText                0000000180006841 f   raylib:raylib.dll
 0001:00005847       MeasureTextEx              0000000180006847 f   raylib:raylib.dll
 0001:0000584d       GetGlyphIndex              000000018000684d f   raylib:raylib.dll
 0001:00005853       GetGlyphInfo               0000000180006853 f   raylib:raylib.dll
 0001:00005859       GetGlyphAtlasRec           0000000180006859 f   raylib:raylib.dll
 0001:0000585f       LoadCodepoints             000000018000685f f   raylib:raylib.dll
 0001:00005865       UnloadCodepoints           0000000180006865 f   raylib:raylib.dll
 0001:0000586b       GetCodepointCount          000000018000686b f   raylib:raylib.dll
 0001:00005871       GetCodepoint               0000000180006871 f   raylib:raylib.dll
 0001:00005877       CodepointToUTF8            0000000180006877 f   raylib:raylib.dll
 0001:0000587d       TextCodepointsToUTF8       000000018000687d f   raylib:raylib.dll
 0001:00005883       TextCopy                   0000000180006883 f   raylib:raylib.dll
 0001:00005889       TextIsEqual                0000000180006889 f   raylib:raylib.dll
 0001:0000588f       TextLength                 000000018000688f f   raylib:raylib.dll
 0001:00005895       TextSubtext                0000000180006895 f   raylib:raylib.dll
 0001:0000589b       TextReplace                000000018000689b f   raylib:raylib.dll
 0001:000058a1       TextInsert                 00000001800068a1 f   raylib:raylib.dll
 0001:000058a7       TextJoin                   00000001800068a7 f   raylib:raylib.dll
 0001:000058ad       TextSplit                  00000001800068ad f   raylib:raylib.dll
 0001:000058b3       TextAppend                 00000001800068b3 f   raylib:raylib.dll
 0001:000058b9       TextFindIndex              00000001800068b9 f   raylib:raylib.dll
 0001:000058bf       TextToUpper                00000001800068bf f   raylib:raylib.dll
 0001:000058c5       TextToLower                00000001800068c5 f   raylib:raylib.dll
 0001:000058cb       TextToPascal               00000001800068cb f   raylib:raylib.dll
 0001:000058d1       TextToInteger              00000001800068d1 f   raylib:raylib.dll
 0001:000058d7       DrawLine3D                 00000001800068d7 f   raylib:raylib.dll
 0001:000058dd       DrawPoint3D                00000001800068dd f   raylib:raylib.dll
 0001:000058e3       DrawCircle3D               00000001800068e3 f   raylib:raylib.dll
 0001:000058e9       DrawTriangle3D             00000001800068e9 f   raylib:raylib.dll
 0001:000058ef       DrawTriangleStrip3D        00000001800068ef f   raylib:raylib.dll
[...]
 0002:0000417c       $N00282                    000000018000c17c     raylib_wrapper.exp
 0002:00004191       $N00283                    000000018000c191     raylib_wrapper.exp
 0002:000041a0       $N00284                    000000018000c1a0     raylib_wrapper.exp
 0002:000041b2       $N00285                    000000018000c1b2     raylib_wrapper.exp
 0002:000041c2       $N00286                    000000018000c1c2     raylib_wrapper.exp
 0002:000041d1       $N00287                    000000018000c1d1     raylib_wrapper.exp
 0002:000041e6       $N00288                    000000018000c1e6     raylib_wrapper.exp
 0002:000041f7       $N00289                    000000018000c1f7     raylib_wrapper.exp
 0002:00004209       $N00290                    000000018000c209     raylib_wrapper.exp
 0002:0000421a       $N00291                    000000018000c21a     raylib_wrapper.exp
 0002:00004227       $N00292                    000000018000c227     raylib_wrapper.exp
 0002:00004236       $N00293                    000000018000c236     raylib_wrapper.exp
 0002:00004244       $N00294                    000000018000c244     raylib_wrapper.exp
 0002:00004257       $N00295                    000000018000c257     raylib_wrapper.exp
 0002:00004265       $N00296                    000000018000c265     raylib_wrapper.exp
 0002:0000427b       $N00297                    000000018000c27b     raylib_wrapper.exp
 0002:00004293       $N00298                    000000018000c293     raylib_wrapper.exp
 0002:000042ad       $N00299                    000000018000c2ad     raylib_wrapper.exp
 0002:000042bf       $N00300                    000000018000c2bf     raylib_wrapper.exp
 0002:000042d3       $N00301                    000000018000c2d3     raylib_wrapper.exp
 0002:000042e4       $N00302                    000000018000c2e4     raylib_wrapper.exp
 0002:000042f7       $N00303                    000000018000c2f7     raylib_wrapper.exp
 0002:0000430d       $N00304                    000000018000c30d     raylib_wrapper.exp
 0002:00004324       $N00305                    000000018000c324     raylib_wrapper.exp
 0002:0000433e       $N00306                    000000018000c33e     raylib_wrapper.exp
 0002:00004359       $N00307                    000000018000c359     raylib_wrapper.exp
 0002:0000436e       $N00308                    000000018000c36e     raylib_wrapper.exp
 0002:00004383       $N00309                    000000018000c383     raylib_wrapper.exp
 0002:00004390       $N00310                    000000018000c390     raylib_wrapper.exp
 0002:000043a0       $N00311                    000000018000c3a0     raylib_wrapper.exp
 0002:000043b1       $N00312                    000000018000c3b1     raylib_wrapper.exp
 0002:000043bc       $N00313                    000000018000c3bc     raylib_wrapper.exp
 0002:000043d5       $N00314                    000000018000c3d5     raylib_wrapper.exp
 0002:000043ea       $N00315                    000000018000c3ea     raylib_wrapper.exp
 0002:00004402       $N00316                    000000018000c402     raylib_wrapper.exp
 0002:0000441b       $N00317                    000000018000c41b     raylib_wrapper.exp
 0002:0000442e       $N00318                    000000018000c42e     raylib_wrapper.exp
 0002:00004446       $N00319                    000000018000c446     raylib_wrapper.exp
 0002:00004454       $N00320                    000000018000c454     raylib_wrapper.exp
 0002:00004466       $N00321                    000000018000c466     raylib_wrapper.exp
 0002:00004479       $N00322                    000000018000c479     raylib_wrapper.exp
 0002:0000448f       $N00323                    000000018000c48f     raylib_wrapper.exp
 0002:000044a1       $N00324                    000000018000c4a1     raylib_wrapper.exp
 0002:000044b6       $N00325                    000000018000c4b6     raylib_wrapper.exp
 0002:000044cb       $N00326                    000000018000c4cb     raylib_wrapper.exp
 0002:000044dc       $N00327                    000000018000c4dc     raylib_wrapper.exp
 0002:000044ef       $N00328                    000000018000c4ef     raylib_wrapper.exp
 0002:00004500       $N00329                    000000018000c500     raylib_wrapper.exp
 0002:00004513       $N00330                    000000018000c513     raylib_wrapper.exp
 0002:00004525       $N00331                    000000018000c525     raylib_wrapper.exp
 0002:0000453b       $N00332                    000000018000c53b     raylib_wrapper.exp
 0002:00004553       $N00333                    000000018000c553     raylib_wrapper.exp
 0002:00004567       $N00334                    000000018000c567     raylib_wrapper.exp
 0002:00004577       $N00335                    000000018000c577     raylib_wrapper.exp
 0002:00004587       $N00336                    000000018000c587     raylib_wrapper.exp
 0002:00004593       $N00337                    000000018000c593     raylib_wrapper.exp
 0002:000045a3       $N00338                    000000018000c5a3     raylib_wrapper.exp
 0002:000045b1       $N00339                    000000018000c5b1     raylib_wrapper.exp
 0002:000045c6       $N00340                    000000018000c5c6     raylib_wrapper.exp
 0002:000045dc       $N00341                    000000018000c5dc     raylib_wrapper.exp
 0002:000045e9       $N00342                    000000018000c5e9     raylib_wrapper.exp
 0002:000045fa       $N00343                    000000018000c5fa     raylib_wrapper.exp
 0002:0000460d       $N00344                    000000018000c60d     raylib_wrapper.exp
 0002:00004624       $N00345                    000000018000c624     raylib_wrapper.exp
 0002:0000463b       $N00346                    000000018000c63b     raylib_wrapper.exp
 0002:00004653       $N00347                    000000018000c653     raylib_wrapper.exp
 0002:00004667       $N00348                    000000018000c667     raylib_wrapper.exp
 0002:00004677       $N00349                    000000018000c677     raylib_wrapper.exp
 0002:0000468e       $N00350                    000000018000c68e     raylib_wrapper.exp
 0002:0000469f       $N00351                    000000018000c69f     raylib_wrapper.exp
 0002:000046ac       $N00352                    000000018000c6ac     raylib_wrapper.exp
 0002:000046c3       $N00353                    000000018000c6c3     raylib_wrapper.exp
 0002:000046d8       $N00354                    000000018000c6d8     raylib_wrapper.exp
 0002:000046eb       $N00355                    000000018000c6eb     raylib_wrapper.exp
 0002:00004708       $N00356                    000000018000c708     raylib_wrapper.exp
 0002:0000471d       $N00357                    000000018000c71d     raylib_wrapper.exp
 0002:0000472b       $N00358                    000000018000c72b     raylib_wrapper.exp
 0002:00004743       $N00359                    000000018000c743     raylib_wrapper.exp
 0002:00004750       $N00360                    000000018000c750     raylib_wrapper.exp
 0002:00004765       $N00361                    000000018000c765     raylib_wrapper.exp
 0002:00004774       $N00362                    000000018000c774     raylib_wrapper.exp
 0002:0000478a       $N00363                    000000018000c78a     raylib_wrapper.exp
 0002:000047a2       $N00364                    000000018000c7a2     raylib_wrapper.exp
 0002:000047ae       $N00365                    000000018000c7ae     raylib_wrapper.exp
 0002:000047c4       $N00366                    000000018000c7c4     raylib_wrapper.exp
 0002:000047d7       $N00367                    000000018000c7d7     raylib_wrapper.exp
 0002:000047e9       $N00368                    000000018000c7e9     raylib_wrapper.exp
 0002:000047f8       $N00369                    000000018000c7f8     raylib_wrapper.exp
 0002:00004809       $N00370                    000000018000c809     raylib_wrapper.exp
 0002:00004815       $N00371                    000000018000c815     raylib_wrapper.exp
 0002:00004820       $N00372                    000000018000c820     raylib_wrapper.exp
 0002:0000482e       $N00373                    000000018000c82e     raylib_wrapper.exp
 0002:00004840       $N00374                    000000018000c840     raylib_wrapper.exp
 0002:0000484b       $N00375                    000000018000c84b     raylib_wrapper.exp
 0002:0000485f       $N00376                    000000018000c85f     raylib_wrapper.exp
 0002:00004873       $N00377                    000000018000c873     raylib_wrapper.exp
 0002:00004881       $N00378                    000000018000c881     raylib_wrapper.exp
 0002:00004894       $N00379                    000000018000c894     raylib_wrapper.exp
 0002:000048a7       $N00380                    000000018000c8a7     raylib_wrapper.exp
 0002:000048b4       $N00381                    000000018000c8b4     raylib_wrapper.exp
 0002:000048c6       $N00382                    000000018000c8c6     raylib_wrapper.exp
 0002:000048d9       $N00383                    000000018000c8d9     raylib_wrapper.exp
 0002:000048ea       $N00384                    000000018000c8ea     raylib_wrapper.exp
 0002:000048ff       $N00385                    000000018000c8ff     raylib_wrapper.exp
 0002:00004914       $N00386                    000000018000c914     raylib_wrapper.exp
 0002:00004923       $N00387                    000000018000c923     raylib_wrapper.exp
 0002:00004933       $N00388                    000000018000c933     raylib_wrapper.exp
 0002:00004943       $N00389                    000000018000c943     raylib_wrapper.exp
 0002:00004956       $N00390                    000000018000c956     raylib_wrapper.exp
 0002:00004979       $N00391                    000000018000c979     raylib_wrapper.exp
 0002:00004993       $N00392                    000000018000c993     raylib_wrapper.exp
 0002:000049a8       $N00393                    000000018000c9a8     raylib_wrapper.exp
 0002:000049bf       $N00394                    000000018000c9bf     raylib_wrapper.exp
 0002:000049d7       $N00395                    000000018000c9d7     raylib_wrapper.exp
 0002:000049ee       $N00396                    000000018000c9ee     raylib_wrapper.exp
 0002:000049ff       $N00397                    000000018000c9ff     raylib_wrapper.exp
 0002:00004a18       $N00398                    000000018000ca18     raylib_wrapper.exp
 0002:00004a2f       $N00399                    000000018000ca2f     raylib_wrapper.exp
 0002:00004a4d       $N00400                    000000018000ca4d     raylib_wrapper.exp
 0002:00004a61       $N00401                    000000018000ca61     raylib_wrapper.exp
 0002:00004a73       $N00402                    000000018000ca73     raylib_wrapper.exp
 0002:00004a81       $N00403                    000000018000ca81     raylib_wrapper.exp
 0002:00004a97       $N00404                    000000018000ca97     raylib_wrapper.exp
 0002:00004aad       $N00405                    000000018000caad     raylib_wrapper.exp
 0002:00004ac0       $N00406                    000000018000cac0     raylib_wrapper.exp
 0002:00004ad6       $N00407                    000000018000cad6     raylib_wrapper.exp
 0002:00004aee       $N00408                    000000018000caee     raylib_wrapper.exp
 0002:00004b00       $N00409                    000000018000cb00     raylib_wrapper.exp
 0002:00004b12       $N00410                    000000018000cb12     raylib_wrapper.exp
 0002:00004b26       $N00411                    000000018000cb26     raylib_wrapper.exp
 0002:00004b37       $N00412                    000000018000cb37     raylib_wrapper.exp
 0002:00004b46       $N00413                    000000018000cb46     raylib_wrapper.exp
 0002:00004b57       $N00414                    000000018000cb57     raylib_wrapper.exp
 0002:00004b69       $N00415                    000000018000cb69     raylib_wrapper.exp
 0002:00004b7a       $N00416                    000000018000cb7a     raylib_wrapper.exp
 0002:00004b8b       $N00417                    000000018000cb8b     raylib_wrapper.exp
 0002:00004b9d       $N00418                    000000018000cb9d     raylib_wrapper.exp
 0002:00004bb5       $N00419                    000000018000cbb5     raylib_wrapper.exp
 0002:00004bce       $N00420                    000000018000cbce     raylib_wrapper.exp
 0002:00004be1       $N00421                    000000018000cbe1     raylib_wrapper.exp
 0002:00004bf5       $N00422                    000000018000cbf5     raylib_wrapper.exp
 0002:00004c04       $N00423                    000000018000cc04     raylib_wrapper.exp
 0002:00004c15       $N00424                    000000018000cc15     raylib_wrapper.exp
 0002:00004c27       $N00425                    000000018000cc27     raylib_wrapper.exp
 0002:00004c37       $N00426                    000000018000cc37     raylib_wrapper.exp
 0002:00004c4b       $N00427                    000000018000cc4b     raylib_wrapper.exp
 0002:00004c5d       $N00428                    000000018000cc5d     raylib_wrapper.exp
 0002:00004c74       $N00429                    000000018000cc74     raylib_wrapper.exp
 0002:00004c88       $N00430                    000000018000cc88     raylib_wrapper.exp
 0002:00004c99       $N00431                    000000018000cc99     raylib_wrapper.exp
 0002:00004cad       $N00432                    000000018000ccad     raylib_wrapper.exp
 0002:00004cc1       $N00433                    000000018000ccc1     raylib_wrapper.exp
 0002:00004cd5       $N00434                    000000018000ccd5     raylib_wrapper.exp
 0002:00004cea       $N00435                    000000018000ccea     raylib_wrapper.exp
 0002:00004cfb       $N00436                    000000018000ccfb     raylib_wrapper.exp
 0002:00004d0d       $N00437                    000000018000cd0d     raylib_wrapper.exp
 0002:00004d1f       $N00438                    000000018000cd1f     raylib_wrapper.exp
 0002:00004d2d       $N00439                    000000018000cd2d     raylib_wrapper.exp
 0002:00004d40       $N00440                    000000018000cd40     raylib_wrapper.exp
 0002:00004d53       $N00441                    000000018000cd53     raylib_wrapper.exp
 0002:00004d60       $N00442                    000000018000cd60     raylib_wrapper.exp
 0002:00004d72       $N00443                    000000018000cd72     raylib_wrapper.exp
 0002:00004d86       $N00444                    000000018000cd86     raylib_wrapper.exp
 0002:00004d98       $N00445                    000000018000cd98     raylib_wrapper.exp
 0002:00004da6       $N00446                    000000018000cda6     raylib_wrapper.exp
 0002:00004dbe       $N00447                    000000018000cdbe     raylib_wrapper.exp
 0002:00004dca       $N00448                    000000018000cdca     raylib_wrapper.exp
 0002:00004ddb       $N00449                    000000018000cddb     raylib_wrapper.exp
 0002:00004de9       $N00450                    000000018000cde9     raylib_wrapper.exp
 0002:00004df8       $N00451                    000000018000cdf8     raylib_wrapper.exp
 0002:00004e04       $N00452                    000000018000ce04     raylib_wrapper.exp
 0002:00004e12       $N00453                    000000018000ce12     raylib_wrapper.exp
 0002:00004e21       $N00454                    000000018000ce21     raylib_wrapper.exp
 0002:00004e2e       $N00455                    000000018000ce2e     raylib_wrapper.exp
 0002:00004e3d       $N00456                    000000018000ce3d     raylib_wrapper.exp
 0002:00004e4e       $N00457                    000000018000ce4e     raylib_wrapper.exp
 0002:00004e5d       $N00458                    000000018000ce5d     raylib_wrapper.exp
 0002:00004e6d       $N00459                    000000018000ce6d     raylib_wrapper.exp
 0002:00004e7c       $N00460                    000000018000ce7c     raylib_wrapper.exp
 0002:00004e90       $N00461                    000000018000ce90     raylib_wrapper.exp
 0002:00004ea5       $N00462                    000000018000cea5     raylib_wrapper.exp
 0002:00004eb9       $N00463                    000000018000ceb9     raylib_wrapper.exp
 0002:00004ed1       $N00464                    000000018000ced1     raylib_wrapper.exp
 0002:00004ee7       $N00465                    000000018000cee7     raylib_wrapper.exp
 0002:00004ef9       $N00466                    000000018000cef9     raylib_wrapper.exp
 0002:00004f0b       $N00467                    000000018000cf0b     raylib_wrapper.exp
 0002:00004f19       $N00468                    000000018000cf19     raylib_wrapper.exp
 0002:00004f2b       $N00469                    000000018000cf2b     raylib_wrapper.exp
 0002:00004f3a       $N00470                    000000018000cf3a     raylib_wrapper.exp
 0002:00004f4f       $N00471                    000000018000cf4f     raylib_wrapper.exp
 0002:00004f65       $N00472                    000000018000cf65     raylib_wrapper.exp
 0002:00004f77       $N00473                    000000018000cf77     raylib_wrapper.exp
 0002:00004f85       $N00474                    000000018000cf85     raylib_wrapper.exp
 0002:00004f94       $N00475                    000000018000cf94     raylib_wrapper.exp
 0002:00004fac       $N00476                    000000018000cfac     raylib_wrapper.exp
 0002:00004fc5       $N00477                    000000018000cfc5     raylib_wrapper.exp
 0002:00004fde       $N00478                    000000018000cfde     raylib_wrapper.exp
 0002:00004ff3       $N00479                    000000018000cff3     raylib_wrapper.exp
 0002:0000500a       $N00480                    000000018000d00a     raylib_wrapper.exp
 0002:0000501a       $N00481                    000000018000d01a     raylib_wrapper.exp
 0002:00005029       $N00482                    000000018000d029     raylib_wrapper.exp
 0002:0000503a       $N00483                    000000018000d03a     raylib_wrapper.exp
 0002:00005048       $N00484                    000000018000d048     raylib_wrapper.exp
 0002:0000505d       $N00485                    000000018000d05d     raylib_wrapper.exp
 0002:00005072       $N00486                    000000018000d072     raylib_wrapper.exp
 0002:00005082       $N00487                    000000018000d082     raylib_wrapper.exp
 0002:00005096       $N00488                    000000018000d096     raylib_wrapper.exp
 0002:000050ae       $N00489                    000000018000d0ae     raylib_wrapper.exp
 0002:000050c3       $N00490                    000000018000d0c3     raylib_wrapper.exp
 0002:000050d2       $N00491                    000000018000d0d2     raylib_wrapper.exp
 0002:000050e3       $N00492                    000000018000d0e3     raylib_wrapper.exp
 0002:000050f7       $N00493                    000000018000d0f7     raylib_wrapper.exp
 0002:00005105       $N00494                    000000018000d105     raylib_wrapper.exp
 0002:00005111       $N00495                    000000018000d111     raylib_wrapper.exp
 0002:0000511d       $N00496                    000000018000d11d     raylib_wrapper.exp
 0002:00005129       $N00497                    000000018000d129     raylib_wrapper.exp
 0002:00005137       $N00498                    000000018000d137     raylib_wrapper.exp
 0002:000085b6       .idata$6                   00000001800105b6     raylib:raylib.dll
 0002:00008700       .idata$6                   0000000180010700     kernel32:KERNEL32.dll
 0002:00008750       .idata$6                   0000000180010750     vcruntime:VCRUNTIME140.dll
 0002:00008808       .idata$6                   0000000180010808     ucrt:api-ms-win-crt-runtime-l1-1-0.dll
 0003:00000040       ?__proc_attached@@3HA      0000000180011040     MSVCRT:dll_dllmain.obj
 0003:00000080       ?is_initialized_as_dll@@3_NA 0000000180011080     MSVCRT:utility.obj
 0003:00000081       ?module_local_atexit_table_initialized@@3_NA 0000000180011081     MSVCRT:utility.obj
 0003:00000088       ?module_local_atexit_table@@3U_onexit_table_t@@A 0000000180011088     MSVCRT:utility.obj
 0003:000000a0       ?module_local_at_quick_exit_table@@3U_onexit_table_t@@A 00000001800110a0     MSVCRT:utility.obj
