 GameA

 Timestamp is 632cb79a (Thu Sep 22 21:29:30 2022)

 Preferred load address is 0000000140000000

 Start         Length     Name                   Class
 0001:00000000 00000010H .text$di                CODE
 0001:00000010 0000f6a0H .text$mn                CODE
 0001:0000f6b0 00000040H .text$mn$00             CODE
 0001:0000f6f0 00000240H .text$x                 CODE
 0001:0000f930 0000005bH .text$yd                CODE
 0002:00000000 000003d0H .idata$5                DATA
 0002:000003d0 00000028H .00cfg                  DATA
 0002:000003f8 00000008H .CRT$XCA                DATA
 0002:00000400 00000008H .CRT$XCAA               DATA
 0002:00000408 00000008H .CRT$XCL                DATA
 0002:00000410 00000008H .CRT$XCZ                DATA
 0002:00000418 00000008H .CRT$XIA                DATA
 0002:00000420 00000008H .CRT$XIAA               DATA
 0002:00000428 00000008H .CRT$XIAC               DATA
 0002:00000430 00000008H .CRT$XIZ                DATA
 0002:00000438 00000008H .CRT$XPA                DATA
 0002:00000440 00000008H .CRT$XPZ                DATA
 0002:00000448 00000008H .CRT$XTA                DATA
 0002:00000450 00000010H .CRT$XTZ                DATA
 0002:00000458 00000000H .gehcont$y              DATA
 0002:00000458 00000000H .gfids$y                DATA
 0002:00000460 0000c320H .rdata                  DATA
 0002:0000c780 00000000H .rdata$CastGuardVftablesA DATA
 0002:0000c780 00000000H .rdata$CastGuardVftablesC DATA
 0002:0000c780 000005ecH .rdata$r                DATA
 0002:0000cd6c 0000002cH .rdata$voltmd           DATA
 0002:0000cd98 00000350H .rdata$zzzdbg           DATA
 0002:0000d0e8 00000008H .rtc$IAA                DATA
 0002:0000d0f0 00000008H .rtc$IZZ                DATA
 0002:0000d0f8 00000008H .rtc$TAA                DATA
 0002:0000d100 00000008H .rtc$TZZ                DATA
 0002:0000d108 000005e0H .xdata                  DATA
 0002:0000d6e8 0000014cH .xdata$x                DATA
 0002:0000d834 00000000H .edata                  DATA
 0002:0000d834 000000c8H .idata$2                DATA
 0002:0000d8fc 00000014H .idata$3                DATA
 0002:0000d910 000003d0H .idata$4                DATA
 0002:0000dce0 00000fecH .idata$6                DATA
 0003:00000000 00000038H .data                   DATA
 0003:00000038 000000a8H .data$r                 DATA
 0003:000000e0 000001f0H .data$rs                DATA
 0003:000002d0 00000618H .bss                    DATA
 0004:00000000 0000048cH .pdata                  DATA

  Address         Publics by Value              Rva+Base               Lib:Object

 0000:00000000       __guard_fids_count         0000000000000000     <absolute>
 0000:00000000       __guard_fids_table         0000000000000000     <absolute>
 0000:00000000       ___safe_se_handler_table   0000000000000000     <absolute>
 0000:00000000       __hybrid_auxiliary_iat_copy 0000000000000000     <absolute>
 0000:00000000       __hybrid_code_map          0000000000000000     <absolute>
 0000:00000000       __arm64x_extra_rfe_table_size 0000000000000000     <absolute>
 0000:00000000       ___safe_se_handler_count   0000000000000000     <absolute>
 0000:00000000       __hybrid_auxiliary_iat     0000000000000000     <absolute>
 0000:00000000       __x64_code_ranges_to_entry_points_count 0000000000000000     <absolute>
 0000:00000000       __arm64x_redirection_metadata_count 0000000000000000     <absolute>
 0000:00000000       __enclave_config           0000000000000000     <absolute>
 0000:00000000       __dynamic_value_reloc_table 0000000000000000     <absolute>
 0000:00000000       __AbsoluteZero             0000000000000000     <absolute>
 0000:00000000       __arm64x_extra_rfe_table   0000000000000000     <absolute>
 0000:00000000       __guard_longjmp_count      0000000000000000     <absolute>
 0000:00000000       __guard_eh_cont_table      0000000000000000     <absolute>
 0000:00000000       __arm64x_native_entrypoint 0000000000000000     <absolute>
 0000:00000000       __x64_code_ranges_to_entry_points 0000000000000000     <absolute>
 0000:00000000       __guard_eh_cont_count      0000000000000000     <absolute>
 0000:00000000       __guard_iat_count          0000000000000000     <absolute>
 0000:00000000       __guard_longjmp_table      0000000000000000     <absolute>
 0000:00000000       __arm64x_redirection_metadata 0000000000000000     <absolute>
 0000:00000000       __hybrid_code_map_count    0000000000000000     <absolute>
 0000:00000000       __guard_iat_table          0000000000000000     <absolute>
 0000:00000000       __guard_check_icall_a64n_fptr 0000000000000000     <absolute>
 0000:00000100       __guard_flags              0000000000000100     <absolute>
 0000:00000000       __ImageBase                0000000140000000     <linker-defined>
 0001:00000010       ??$?6U?$char_traits@D@std@@@std@@YAAEAV?$basic_ostream@DU?$char_traits@D@std@@@0@AEAV10@PEBD@Z 0000000140001010 f i win32_layer.obj
 0001:000001f0       ??$_Reallocate_grow_by@V<lambda_319d5e083f45f90dcdce5dce53cbb275>@@D@?$basic_string@DU?$char_traits@D@std@@V?$allocator@D@2@@std@@AEAAAEAV01@_KV<lambda_319d5e083f45f90dcdce5dce53cbb275>@@D@Z 00000001400011f0 f i win32_layer.obj
 0001:00000360       ??$endl@DU?$char_traits@D@std@@@std@@YAAEAV?$basic_ostream@DU?$char_traits@D@std@@@0@AEAV10@@Z 0000000140001360 f i win32_layer.obj
 0001:000003a0       ??$use_facet@V?$codecvt@DDU_Mbstatet@@@std@@@std@@YAAEBV?$codecvt@DDU_Mbstatet@@@0@AEBVlocale@0@@Z 00000001400013a0 f i win32_layer.obj
 0001:00000480       ??0bad_alloc@std@@QEAA@AEBV01@@Z 0000000140001480 f i win32_layer.obj
 0001:000004d0       ??0bad_array_new_length@std@@QEAA@AEBV01@@Z 00000001400014d0 f i win32_layer.obj
 0001:00000520       ??0bad_array_new_length@std@@QEAA@XZ 0000000140001520 f i win32_layer.obj
 0001:00000560       ??0bad_cast@std@@QEAA@AEBV01@@Z 0000000140001560 f i win32_layer.obj
 0001:000005b0       ??0bad_cast@std@@QEAA@XZ   00000001400015b0 f i win32_layer.obj
 0001:000005e0       ??0exception@std@@QEAA@AEBV01@@Z 00000001400015e0 f i win32_layer.obj
 0001:00000620       ??1?$basic_filebuf@DU?$char_traits@D@std@@@std@@UEAA@XZ 0000000140001620 f i win32_layer.obj
 0001:000006d0       ??1?$basic_string@DU?$char_traits@D@std@@V?$allocator@D@2@@std@@QEAA@XZ 00000001400016d0 f i win32_layer.obj
 0001:00000730       ??1?$unique_ptr@V_Facet_base@std@@U?$default_delete@V_Facet_base@std@@@2@@std@@QEAA@XZ 0000000140001730 f i win32_layer.obj
 0001:00000750       ??1_Sentry_base@?$basic_ostream@DU?$char_traits@D@std@@@std@@QEAA@XZ 0000000140001750 f i win32_layer.obj
 0001:00000780       ??1bad_alloc@std@@UEAA@XZ  0000000140001780 f i win32_layer.obj
 0001:00000780       ??1bad_cast@std@@UEAA@XZ   0000000140001780 f i win32_layer.obj
 0001:000007b0       ??1bad_array_new_length@std@@UEAA@XZ 00000001400017b0 f i win32_layer.obj
 0001:000007e0       ??1exception@std@@UEAA@XZ  00000001400017e0 f i win32_layer.obj
 0001:00000800       ??1locale@std@@QEAA@XZ     0000000140001800 f i win32_layer.obj
 0001:00000830       ??1sentry@?$basic_ostream@DU?$char_traits@D@std@@@std@@QEAA@XZ 0000000140001830 f i win32_layer.obj
 0001:00000880       ??_D?$basic_ofstream@DU?$char_traits@D@std@@@std@@QEAAXXZ 0000000140001880 f i win32_layer.obj
 0001:000008f0       ??_E?$basic_ofstream@DU?$char_traits@D@std@@@std@@$4PPPPPPPM@A@EAAPEAXI@Z 00000001400018f0 f i win32_layer.obj
 0001:00000900       ??_G?$basic_filebuf@DU?$char_traits@D@std@@@std@@UEAAPEAXI@Z 0000000140001900 f i win32_layer.obj
 0001:00000900       ??_E?$basic_filebuf@DU?$char_traits@D@std@@@std@@UEAAPEAXI@Z 0000000140001900 f i win32_layer.obj
 0001:00000940       ??_G?$basic_ofstream@DU?$char_traits@D@std@@@std@@UEAAPEAXI@Z 0000000140001940 f i win32_layer.obj
 0001:00000940       ??_E?$basic_ofstream@DU?$char_traits@D@std@@@std@@UEAAPEAXI@Z 0000000140001940 f i win32_layer.obj
 0001:00000980       ??_Gbad_alloc@std@@UEAAPEAXI@Z 0000000140001980 f i win32_layer.obj
 0001:00000980       ??_Ebad_cast@std@@UEAAPEAXI@Z 0000000140001980 f i win32_layer.obj
 0001:00000980       ??_Ebad_alloc@std@@UEAAPEAXI@Z 0000000140001980 f i win32_layer.obj
 0001:00000980       ??_Gbad_cast@std@@UEAAPEAXI@Z 0000000140001980 f i win32_layer.obj
 0001:000009d0       ??_Gbad_array_new_length@std@@UEAAPEAXI@Z 00000001400019d0 f i win32_layer.obj
 0001:000009d0       ??_Ebad_array_new_length@std@@UEAAPEAXI@Z 00000001400019d0 f i win32_layer.obj
 0001:00000a20       ??_Eexception@std@@UEAAPEAXI@Z 0000000140001a20 f i win32_layer.obj
 0001:00000a20       ??_Gexception@std@@UEAAPEAXI@Z 0000000140001a20 f i win32_layer.obj
 0001:00000a70       ?LoadRaylibWrapperDLL@@YA?AUraylib_wrapper_code@@PEAD@Z 0000000140001a70 f   win32_layer.obj
 0001:0000d590       ?_Endwrite@?$basic_filebuf@DU?$char_traits@D@std@@@std@@IEAA_NXZ 000000014000e590 f i win32_layer.obj
 0001:0000d680       ?_Lock@?$basic_filebuf@DU?$char_traits@D@std@@@std@@UEAAXXZ 000000014000e680 f i win32_layer.obj
 0001:0000d6a0       ?_Reset_back@?$basic_filebuf@DU?$char_traits@D@std@@@std@@AEAAXXZ 000000014000e6a0 f i win32_layer.obj
 0001:0000d6d0       ?__scrt_throw_std_bad_array_new_length@@YAXXZ 000000014000e6d0 f i MSVCRT:throw_bad_alloc.obj
 0001:0000d6d0       ?_Throw_bad_array_new_length@std@@YAXXZ 000000014000e6d0 f i win32_layer.obj
 0001:0000d6f0       ?_Throw_bad_cast@std@@YAXXZ 000000014000e6f0 f i win32_layer.obj
 0001:0000d710       ?_Unlock@?$basic_filebuf@DU?$char_traits@D@std@@@std@@UEAAXXZ 000000014000e710 f i win32_layer.obj
 0001:0000d730       ?_Xlen_string@std@@YAXXZ   000000014000e730 f i win32_layer.obj
 0001:0000d750       ?imbue@?$basic_filebuf@DU?$char_traits@D@std@@@std@@MEAAXAEBVlocale@2@@Z 000000014000e750 f i win32_layer.obj
 0001:0000d7a0       ?overflow@?$basic_filebuf@DU?$char_traits@D@std@@@std@@MEAAHH@Z 000000014000e7a0 f i win32_layer.obj
 0001:0000d940       ?pbackfail@?$basic_filebuf@DU?$char_traits@D@std@@@std@@MEAAHH@Z 000000014000e940 f i win32_layer.obj
 0001:0000da30       ?seekoff@?$basic_filebuf@DU?$char_traits@D@std@@@std@@MEAA?AV?$fpos@U_Mbstatet@@@2@_JHH@Z 000000014000ea30 f i win32_layer.obj
 0001:0000db00       ?seekpos@?$basic_filebuf@DU?$char_traits@D@std@@@std@@MEAA?AV?$fpos@U_Mbstatet@@@2@V32@H@Z 000000014000eb00 f i win32_layer.obj
 0001:0000dbe0       ?setbuf@?$basic_filebuf@DU?$char_traits@D@std@@@std@@MEAAPEAV?$basic_streambuf@DU?$char_traits@D@std@@@2@PEAD_J@Z 000000014000ebe0 f i win32_layer.obj
 0001:0000dcc0       ?sync@?$basic_filebuf@DU?$char_traits@D@std@@@std@@MEAAHXZ 000000014000ecc0 f i win32_layer.obj
 0001:0000dd10       ?uflow@?$basic_filebuf@DU?$char_traits@D@std@@@std@@MEAAHXZ 000000014000ed10 f i win32_layer.obj
 0001:0000dfd0       ?underflow@?$basic_filebuf@DU?$char_traits@D@std@@@std@@MEAAHXZ 000000014000efd0 f i win32_layer.obj
 0001:0000e040       ?what@exception@std@@UEBAPEBDXZ 000000014000f040 f i win32_layer.obj
 0001:0000e060       ?xsgetn@?$basic_filebuf@DU?$char_traits@D@std@@@std@@MEAA_JPEAD_J@Z 000000014000f060 f i win32_layer.obj
 0001:0000e1d0       ?xsputn@?$basic_filebuf@DU?$char_traits@D@std@@@std@@MEAA_JPEBD_J@Z 000000014000f1d0 f i win32_layer.obj
 0001:0000e2b0       WinMain                    000000014000f2b0 f   win32_layer.obj
 0001:0000e74f       ??1_Lockit@std@@QEAA@XZ    000000014000f74f f   msvcprt:MSVCP140.dll
 0001:0000e755       ?_Xlength_error@std@@YAXPEBD@Z 000000014000f755 f   msvcprt:MSVCP140.dll
 0001:0000e75b       ?uncaught_exception@std@@YA_NXZ 000000014000f75b f   msvcprt:MSVCP140.dll
 0001:0000e764       ?_Facet_Register@std@@YAXPEAV_Facet_base@1@@Z 000000014000f764 f   msvcprt:locale0_implib.obj
 0001:0000e79c       ?_Getgloballocale@locale@std@@CAPEAV_Locimp@12@XZ 000000014000f79c f   msvcprt:MSVCP140.dll
 0001:0000e7a2       ??1?$basic_streambuf@DU?$char_traits@D@std@@@std@@UEAA@XZ 000000014000f7a2 f   msvcprt:MSVCP140.dll
 0001:0000e7a8       ?_Fiopen@std@@YAPEAU_iobuf@@PEBDHH@Z 000000014000f7a8 f   msvcprt:MSVCP140.dll
 0001:0000e7ae       ?showmanyc@?$basic_streambuf@DU?$char_traits@D@std@@@std@@MEAA_JXZ 000000014000f7ae f   msvcprt:MSVCP140.dll
 0001:0000e7b4       ??2@YAPEAX_K@Z             000000014000f7b4 f   MSVCRT:new_scalar.obj
 0001:0000e7f0       ??3@YAXPEAX_K@Z            000000014000f7f0 f   MSVCRT:delete_scalar_size.obj
 0001:0000e7f8       __GSHandlerCheck           000000014000f7f8 f   MSVCRT:gshandler.obj
 0001:0000e818       __GSHandlerCheckCommon     000000014000f818 f   MSVCRT:gshandler.obj
 0001:0000e874       __GSHandlerCheck_EH4       000000014000f874 f   MSVCRT:gshandlereh4.obj
 0001:0000e910       __chkstk                   000000014000f910 f   MSVCRT:chkstk.obj
 0001:0000e910       _alloca_probe              000000014000f910 f   MSVCRT:chkstk.obj
 0001:0000e970       __security_check_cookie    000000014000f970 f   MSVCRT:amdsecgs.obj
 0001:0000e990       ??_Gtype_info@@UEAAPEAXI@Z 000000014000f990 f i MSVCRT:std_type_info_static.obj
 0001:0000e990       ??_Etype_info@@UEAAPEAXI@Z 000000014000f990 f i MSVCRT:std_type_info_static.obj
 0001:0000ec14       WinMainCRTStartup          000000014000fc14 f   MSVCRT:exe_winmain.obj
 0001:0000ec28       __scrt_acquire_startup_lock 000000014000fc28 f   MSVCRT:utility.obj
 0001:0000ec64       __scrt_initialize_crt      000000014000fc64 f   MSVCRT:utility.obj
 0001:0000ecb0       __scrt_initialize_onexit_tables 000000014000fcb0 f   MSVCRT:utility.obj
 0001:0000ed3c       __scrt_is_nonwritable_in_current_image 000000014000fd3c f   MSVCRT:utility.obj
 0001:0000edd4       __scrt_release_startup_lock 000000014000fdd4 f   MSVCRT:utility.obj
 0001:0000edf8       __scrt_uninitialize_crt    000000014000fdf8 f   MSVCRT:utility.obj
 0001:0000ee24       _onexit                    000000014000fe24 f   MSVCRT:utility.obj
 0001:0000ee60       atexit                     000000014000fe60 f   MSVCRT:utility.obj
 0001:0000ee78       _guard_check_icall_nop     000000014000fe78 f i MSVCRT:guard_support.obj
 0001:0000ee78       _initialize_denormal_control 000000014000fe78 f i MSVCRT:denormal_control.obj
 0001:0000ee78       _initialize_invalid_parameter_handler 000000014000fe78 f i MSVCRT:invalid_parameter_handler.obj
 0001:0000ee7c       ??0bad_alloc@std@@QEAA@XZ  000000014000fe7c f i MSVCRT:throw_bad_alloc.obj
 0001:0000ee9c       ?__scrt_throw_std_bad_alloc@@YAXXZ 000000014000fe9c f   MSVCRT:throw_bad_alloc.obj
 0001:0000eebc       ??3@YAXPEAX@Z              000000014000febc f   MSVCRT:delete_scalar.obj
 0001:0000eec4       __raise_securityfailure    000000014000fec4 f   MSVCRT:gs_report.obj
 0001:0000eef8       __report_gsfailure         000000014000fef8 f   MSVCRT:gs_report.obj
 0001:0000f040       __security_init_cookie     0000000140010040 f   MSVCRT:gs_support.obj
 0001:0000f0ec       _get_startup_thread_locale_mode 00000001400100ec f   MSVCRT:thread_locale.obj
 0001:0000f0ec       _get_startup_new_mode      00000001400100ec f   MSVCRT:new_mode.obj
 0001:0000f0ec       _matherr                   00000001400100ec f   MSVCRT:matherr.obj
 0001:0000f0ec       __scrt_stub_for_initialize_mta 00000001400100ec f   MSVCRT:utility_desktop.obj
 0001:0000f0ec       __scrt_exe_initialize_mta  00000001400100ec f   MSVCRT:utility_desktop.obj
 0001:0000f0ec       _get_startup_commit_mode   00000001400100ec f   MSVCRT:commit_mode.obj
 0001:0000f0ec       __scrt_initialize_winrt    00000001400100ec f   MSVCRT:utility_desktop.obj
 0001:0000f0f0       _get_startup_argv_mode     00000001400100f0 f   MSVCRT:argv_mode.obj
 0001:0000f0f8       _get_startup_file_mode     00000001400100f8 f   MSVCRT:file_mode.obj
 0001:0000f100       ?__scrt_initialize_type_info@@YAXXZ 0000000140010100 f   MSVCRT:tncleanup.obj
 0001:0000f110       __vcrt_initialize          0000000140010110 f   MSVCRT:ucrt_stubs.obj
 0001:0000f110       __acrt_initialize          0000000140010110 f   MSVCRT:ucrt_stubs.obj
 0001:0000f110       _should_initialize_environment 0000000140010110 f   MSVCRT:env_mode.obj
 0001:0000f110       __acrt_uninitialize        0000000140010110 f   MSVCRT:ucrt_stubs.obj
 0001:0000f110       __scrt_stub_for_acrt_uninitialize 0000000140010110 f   MSVCRT:ucrt_stubs.obj
 0001:0000f110       __scrt_stub_for_acrt_initialize 0000000140010110 f   MSVCRT:ucrt_stubs.obj
 0001:0000f110       __vcrt_uninitialize        0000000140010110 f   MSVCRT:ucrt_stubs.obj
 0001:0000f114       __local_stdio_printf_options 0000000140010114 f i MSVCRT:default_local_stdio_options.obj
 0001:0000f11c       __local_stdio_scanf_options 000000014001011c f i MSVCRT:default_local_stdio_options.obj
 0001:0000f124       __scrt_initialize_default_local_stdio_options 0000000140010124 f   MSVCRT:default_local_stdio_options.obj
 0001:0000f140       __scrt_is_user_matherr_present 0000000140010140 f   MSVCRT:matherr_detection.obj
 0001:0000f14c       __scrt_get_dyn_tls_init_callback 000000014001014c f   MSVCRT:dyn_tls_init.obj
 0001:0000f154       __scrt_get_dyn_tls_dtor_callback 0000000140010154 f   MSVCRT:dyn_tls_dtor.obj
 0001:0000f15c       __crt_debugger_hook        000000014001015c f   MSVCRT:utility_desktop.obj
 0001:0000f164       __scrt_fastfail            0000000140010164 f   MSVCRT:utility_desktop.obj
 0001:0000f2b0       __scrt_get_show_window_mode 00000001400102b0 f   MSVCRT:utility_desktop.obj
 0001:0000f2ec       __scrt_initialize_mta      00000001400102ec f   MSVCRT:utility_desktop.obj
 0001:0000f2f4       __scrt_is_managed_app      00000001400102f4 f   MSVCRT:utility_desktop.obj
 0001:0000f348       __scrt_set_unhandled_exception_filter 0000000140010348 f   MSVCRT:utility_desktop.obj
 0001:0000f358       __scrt_unhandled_exception_filter 0000000140010358 f   MSVCRT:utility_desktop.obj
 0001:0000f3b4       _RTC_Initialize            00000001400103b4 f   MSVCRT:initsect.obj
 0001:0000f3f0       _RTC_Terminate             00000001400103f0 f   MSVCRT:initsect.obj
 0001:0000f42c       __isa_available_init       000000014001042c f   MSVCRT:cpu_disp.obj
 0001:0000f5d0       __scrt_is_ucrt_dll_in_use  00000001400105d0 f   MSVCRT:ucrt_detection.obj
 0001:0000f5e0       __std_exception_copy       00000001400105e0 f   vcruntime:VCRUNTIME140.dll
 0001:0000f5e6       __std_exception_destroy    00000001400105e6 f   vcruntime:VCRUNTIME140.dll
 0001:0000f5ec       _CxxThrowException         00000001400105ec f   vcruntime:VCRUNTIME140.dll
 0001:0000f5f2       __CxxFrameHandler4         00000001400105f2 f   vcruntime:VCRUNTIME140_1.dll
 0001:0000f5f8       memcpy                     00000001400105f8 f   vcruntime:VCRUNTIME140.dll
 0001:0000f5fe       memmove                    00000001400105fe f   vcruntime:VCRUNTIME140.dll
 0001:0000f604       memset                     0000000140010604 f   vcruntime:VCRUNTIME140.dll
 0001:0000f60a       __C_specific_handler       000000014001060a f   vcruntime:VCRUNTIME140.dll
 0001:0000f610       __current_exception        0000000140010610 f   vcruntime:VCRUNTIME140.dll
 0001:0000f616       __current_exception_context 0000000140010616 f   vcruntime:VCRUNTIME140.dll
 0001:0000f61c       exit                       000000014001061c f   ucrt:api-ms-win-crt-runtime-l1-1-0.dll
 0001:0000f622       _callnewh                  0000000140010622 f   ucrt:api-ms-win-crt-heap-l1-1-0.dll
 0001:0000f628       malloc                     0000000140010628 f   ucrt:api-ms-win-crt-heap-l1-1-0.dll
 0001:0000f62e       _seh_filter_exe            000000014001062e f   ucrt:api-ms-win-crt-runtime-l1-1-0.dll
 0001:0000f634       _set_app_type              0000000140010634 f   ucrt:api-ms-win-crt-runtime-l1-1-0.dll
 0001:0000f63a       __setusermatherr           000000014001063a f   ucrt:api-ms-win-crt-math-l1-1-0.dll
 0001:0000f640       _configure_narrow_argv     0000000140010640 f   ucrt:api-ms-win-crt-runtime-l1-1-0.dll
 0001:0000f646       _initialize_narrow_environment 0000000140010646 f   ucrt:api-ms-win-crt-runtime-l1-1-0.dll
 0001:0000f64c       _get_narrow_winmain_command_line 000000014001064c f   ucrt:api-ms-win-crt-runtime-l1-1-0.dll
 0001:0000f652       _initterm                  0000000140010652 f   ucrt:api-ms-win-crt-runtime-l1-1-0.dll
 0001:0000f658       _initterm_e                0000000140010658 f   ucrt:api-ms-win-crt-runtime-l1-1-0.dll
 0001:0000f65e       _exit                      000000014001065e f   ucrt:api-ms-win-crt-runtime-l1-1-0.dll
 0001:0000f664       _set_fmode                 0000000140010664 f   ucrt:api-ms-win-crt-stdio-l1-1-0.dll
 0001:0000f66a       _cexit                     000000014001066a f   ucrt:api-ms-win-crt-runtime-l1-1-0.dll
 0001:0000f670       _c_exit                    0000000140010670 f   ucrt:api-ms-win-crt-runtime-l1-1-0.dll
 0001:0000f676       _register_thread_local_exe_atexit_callback 0000000140010676 f   ucrt:api-ms-win-crt-runtime-l1-1-0.dll
 0001:0000f67c       _configthreadlocale        000000014001067c f   ucrt:api-ms-win-crt-locale-l1-1-0.dll
 0001:0000f682       _set_new_mode              0000000140010682 f   ucrt:api-ms-win-crt-heap-l1-1-0.dll
 0001:0000f688       __p__commode               0000000140010688 f   ucrt:api-ms-win-crt-stdio-l1-1-0.dll
 0001:0000f68e       _initialize_onexit_table   000000014001068e f   ucrt:api-ms-win-crt-runtime-l1-1-0.dll
 0001:0000f694       _register_onexit_function  0000000140010694 f   ucrt:api-ms-win-crt-runtime-l1-1-0.dll
 0001:0000f69a       _crt_atexit                000000014001069a f   ucrt:api-ms-win-crt-runtime-l1-1-0.dll
 0001:0000f6a0       free                       00000001400106a0 f   ucrt:api-ms-win-crt-heap-l1-1-0.dll
 0001:0000f6a6       terminate                  00000001400106a6 f   ucrt:api-ms-win-crt-runtime-l1-1-0.dll
 0001:0000f6c0       _guard_dispatch_icall_nop  00000001400106c0 f   MSVCRT:guard_dispatch.obj
 0001:0000f6e0       _guard_xfg_dispatch_icall_nop 00000001400106e0 f   MSVCRT:guard_xfg_dispatch.obj
 0002:00000000       __imp_CompareFileTime      0000000140011000     Kernel32:KERNEL32.dll
 0002:00000008       __imp_GetFileAttributesExA 0000000140011008     Kernel32:KERNEL32.dll
 0002:00000010       __imp_VirtualAlloc         0000000140011010     Kernel32:KERNEL32.dll
 0002:00000018       __imp_FreeLibrary          0000000140011018     Kernel32:KERNEL32.dll
 0002:00000020       __imp_GetProcAddress       0000000140011020     Kernel32:KERNEL32.dll
 0002:00000028       __imp_LoadLibraryA         0000000140011028     Kernel32:KERNEL32.dll
 0002:00000030       __imp_CopyFileA            0000000140011030     Kernel32:KERNEL32.dll
 0002:00000038       __imp_GetStartupInfoW      0000000140011038     Kernel32:KERNEL32.dll
 0002:00000040       __imp_IsDebuggerPresent    0000000140011040     Kernel32:KERNEL32.dll
 0002:00000048       __imp_InitializeSListHead  0000000140011048     Kernel32:KERNEL32.dll
 0002:00000050       __imp_GetSystemTimeAsFileTime 0000000140011050     Kernel32:KERNEL32.dll
 0002:00000058       __imp_GetCurrentThreadId   0000000140011058     Kernel32:KERNEL32.dll
 0002:00000060       __imp_GetCurrentProcessId  0000000140011060     Kernel32:KERNEL32.dll
 0002:00000068       __imp_QueryPerformanceCounter 0000000140011068     Kernel32:KERNEL32.dll
 0002:00000070       __imp_IsProcessorFeaturePresent 0000000140011070     Kernel32:KERNEL32.dll
 0002:00000078       __imp_TerminateProcess     0000000140011078     Kernel32:KERNEL32.dll
 0002:00000080       __imp_GetCurrentProcess    0000000140011080     Kernel32:KERNEL32.dll
 0002:00000088       __imp_SetUnhandledExceptionFilter 0000000140011088     Kernel32:KERNEL32.dll
 0002:00000090       __imp_UnhandledExceptionFilter 0000000140011090     Kernel32:KERNEL32.dll
 0002:00000098       __imp_RtlVirtualUnwind     0000000140011098     Kernel32:KERNEL32.dll
 0002:000000a0       __imp_RtlLookupFunctionEntry 00000001400110a0     Kernel32:KERNEL32.dll
 0002:000000a8       __imp_RtlCaptureContext    00000001400110a8     Kernel32:KERNEL32.dll
 0002:000000b0       __imp_GetModuleHandleW     00000001400110b0     Kernel32:KERNEL32.dll
 0002:000000b8       \177KERNEL32_NULL_THUNK_DATA 00000001400110b8     Kernel32:KERNEL32.dll
 0002:000000c0       __imp_?sputn@?$basic_streambuf@DU?$char_traits@D@std@@@std@@QEAA_JPEBD_J@Z 00000001400110c0     msvcprt:MSVCP140.dll
 0002:000000c8       __imp_?_Gninc@?$basic_streambuf@DU?$char_traits@D@std@@@std@@IEAAPEADXZ 00000001400110c8     msvcprt:MSVCP140.dll
 0002:000000d0       __imp_?_Pninc@?$basic_streambuf@DU?$char_traits@D@std@@@std@@IEAAPEADXZ 00000001400110d0     msvcprt:MSVCP140.dll
 0002:000000d8       __imp_?_Init@?$basic_streambuf@DU?$char_traits@D@std@@@std@@IEAAXXZ 00000001400110d8     msvcprt:MSVCP140.dll
 0002:000000e0       __imp_?_Init@?$basic_streambuf@DU?$char_traits@D@std@@@std@@IEAAXPEAPEAD0PEAH001@Z 00000001400110e0     msvcprt:MSVCP140.dll
 0002:000000e8       __imp_?xsgetn@?$basic_streambuf@DU?$char_traits@D@std@@@std@@MEAA_JPEAD_J@Z 00000001400110e8     msvcprt:MSVCP140.dll
 0002:000000f0       __imp_?xsputn@?$basic_streambuf@DU?$char_traits@D@std@@@std@@MEAA_JPEBD_J@Z 00000001400110f0     msvcprt:MSVCP140.dll
 0002:000000f8       __imp_??1?$basic_ios@DU?$char_traits@D@std@@@std@@UEAA@XZ 00000001400110f8     msvcprt:MSVCP140.dll
 0002:00000100       __imp_?clear@?$basic_ios@DU?$char_traits@D@std@@@std@@QEAAXH_N@Z 0000000140011100     msvcprt:MSVCP140.dll
 0002:00000108       __imp_?setstate@?$basic_ios@DU?$char_traits@D@std@@@std@@QEAAXH_N@Z 0000000140011108     msvcprt:MSVCP140.dll
 0002:00000110       __imp_?rdbuf@?$basic_ios@DU?$char_traits@D@std@@@std@@QEAAPEAV?$basic_streambuf@DU?$char_traits@D@std@@@2@PEAV32@@Z 0000000140011110     msvcprt:MSVCP140.dll
 0002:00000118       __imp_?widen@?$basic_ios@DU?$char_traits@D@std@@@std@@QEBADD@Z 0000000140011118     msvcprt:MSVCP140.dll
 0002:00000120       __imp_??0?$basic_ios@DU?$char_traits@D@std@@@std@@IEAA@XZ 0000000140011120     msvcprt:MSVCP140.dll
 0002:00000128       __imp_??0?$basic_ostream@DU?$char_traits@D@std@@@std@@QEAA@PEAV?$basic_streambuf@DU?$char_traits@D@std@@@1@_N@Z 0000000140011128     msvcprt:MSVCP140.dll
 0002:00000130       __imp_??1?$basic_ostream@DU?$char_traits@D@std@@@std@@UEAA@XZ 0000000140011130     msvcprt:MSVCP140.dll
 0002:00000138       __imp_?_Osfx@?$basic_ostream@DU?$char_traits@D@std@@@std@@QEAAXXZ 0000000140011138     msvcprt:MSVCP140.dll
 0002:00000140       __imp_??6?$basic_ostream@DU?$char_traits@D@std@@@std@@QEAAAEAV01@P6AAEAV01@AEAV01@@Z@Z 0000000140011140     msvcprt:MSVCP140.dll
 0002:00000148       __imp_??6?$basic_ostream@DU?$char_traits@D@std@@@std@@QEAAAEAV01@_K@Z 0000000140011148     msvcprt:MSVCP140.dll
 0002:00000150       __imp_?put@?$basic_ostream@DU?$char_traits@D@std@@@std@@QEAAAEAV12@D@Z 0000000140011150     msvcprt:MSVCP140.dll
 0002:00000158       __imp_?flush@?$basic_ostream@DU?$char_traits@D@std@@@std@@QEAAAEAV12@XZ 0000000140011158     msvcprt:MSVCP140.dll
 0002:00000160       __imp_?_Fiopen@std@@YAPEAU_iobuf@@PEBDHH@Z 0000000140011160     msvcprt:MSVCP140.dll
 0002:00000168       __imp_?showmanyc@?$basic_streambuf@DU?$char_traits@D@std@@@std@@MEAA_JXZ 0000000140011168     msvcprt:MSVCP140.dll
 0002:00000170       __imp_?id@?$codecvt@DDU_Mbstatet@@@std@@2V0locale@2@A 0000000140011170     msvcprt:MSVCP140.dll
 0002:00000178       __imp_?cout@std@@3V?$basic_ostream@DU?$char_traits@D@std@@@1@A 0000000140011178     msvcprt:MSVCP140.dll
 0002:00000180       __imp_??1?$basic_streambuf@DU?$char_traits@D@std@@@std@@UEAA@XZ 0000000140011180     msvcprt:MSVCP140.dll
 0002:00000188       __imp_??0?$basic_streambuf@DU?$char_traits@D@std@@@std@@IEAA@XZ 0000000140011188     msvcprt:MSVCP140.dll
 0002:00000190       __imp_?_Getcat@?$codecvt@DDU_Mbstatet@@@std@@SA_KPEAPEBVfacet@locale@2@PEBV42@@Z 0000000140011190     msvcprt:MSVCP140.dll
 0002:00000198       __imp_?unshift@?$codecvt@DDU_Mbstatet@@@std@@QEBAHAEAU_Mbstatet@@PEAD1AEAPEAD@Z 0000000140011198     msvcprt:MSVCP140.dll
 0002:000001a0       __imp_?out@?$codecvt@DDU_Mbstatet@@@std@@QEBAHAEAU_Mbstatet@@PEBD1AEAPEBDPEAD3AEAPEAD@Z 00000001400111a0     msvcprt:MSVCP140.dll
 0002:000001a8       __imp_?in@?$codecvt@DDU_Mbstatet@@@std@@QEBAHAEAU_Mbstatet@@PEBD1AEAPEBDPEAD3AEAPEAD@Z 00000001400111a8     msvcprt:MSVCP140.dll
 0002:000001b0       __imp_?always_noconv@codecvt_base@std@@QEBA_NXZ 00000001400111b0     msvcprt:MSVCP140.dll
 0002:000001b8       __imp_?_Getgloballocale@locale@std@@CAPEAV_Locimp@12@XZ 00000001400111b8     msvcprt:MSVCP140.dll
 0002:000001c0       __imp_??Bid@locale@std@@QEAA_KXZ 00000001400111c0     msvcprt:MSVCP140.dll
 0002:000001c8       __imp_?uncaught_exception@std@@YA_NXZ 00000001400111c8     msvcprt:MSVCP140.dll
 0002:000001d0       __imp_?_Xlength_error@std@@YAXPEBD@Z 00000001400111d0     msvcprt:MSVCP140.dll
 0002:000001d8       __imp_??1_Lockit@std@@QEAA@XZ 00000001400111d8     msvcprt:MSVCP140.dll
 0002:000001e0       __imp_??0_Lockit@std@@QEAA@H@Z 00000001400111e0     msvcprt:MSVCP140.dll
 0002:000001e8       __imp_?sputc@?$basic_streambuf@DU?$char_traits@D@std@@@std@@QEAAHD@Z 00000001400111e8     msvcprt:MSVCP140.dll
 0002:000001f0       __imp_?getloc@?$basic_streambuf@DU?$char_traits@D@std@@@std@@QEBA?AVlocale@2@XZ 00000001400111f0     msvcprt:MSVCP140.dll
 0002:000001f8       \177MSVCP140_NULL_THUNK_DATA 00000001400111f8     msvcprt:MSVCP140.dll
 0002:00000200       __imp___std_exception_copy 0000000140011200     vcruntime:VCRUNTIME140.dll
 0002:00000208       __imp___std_exception_destroy 0000000140011208     vcruntime:VCRUNTIME140.dll
 0002:00000210       __imp___current_exception_context 0000000140011210     vcruntime:VCRUNTIME140.dll
 0002:00000218       __imp___current_exception  0000000140011218     vcruntime:VCRUNTIME140.dll
 0002:00000220       __imp___C_specific_handler 0000000140011220     vcruntime:VCRUNTIME140.dll
 0002:00000228       __imp_memset               0000000140011228     vcruntime:VCRUNTIME140.dll
 0002:00000230       __imp_memmove              0000000140011230     vcruntime:VCRUNTIME140.dll
 0002:00000238       __imp_memcpy               0000000140011238     vcruntime:VCRUNTIME140.dll
 0002:00000240       __imp__CxxThrowException   0000000140011240     vcruntime:VCRUNTIME140.dll
 0002:00000248       \177VCRUNTIME140_NULL_THUNK_DATA 0000000140011248     vcruntime:VCRUNTIME140.dll
 0002:00000250       __imp___CxxFrameHandler4   0000000140011250     vcruntime:VCRUNTIME140_1.dll
 0002:00000258       \177VCRUNTIME140_1_NULL_THUNK_DATA 0000000140011258     vcruntime:VCRUNTIME140_1.dll
 0002:00000260       __imp__unlock_file         0000000140011260     ucrt:api-ms-win-crt-filesystem-l1-1-0.dll
 0002:00000268       __imp__lock_file           0000000140011268     ucrt:api-ms-win-crt-filesystem-l1-1-0.dll
 0002:00000270       \177api-ms-win-crt-filesystem-l1-1-0_NULL_THUNK_DATA 0000000140011270     ucrt:api-ms-win-crt-filesystem-l1-1-0.dll
 0002:00000278       __imp__callnewh            0000000140011278     ucrt:api-ms-win-crt-heap-l1-1-0.dll
 0002:00000280       __imp__set_new_mode        0000000140011280     ucrt:api-ms-win-crt-heap-l1-1-0.dll
 0002:00000288       __imp_free                 0000000140011288     ucrt:api-ms-win-crt-heap-l1-1-0.dll
 0002:00000290       __imp_malloc               0000000140011290     ucrt:api-ms-win-crt-heap-l1-1-0.dll
 0002:00000298       \177api-ms-win-crt-heap-l1-1-0_NULL_THUNK_DATA 0000000140011298     ucrt:api-ms-win-crt-heap-l1-1-0.dll
 0002:000002a0       __imp__configthreadlocale  00000001400112a0     ucrt:api-ms-win-crt-locale-l1-1-0.dll
 0002:000002a8       \177api-ms-win-crt-locale-l1-1-0_NULL_THUNK_DATA 00000001400112a8     ucrt:api-ms-win-crt-locale-l1-1-0.dll
 0002:000002b0       __imp___setusermatherr     00000001400112b0     ucrt:api-ms-win-crt-math-l1-1-0.dll
 0002:000002b8       \177api-ms-win-crt-math-l1-1-0_NULL_THUNK_DATA 00000001400112b8     ucrt:api-ms-win-crt-math-l1-1-0.dll
 0002:000002c0       __imp__exit                00000001400112c0     ucrt:api-ms-win-crt-runtime-l1-1-0.dll
 0002:000002c8       __imp__cexit               00000001400112c8     ucrt:api-ms-win-crt-runtime-l1-1-0.dll
 0002:000002d0       __imp__c_exit              00000001400112d0     ucrt:api-ms-win-crt-runtime-l1-1-0.dll
 0002:000002d8       __imp__register_thread_local_exe_atexit_callback 00000001400112d8     ucrt:api-ms-win-crt-runtime-l1-1-0.dll
 0002:000002e0       __imp__initterm_e          00000001400112e0     ucrt:api-ms-win-crt-runtime-l1-1-0.dll
 0002:000002e8       __imp__get_narrow_winmain_command_line 00000001400112e8     ucrt:api-ms-win-crt-runtime-l1-1-0.dll
 0002:000002f0       __imp__initialize_narrow_environment 00000001400112f0     ucrt:api-ms-win-crt-runtime-l1-1-0.dll
 0002:000002f8       __imp__initialize_onexit_table 00000001400112f8     ucrt:api-ms-win-crt-runtime-l1-1-0.dll
 0002:00000300       __imp__register_onexit_function 0000000140011300     ucrt:api-ms-win-crt-runtime-l1-1-0.dll
 0002:00000308       __imp__crt_atexit          0000000140011308     ucrt:api-ms-win-crt-runtime-l1-1-0.dll
 0002:00000310       __imp__configure_narrow_argv 0000000140011310     ucrt:api-ms-win-crt-runtime-l1-1-0.dll
 0002:00000318       __imp_terminate            0000000140011318     ucrt:api-ms-win-crt-runtime-l1-1-0.dll
 0002:00000320       __imp__set_app_type        0000000140011320     ucrt:api-ms-win-crt-runtime-l1-1-0.dll
 0002:00000328       __imp__seh_filter_exe      0000000140011328     ucrt:api-ms-win-crt-runtime-l1-1-0.dll
 0002:00000330       __imp__wassert             0000000140011330     ucrt:api-ms-win-crt-runtime-l1-1-0.dll
 0002:00000338       __imp_exit                 0000000140011338     ucrt:api-ms-win-crt-runtime-l1-1-0.dll
 0002:00000340       __imp__initterm            0000000140011340     ucrt:api-ms-win-crt-runtime-l1-1-0.dll
 0002:00000348       __imp__invalid_parameter_noinfo_noreturn 0000000140011348     ucrt:api-ms-win-crt-runtime-l1-1-0.dll
 0002:00000350       \177api-ms-win-crt-runtime-l1-1-0_NULL_THUNK_DATA 0000000140011350     ucrt:api-ms-win-crt-runtime-l1-1-0.dll
 0002:00000358       __imp_fread                0000000140011358     ucrt:api-ms-win-crt-stdio-l1-1-0.dll
 0002:00000360       __imp___p__commode         0000000140011360     ucrt:api-ms-win-crt-stdio-l1-1-0.dll
 0002:00000368       __imp__set_fmode           0000000140011368     ucrt:api-ms-win-crt-stdio-l1-1-0.dll
 0002:00000370       __imp_setvbuf              0000000140011370     ucrt:api-ms-win-crt-stdio-l1-1-0.dll
 0002:00000378       __imp_fwrite               0000000140011378     ucrt:api-ms-win-crt-stdio-l1-1-0.dll
 0002:00000380       __imp__fseeki64            0000000140011380     ucrt:api-ms-win-crt-stdio-l1-1-0.dll
 0002:00000388       __imp_fsetpos              0000000140011388     ucrt:api-ms-win-crt-stdio-l1-1-0.dll
 0002:00000390       __imp_ungetc               0000000140011390     ucrt:api-ms-win-crt-stdio-l1-1-0.dll
 0002:00000398       __imp_fputc                0000000140011398     ucrt:api-ms-win-crt-stdio-l1-1-0.dll
 0002:000003a0       __imp_fgetpos              00000001400113a0     ucrt:api-ms-win-crt-stdio-l1-1-0.dll
 0002:000003a8       __imp_fgetc                00000001400113a8     ucrt:api-ms-win-crt-stdio-l1-1-0.dll
 0002:000003b0       __imp_fflush               00000001400113b0     ucrt:api-ms-win-crt-stdio-l1-1-0.dll
 0002:000003b8       __imp_fclose               00000001400113b8     ucrt:api-ms-win-crt-stdio-l1-1-0.dll
 0002:000003c0       __imp__get_stream_buffer_pointers 00000001400113c0     ucrt:api-ms-win-crt-stdio-l1-1-0.dll
 0002:000003c8       \177api-ms-win-crt-stdio-l1-1-0_NULL_THUNK_DATA 00000001400113c8     ucrt:api-ms-win-crt-stdio-l1-1-0.dll
 0002:000003d0       __guard_check_icall_fptr   00000001400113d0     MSVCRT:guard_support.obj
 0002:000003d8       __guard_xfg_check_icall_fptr 00000001400113d8     MSVCRT:guard_support.obj
 0002:000003e0       __guard_dispatch_icall_fptr 00000001400113e0     MSVCRT:guard_support.obj
 0002:000003e8       __guard_xfg_dispatch_icall_fptr 00000001400113e8     MSVCRT:guard_support.obj
 0002:000003f0       __guard_xfg_table_dispatch_icall_fptr 00000001400113f0     MSVCRT:guard_support.obj
 0002:000003f8       __xc_a                     00000001400113f8     MSVCRT:initializers.obj
 0002:00000410       __xc_z                     0000000140011410     MSVCRT:initializers.obj
 0002:00000418       __xi_a                     0000000140011418     MSVCRT:initializers.obj
 0002:00000430       __xi_z                     0000000140011430     MSVCRT:initializers.obj
 0002:00000438       __xp_a                     0000000140011438     MSVCRT:initializers.obj
 0002:00000440       __xp_z                     0000000140011440     MSVCRT:initializers.obj
 0002:00000448       __xt_a                     0000000140011448     MSVCRT:initializers.obj
 0002:00000450       __xt_z                     0000000140011450     MSVCRT:initializers.obj
 0002:00000470       ??_7exception@std@@6B@     0000000140011470     win32_layer.obj
 0002:00000480       ??_C@_0BC@EOODALEL@Unknown?5exception@ 0000000140011480     win32_layer.obj
 0002:000004a0       ??_7bad_alloc@std@@6B@     00000001400114a0     win32_layer.obj
 0002:000004b8       ??_7bad_array_new_length@std@@6B@ 00000001400114b8     win32_layer.obj
 0002:000004c8       ??_C@_0BF@KINCDENJ@bad?5array?5new?5length@ 00000001400114c8     win32_layer.obj
 0002:000004e0       ??_C@_0BA@JFNIOLAK@string?5too?5long@ 00000001400114e0     win32_layer.obj
 0002:000004f8       ??_7bad_cast@std@@6B@      00000001400114f8     win32_layer.obj
 0002:00000508       ??_C@_08EPJLHIJG@bad?5cast@ 0000000140011508     win32_layer.obj
 0002:00000518       ??_C@_0N@HDGKKKFJ@SetupWindows@ 0000000140011518     win32_layer.obj
 0002:00000528       ??_C@_0BA@HLJLLNDF@UpdateAndRender@ 0000000140011528     win32_layer.obj
 0002:00000538       ??_C@_0O@HACFEGHN@LoadResources@ 0000000140011538     win32_layer.obj
 0002:00000548       ??_C@_09LCPNPENN@DLLHandle@ 0000000140011548     win32_layer.obj
 0002:00000560       ??_C@_1KC@DJGBKGJL@?$AAC?$AA?3?$AA?2?$AAU?$AAs?$AAe?$AAr?$AAs?$AA?2?$AAG?$AAi?$AAl?$AAq?$AAa?$AAm@ 0000000140011560     win32_layer.obj
 0002:00000608       ??_C@_1BE@INEBJIFH@?$AAD?$AAL?$AAL?$AAH?$AAa?$AAn?$AAd?$AAl?$AAe@ 0000000140011608     win32_layer.obj
 0002:00000620       ??_C@_0O@EDDCJMOG@RL_InitWindow@ 0000000140011620     win32_layer.obj
 0002:00000630       ??_C@_0BF@IONMOALB@RL_WindowShouldClose@ 0000000140011630     win32_layer.obj
 0002:00000648       ??_C@_0P@FPEFABBB@RL_CloseWindow@ 0000000140011648     win32_layer.obj
 0002:00000658       ??_C@_0BB@LMFFLLGJ@RL_IsWindowReady@ 0000000140011658     win32_layer.obj
 0002:00000670       ??_C@_0BG@HHOFMCMN@RL_IsWindowFullscreen@ 0000000140011670     win32_layer.obj
 0002:00000688       ??_C@_0BC@KGBMBMPB@RL_IsWindowHidden@ 0000000140011688     win32_layer.obj
 0002:000006a0       ??_C@_0BF@EFDCBHPC@RL_IsWindowMinimized@ 00000001400116a0     win32_layer.obj
 0002:000006b8       ??_C@_0BF@EEDOINEG@RL_IsWindowMaximized@ 00000001400116b8     win32_layer.obj
 0002:000006d0       ??_C@_0BD@IEHFDOBF@RL_IsWindowFocused@ 00000001400116d0     win32_layer.obj
 0002:000006e8       ??_C@_0BD@DDKGJBI@RL_IsWindowResized@ 00000001400116e8     win32_layer.obj
 0002:00000700       ??_C@_0BB@NANICIND@RL_IsWindowState@ 0000000140011700     win32_layer.obj
 0002:00000718       ??_C@_0BC@KJFLPMBG@RL_SetWindowState@ 0000000140011718     win32_layer.obj
 0002:00000730       ??_C@_0BE@MJEJABOM@RL_ClearWindowState@ 0000000140011730     win32_layer.obj
 0002:00000748       ??_C@_0BE@MAIPFNMO@RL_ToggleFullscreen@ 0000000140011748     win32_layer.obj
 0002:00000760       ??_C@_0BC@MGNGBLAC@RL_MaximizeWindow@ 0000000140011760     win32_layer.obj
 0002:00000778       ??_C@_0BC@OBGNHMDD@RL_MinimizeWindow@ 0000000140011778     win32_layer.obj
 0002:00000790       ??_C@_0BB@CNGICNBH@RL_RestoreWindow@ 0000000140011790     win32_layer.obj
 0002:000007a8       ??_C@_0BB@IHKHOHOP@RL_SetWindowIcon@ 00000001400117a8     win32_layer.obj
 0002:000007c0       ??_C@_0BC@FJNMMKPI@RL_SetWindowTitle@ 00000001400117c0     win32_layer.obj
 0002:000007d8       ??_C@_0BF@KIBFLIDD@RL_SetWindowPosition@ 00000001400117d8     win32_layer.obj
 0002:000007f0       ??_C@_0BE@HLHKAPOD@RL_SetWindowMonitor@ 00000001400117f0     win32_layer.obj
 0002:00000808       ??_C@_0BE@EOCGPALB@RL_SetWindowMinSize@ 0000000140011808     win32_layer.obj
 0002:00000820       ??_C@_0BB@DLFDDAPI@RL_SetWindowSize@ 0000000140011820     win32_layer.obj
 0002:00000838       ??_C@_0BE@ECNLFENF@RL_SetWindowOpacity@ 0000000140011838     win32_layer.obj
 0002:00000850       ??_C@_0BD@DFLLKDIL@RL_GetWindowHandle@ 0000000140011850     win32_layer.obj
 0002:00000868       ??_C@_0BC@EOBCEKGL@RL_GetScreenWidth@ 0000000140011868     win32_layer.obj
 0002:00000880       ??_C@_0BD@MNBFAGPE@RL_GetScreenHeight@ 0000000140011880     win32_layer.obj
 0002:00000898       ??_C@_0BC@LHJFEPNI@RL_GetRenderWidth@ 0000000140011898     win32_layer.obj
 0002:000008b0       ??_C@_0BD@JPIEGDMH@RL_GetRenderHeight@ 00000001400118b0     win32_layer.obj
 0002:000008c8       ??_C@_0BD@ODAEALAA@RL_GetMonitorCount@ 00000001400118c8     win32_layer.obj
 0002:000008e0       ??_C@_0BF@POIKDAHB@RL_GetCurrentMonitor@ 00000001400118e0     win32_layer.obj
 0002:000008f8       ??_C@_0BG@PBNKBELK@RL_GetMonitorPosition@ 00000001400118f8     win32_layer.obj
 0002:00000910       ??_C@_0BD@OLGAPFCM@RL_GetMonitorWidth@ 0000000140011910     win32_layer.obj
 0002:00000928       ??_C@_0BE@CFAIKAHI@RL_GetMonitorHeight@ 0000000140011928     win32_layer.obj
 0002:00000940       ??_C@_0BL@NJPCCNMI@RL_GetMonitorPhysicalWidth@ 0000000140011940     win32_layer.obj
 0002:00000960       ??_C@_0BM@ICFNBEMB@RL_GetMonitorPhysicalHeight@ 0000000140011960     win32_layer.obj
 0002:00000980       ??_C@_0BJ@KDGEJPLB@RL_GetMonitorRefreshRate@ 0000000140011980     win32_layer.obj
 0002:000009a0       ??_C@_0BF@INBODDCN@RL_GetWindowPosition@ 00000001400119a0     win32_layer.obj
 0002:000009b8       ??_C@_0BF@LJJKNPOK@RL_GetWindowScaleDPI@ 00000001400119b8     win32_layer.obj
 0002:000009d0       ??_C@_0BC@NJOGDPCM@RL_GetMonitorName@ 00000001400119d0     win32_layer.obj
 0002:000009e8       ??_C@_0BE@GGHGMNFH@RL_SetClipboardText@ 00000001400119e8     win32_layer.obj
 0002:00000a00       ??_C@_0BE@CCPHDOF@RL_GetClipboardText@ 0000000140011a00     win32_layer.obj
 0002:00000a18       ??_C@_0BG@OPGAMLIK@RL_EnableEventWaiting@ 0000000140011a18     win32_layer.obj
 0002:00000a30       ??_C@_0BH@EHIJHBKI@RL_DisableEventWaiting@ 0000000140011a30     win32_layer.obj
 0002:00000a48       ??_C@_0BE@HADKNLDB@RL_SwapScreenBuffer@ 0000000140011a48     win32_layer.obj
 0002:00000a60       ??_C@_0BD@BEOAJIEP@RL_PollInputEvents@ 0000000140011a60     win32_layer.obj
 0002:00000a78       ??_C@_0M@JHPAHHIG@RL_WaitTime@ 0000000140011a78     win32_layer.obj
 0002:00000a88       ??_C@_0O@NMMJFFK@RL_ShowCursor@ 0000000140011a88     win32_layer.obj
 0002:00000a98       ??_C@_0O@NDBCBFGA@RL_HideCursor@ 0000000140011a98     win32_layer.obj
 0002:00000aa8       ??_C@_0BC@PCMOLCDJ@RL_IsCursorHidden@ 0000000140011aa8     win32_layer.obj
 0002:00000ac0       ??_C@_0BA@CPOPPAAJ@RL_EnableCursor@ 0000000140011ac0     win32_layer.obj
 0002:00000ad0       ??_C@_0BB@JFNDACDB@RL_DisableCursor@ 0000000140011ad0     win32_layer.obj
 0002:00000ae8       ??_C@_0BE@IFCNOBBB@RL_IsCursorOnScreen@ 0000000140011ae8     win32_layer.obj
 0002:00000b00       ??_C@_0BD@GCDBJKHI@RL_ClearBackground@ 0000000140011b00     win32_layer.obj
 0002:00000b18       ??_C@_0BA@HPBBHDGG@RL_BeginDrawing@ 0000000140011b18     win32_layer.obj
 0002:00000b28       ??_C@_0O@JIOGHLBF@RL_EndDrawing@ 0000000140011b28     win32_layer.obj
 0002:00000b38       ??_C@_0P@LPAKGADM@RL_BeginMode2D@ 0000000140011b38     win32_layer.obj
 0002:00000b48       ??_C@_0N@PACPBEDC@RL_EndMode2D@ 0000000140011b48     win32_layer.obj
 0002:00000b58       ??_C@_0P@LOMIAKAL@RL_BeginMode3D@ 0000000140011b58     win32_layer.obj
 0002:00000b68       ??_C@_0N@PBONHOAF@RL_EndMode3D@ 0000000140011b68     win32_layer.obj
 0002:00000b78       ??_C@_0BE@OAKKGPFO@RL_BeginTextureMode@ 0000000140011b78     win32_layer.obj
 0002:00000b90       ??_C@_0BC@PCKADBDF@RL_EndTextureMode@ 0000000140011b90     win32_layer.obj
 0002:00000ba8       ??_C@_0BD@GLFJMPPB@RL_BeginShaderMode@ 0000000140011ba8     win32_layer.obj
 0002:00000bc0       ??_C@_0BB@NGOOPEKI@RL_EndShaderMode@ 0000000140011bc0     win32_layer.obj
 0002:00000bd8       ??_C@_0BC@ENKEDPAO@RL_BeginBlendMode@ 0000000140011bd8     win32_layer.obj
 0002:00000bf0       ??_C@_0BA@EHGNHKPO@RL_EndBlendMode@ 0000000140011bf0     win32_layer.obj
 0002:00000c00       ??_C@_0BE@ODPANCH@RL_BeginScissorMode@ 0000000140011c00     win32_layer.obj
 0002:00000c18       ??_C@_0BC@BMDFFDEM@RL_EndScissorMode@ 0000000140011c18     win32_layer.obj
 0002:00000c30       ??_C@_0O@NHGHNJFN@RL_LoadShader@ 0000000140011c30     win32_layer.obj
 0002:00000c40       ??_C@_0BI@JCPLLDJN@RL_LoadShaderFromMemory@ 0000000140011c40     win32_layer.obj
 0002:00000c58       ??_C@_0BF@HIOCFOAL@RL_GetShaderLocation@ 0000000140011c58     win32_layer.obj
 0002:00000c70       ??_C@_0BL@GEBGNHLK@RL_GetShaderLocationAttrib@ 0000000140011c70     win32_layer.obj
 0002:00000c90       ??_C@_0BC@FCEFELOA@RL_SetShaderValue@ 0000000140011c90     win32_layer.obj
 0002:00000ca8       ??_C@_0BD@EMLJFNOB@RL_SetShaderValueV@ 0000000140011ca8     win32_layer.obj
 0002:00000cc0       ??_C@_0BI@HBGFMFAE@RL_SetShaderValueMatrix@ 0000000140011cc0     win32_layer.obj
 0002:00000cd8       ??_C@_0BJ@GHPHGIAH@RL_SetShaderValueTexture@ 0000000140011cd8     win32_layer.obj
 0002:00000cf8       ??_C@_0BA@KHOIPNIE@RL_UnloadShader@ 0000000140011cf8     win32_layer.obj
 0002:00000d08       ??_C@_0P@EDJBOGNM@RL_GetMouseRay@ 0000000140011d08     win32_layer.obj
 0002:00000d18       ??_C@_0BD@CCMPIPLM@RL_GetCameraMatrix@ 0000000140011d18     win32_layer.obj
 0002:00000d30       ??_C@_0BF@IGINOGDF@RL_GetCameraMatrix2D@ 0000000140011d30     win32_layer.obj
 0002:00000d48       ??_C@_0BE@DDPAJNBE@RL_GetWorldToScreen@ 0000000140011d48     win32_layer.obj
 0002:00000d60       ??_C@_0BG@HHDNFKGJ@RL_GetScreenToWorld2D@ 0000000140011d60     win32_layer.obj
 0002:00000d78       ??_C@_0BG@DBKHLHIJ@RL_GetWorldToScreenEx@ 0000000140011d78     win32_layer.obj
 0002:00000d90       ??_C@_0BG@BDOKLAKD@RL_GetWorldToScreen2D@ 0000000140011d90     win32_layer.obj
 0002:00000da8       ??_C@_0BA@KENLDNPK@RL_SetTargetFPS@ 0000000140011da8     win32_layer.obj
 0002:00000db8       ??_C@_09IDKGGEFC@RL_GetFPS@ 0000000140011db8     win32_layer.obj
 0002:00000dc8       ??_C@_0BA@KMAIMAIL@RL_GetFrameTime@ 0000000140011dc8     win32_layer.obj
 0002:00000dd8       ??_C@_0L@CEJKLCAN@RL_GetTime@ 0000000140011dd8     win32_layer.obj
 0002:00000de8       ??_C@_0BC@INOOGIEE@RL_GetRandomValue@ 0000000140011de8     win32_layer.obj
 0002:00000e00       ??_C@_0BB@LPCJJHAH@RL_SetRandomSeed@ 0000000140011e00     win32_layer.obj
 0002:00000e18       ??_C@_0BC@PFJFHNPH@RL_TakeScreenshot@ 0000000140011e18     win32_layer.obj
 0002:00000e30       ??_C@_0BC@MAMELKIM@RL_SetConfigFlags@ 0000000140011e30     win32_layer.obj
 0002:00000e48       ??_C@_0BE@MAMLGHIH@RL_SetTraceLogLevel@ 0000000140011e48     win32_layer.obj
 0002:00000e60       ??_C@_0M@HJPNHDAD@RL_MemAlloc@ 0000000140011e60     win32_layer.obj
 0002:00000e70       ??_C@_0O@CLILLEIC@RL_MemRealloc@ 0000000140011e70     win32_layer.obj
 0002:00000e80       ??_C@_0L@CKILIFC@RL_MemFree@ 0000000140011e80     win32_layer.obj
 0002:00000e90       ??_C@_0L@DAAOBBJH@RL_OpenURL@ 0000000140011e90     win32_layer.obj
 0002:00000ea0       ??_C@_0BH@INBAFBOM@RL_SetTraceLogCallback@ 0000000140011ea0     win32_layer.obj
 0002:00000eb8       ??_C@_0BA@OBHPEPGE@RL_LoadFileData@ 0000000140011eb8     win32_layer.obj
 0002:00000ec8       ??_C@_0BC@INIGKFGM@RL_UnloadFileData@ 0000000140011ec8     win32_layer.obj
 0002:00000ee0       ??_C@_0BA@PDDGFFOD@RL_SaveFileData@ 0000000140011ee0     win32_layer.obj
 0002:00000ef0       ??_C@_0BE@KJBEFFCE@RL_ExportDataAsCode@ 0000000140011ef0     win32_layer.obj
 0002:00000f08       ??_C@_0BA@DAFCFAMB@RL_LoadFileText@ 0000000140011f08     win32_layer.obj
 0002:00000f18       ??_C@_0BC@FMKLLKMJ@RL_UnloadFileText@ 0000000140011f18     win32_layer.obj
 0002:00000f30       ??_C@_0BA@CCBLEKEG@RL_SaveFileText@ 0000000140011f30     win32_layer.obj
 0002:00000f40       ??_C@_0O@PLKKGBNJ@RL_FileExists@ 0000000140011f40     win32_layer.obj
 0002:00000f50       ??_C@_0BD@OEKHFDDI@RL_DirectoryExists@ 0000000140011f50     win32_layer.obj
 0002:00000f68       ??_C@_0BD@ENCBMJAP@RL_IsFileExtension@ 0000000140011f68     win32_layer.obj
 0002:00000f80       ??_C@_0BB@HPHMGIEO@RL_GetFileLength@ 0000000140011f80     win32_layer.obj
 0002:00000f98       ??_C@_0BE@BOELDLPI@RL_GetFileExtension@ 0000000140011f98     win32_layer.obj
 0002:00000fb0       ??_C@_0P@JLIAKEHO@RL_GetFileName@ 0000000140011fb0     win32_layer.obj
 0002:00000fc0       ??_C@_0BJ@KKDCMEHJ@RL_GetFileNameWithoutExt@ 0000000140011fc0     win32_layer.obj
 0002:00000fe0       ??_C@_0BE@CGPMGKAG@RL_GetDirectoryPath@ 0000000140011fe0     win32_layer.obj
 0002:00000ff8       ??_C@_0BI@JJNCGMBC@RL_GetPrevDirectoryPath@ 0000000140011ff8     win32_layer.obj
 0002:00001010       ??_C@_0BH@GCNJBNKP@RL_GetWorkingDirectory@ 0000000140012010     win32_layer.obj
 0002:00001028       ??_C@_0BL@KGEBPLLD@RL_GetApplicationDirectory@ 0000000140012028     win32_layer.obj
 0002:00001048       ??_C@_0BD@CPPCCKPA@RL_ChangeDirectory@ 0000000140012048     win32_layer.obj
 0002:00001060       ??_C@_0O@GLMLFNEO@RL_IsPathFile@ 0000000140012060     win32_layer.obj
 0002:00001070       ??_C@_0BG@IJHBKLBO@RL_LoadDirectoryFiles@ 0000000140012070     win32_layer.obj
 0002:00001088       ??_C@_0BI@EPCHABL@RL_LoadDirectoryFilesEx@ 0000000140012088     win32_layer.obj
 0002:000010a0       ??_C@_0BI@LNOFJNGE@RL_UnloadDirectoryFiles@ 00000001400120a0     win32_layer.obj
 0002:000010b8       ??_C@_0BB@MIKNLFHD@RL_IsFileDropped@ 00000001400120b8     win32_layer.obj
 0002:000010d0       ??_C@_0BE@NAKHIFHH@RL_LoadDroppedFiles@ 00000001400120d0     win32_layer.obj
 0002:000010e8       ??_C@_0BG@DABMIPGJ@RL_UnloadDroppedFiles@ 00000001400120e8     win32_layer.obj
 0002:00001100       ??_C@_0BC@COJHMFE@RL_GetFileModTime@ 0000000140012100     win32_layer.obj
 0002:00001118       ??_C@_0BA@ICDLKADE@RL_CompressData@ 0000000140012118     win32_layer.obj
 0002:00001128       ??_C@_0BC@FMGDDFHG@RL_DecompressData@ 0000000140012128     win32_layer.obj
 0002:00001140       ??_C@_0BE@LHBAFINI@RL_EncodeDataBase64@ 0000000140012140     win32_layer.obj
 0002:00001158       ??_C@_0BE@GKGNLICG@RL_DecodeDataBase64@ 0000000140012158     win32_layer.obj
 0002:00001170       ??_C@_0BA@KLNKIGCB@RL_IsKeyPressed@ 0000000140012170     win32_layer.obj
 0002:00001180       ??_C@_0N@JFBPLHO@RL_IsKeyDown@ 0000000140012180     win32_layer.obj
 0002:00001190       ??_C@_0BB@DLFMHGAM@RL_IsKeyReleased@ 0000000140012190     win32_layer.obj
 0002:000011a8       ??_C@_0L@BBKHCICG@RL_IsKeyUp@ 00000001400121a8     win32_layer.obj
 0002:000011b8       ??_C@_0O@JLIDNMPN@RL_SetExitKey@ 00000001400121b8     win32_layer.obj
 0002:000011c8       ??_C@_0BB@ILKIFEFP@RL_GetKeyPressed@ 00000001400121c8     win32_layer.obj
 0002:000011e0       ??_C@_0BC@BHDNFOML@RL_GetCharPressed@ 00000001400121e0     win32_layer.obj
 0002:000011f8       ??_C@_0BG@JGMOPLJD@RL_IsGamepadAvailable@ 00000001400121f8     win32_layer.obj
 0002:00001210       ??_C@_0BC@GNFOCAHN@RL_GetGamepadName@ 0000000140012210     win32_layer.obj
 0002:00001228       ??_C@_0BK@CGPBLBLL@RL_IsGamepadButtonPressed@ 0000000140012228     win32_layer.obj
 0002:00001248       ??_C@_0BH@GCPKBOPG@RL_IsGamepadButtonDown@ 0000000140012248     win32_layer.obj
 0002:00001260       ??_C@_0BL@CLALCHGB@RL_IsGamepadButtonReleased@ 0000000140012260     win32_layer.obj
 0002:00001280       ??_C@_0BF@BPLHNFFJ@RL_IsGamepadButtonUp@ 0000000140012280     win32_layer.obj
 0002:00001298       ??_C@_0BL@NFEIMCFO@RL_GetGamepadButtonPressed@ 0000000140012298     win32_layer.obj
 0002:000012b8       ??_C@_0BH@KBHIAHJB@RL_GetGamepadAxisCount@ 00000001400122b8     win32_layer.obj
 0002:000012d0       ??_C@_0BK@BGLBCEHJ@RL_GetGamepadAxisMovement@ 00000001400122d0     win32_layer.obj
 0002:000012f0       ??_C@_0BG@CGMHFFAJ@RL_SetGamepadMappings@ 00000001400122f0     win32_layer.obj
 0002:00001308       ??_C@_0BI@BAONBFHB@RL_IsMouseButtonPressed@ 0000000140012308     win32_layer.obj
 0002:00001320       ??_C@_0BF@LDOHDBJP@RL_IsMouseButtonDown@ 0000000140012320     win32_layer.obj
 0002:00001338       ??_C@_0BJ@FAIMBAGL@RL_IsMouseButtonReleased@ 0000000140012338     win32_layer.obj
 0002:00001358       ??_C@_0BD@OLHIBGPM@RL_IsMouseButtonUp@ 0000000140012358     win32_layer.obj
 0002:00001370       ??_C@_0N@KNECLIOA@RL_GetMouseX@ 0000000140012370     win32_layer.obj
 0002:00001380       ??_C@_0N@LEFJIJKB@RL_GetMouseY@ 0000000140012380     win32_layer.obj
 0002:00001390       ??_C@_0BE@NKOKENGH@RL_GetMousePosition@ 0000000140012390     win32_layer.obj
 0002:000013a8       ??_C@_0BB@MDCPEEO@RL_GetMouseDelta@ 00000001400123a8     win32_layer.obj
 0002:000013c0       ??_C@_0BE@LOLDPDNF@RL_SetMousePosition@ 00000001400123c0     win32_layer.obj
 0002:000013d8       ??_C@_0BC@EANILGCN@RL_SetMouseOffset@ 00000001400123d8     win32_layer.obj
 0002:000013f0       ??_C@_0BB@GGIMGPKL@RL_SetMouseScale@ 00000001400123f0     win32_layer.obj
 0002:00001408       ??_C@_0BF@PJLOFOMG@RL_GetMouseWheelMove@ 0000000140012408     win32_layer.obj
 0002:00001420       ??_C@_0BG@JOBPCDAJ@RL_GetMouseWheelMoveV@ 0000000140012420     win32_layer.obj
 0002:00001438       ??_C@_0BC@MMJHLPHO@RL_SetMouseCursor@ 0000000140012438     win32_layer.obj
 0002:00001450       ??_C@_0N@HMFKFDB@RL_GetTouchX@ 0000000140012450     win32_layer.obj
 0002:00001460       ??_C@_0N@BONOJEHA@RL_GetTouchY@ 0000000140012460     win32_layer.obj
 0002:00001470       ??_C@_0BE@EJAGMBDA@RL_GetTouchPosition@ 0000000140012470     win32_layer.obj
 0002:00001488       ??_C@_0BD@OFIFDHP@RL_GetTouchPointId@ 0000000140012488     win32_layer.obj
 0002:000014a0       ??_C@_0BG@CIDLOADD@RL_GetTouchPointCount@ 00000001400124a0     win32_layer.obj
 0002:000014b8       ??_C@_0BG@JHAMHABO@RL_SetGesturesEnabled@ 00000001400124b8     win32_layer.obj
 0002:000014d0       ??_C@_0BF@CGLMOJMN@RL_IsGestureDetected@ 00000001400124d0     win32_layer.obj
 0002:000014e8       ??_C@_0BG@COPCFOON@RL_GetGestureDetected@ 00000001400124e8     win32_layer.obj
 0002:00001500       ??_C@_0BK@BJBGODDA@RL_GetGestureHoldDuration@ 0000000140012500     win32_layer.obj
 0002:00001520       ??_C@_0BI@LFAJCLOP@RL_GetGestureDragVector@ 0000000140012520     win32_layer.obj
 0002:00001538       ??_C@_0BH@GJFEEAIK@RL_GetGestureDragAngle@ 0000000140012538     win32_layer.obj
 0002:00001550       ??_C@_0BJ@JNJEMEIJ@RL_GetGesturePinchVector@ 0000000140012550     win32_layer.obj
 0002:00001570       ??_C@_0BI@PGADLILC@RL_GetGesturePinchAngle@ 0000000140012570     win32_layer.obj
 0002:00001588       ??_C@_0BB@PMAJBPND@RL_SetCameraMode@ 0000000140012588     win32_layer.obj
 0002:000015a0       ??_C@_0BA@IJCNKGDF@RL_UpdateCamera@ 00000001400125a0     win32_layer.obj
 0002:000015b0       ??_C@_0BH@GOPHCHFE@RL_SetCameraPanControl@ 00000001400125b0     win32_layer.obj
 0002:000015c8       ??_C@_0BH@MNJPHPAA@RL_SetCameraAltControl@ 00000001400125c8     win32_layer.obj
 0002:000015e0       ??_C@_0BO@FFNLBLDM@RL_SetCameraSmoothZoomControl@ 00000001400125e0     win32_layer.obj
 0002:00001600       ??_C@_0BJ@EFDDLFHH@RL_SetCameraMoveControls@ 0000000140012600     win32_layer.obj
 0002:00001620       ??_C@_0BE@LKIPKEKL@RL_SetShapesTexture@ 0000000140012620     win32_layer.obj
 0002:00001638       ??_C@_0N@IKILFCAF@RL_DrawPixel@ 0000000140012638     win32_layer.obj
 0002:00001648       ??_C@_0O@JMABIFAP@RL_DrawPixelV@ 0000000140012648     win32_layer.obj
 0002:00001658       ??_C@_0M@BHCEGBCJ@RL_DrawLine@ 0000000140012658     win32_layer.obj
 0002:00001668       ??_C@_0N@KOEEEGNP@RL_DrawLineV@ 0000000140012668     win32_layer.obj
 0002:00001678       ??_C@_0O@OPEEGFNE@RL_DrawLineEx@ 0000000140012678     win32_layer.obj
 0002:00001688       ??_C@_0BC@JPDMCPHO@RL_DrawLineBezier@ 0000000140012688     win32_layer.obj
 0002:000016a0       ??_C@_0BG@LKKEJIDJ@RL_DrawLineBezierQuad@ 00000001400126a0     win32_layer.obj
 0002:000016b8       ??_C@_0BH@EFBMILNJ@RL_DrawLineBezierCubic@ 00000001400126b8     win32_layer.obj
 0002:000016d0       ??_C@_0BB@FKMLGKKB@RL_DrawLineStrip@ 00000001400126d0     win32_layer.obj
 0002:000016e8       ??_C@_0O@FBIHCBBB@RL_DrawCircle@ 00000001400126e8     win32_layer.obj
 0002:000016f8       ??_C@_0BE@HJCNNHD@RL_DrawCircleSector@ 00000001400126f8     win32_layer.obj
 0002:00001710       ??_C@_0BJ@KGNFHNOH@RL_DrawCircleSectorLines@ 0000000140012710     win32_layer.obj
 0002:00001730       ??_C@_0BG@KEPPHLGN@RL_DrawCircleGradient@ 0000000140012730     win32_layer.obj
 0002:00001748       ??_C@_0P@IGAAFNAB@RL_DrawCircleV@ 0000000140012748     win32_layer.obj
 0002:00001758       ??_C@_0BD@HPJLGLJM@RL_DrawCircleLines@ 0000000140012758     win32_layer.obj
 0002:00001770       ??_C@_0P@JHDEFCLO@RL_DrawEllipse@ 0000000140012770     win32_layer.obj
 0002:00001780       ??_C@_0BE@KONOFMCI@RL_DrawEllipseLines@ 0000000140012780     win32_layer.obj
 0002:00001798       ??_C@_0M@PKMCCKEI@RL_DrawRing@ 0000000140012798     win32_layer.obj
 0002:000017a8       ??_C@_0BB@KGDLGLCO@RL_DrawRingLines@ 00000001400127a8     win32_layer.obj
 0002:000017c0       ??_C@_0BB@OKGPAAJC@RL_DrawRectangle@ 00000001400127c0     win32_layer.obj
 0002:000017d8       ??_C@_0BC@PCAKGHLK@RL_DrawRectangleV@ 00000001400127d8     win32_layer.obj
 0002:000017f0       ??_C@_0BE@ECFCOGDL@RL_DrawRectangleRec@ 00000001400127f0     win32_layer.obj
 0002:00001808       ??_C@_0BE@FNIHNEEJ@RL_DrawRectanglePro@ 0000000140012808     win32_layer.obj
 0002:00001820       ??_C@_0BK@PFAAENMI@RL_DrawRectangleGradientV@ 0000000140012820     win32_layer.obj
 0002:00001840       ??_C@_0BK@CBEBHCBH@RL_DrawRectangleGradientH@ 0000000140012840     win32_layer.obj
 0002:00001860       ??_C@_0BL@GMMMKEBI@RL_DrawRectangleGradientEx@ 0000000140012860     win32_layer.obj
 0002:00001880       ??_C@_0BG@DBJDJPOO@RL_DrawRectangleLines@ 0000000140012880     win32_layer.obj
 0002:00001898       ??_C@_0BI@DBPKNNPB@RL_DrawRectangleLinesEx@ 0000000140012898     win32_layer.obj
 0002:000018b0       ??_C@_0BI@DGCOHMAA@RL_DrawRectangleRounded@ 00000001400128b0     win32_layer.obj
 0002:000018c8       ??_C@_0BN@OHGJJJFO@RL_DrawRectangleRoundedLines@ 00000001400128c8     win32_layer.obj
 0002:000018e8       ??_C@_0BA@FHFPDPHO@RL_DrawTriangle@ 00000001400128e8     win32_layer.obj
 0002:000018f8       ??_C@_0BE@BIMJINJJ@DrawTriangleRotated@ 00000001400128f8     win32_layer.obj
 0002:00001910       ??_C@_0BF@BPPGIKC@RL_DrawTriangleLines@ 0000000140012910     win32_layer.obj
 0002:00001928       ??_C@_0BJ@ENHBMPHA@DrawTriangleLinesRotated@ 0000000140012928     win32_layer.obj
 0002:00001948       ??_C@_0BD@PBHBMDIL@RL_DrawTriangleFan@ 0000000140012948     win32_layer.obj
 0002:00001960       ??_C@_0BF@FDPHMJFP@RL_DrawTriangleStrip@ 0000000140012960     win32_layer.obj
 0002:00001978       ??_C@_0M@GMOBIKE@DrawPolygon@ 0000000140012978     win32_layer.obj
 0002:00001988       ??_C@_0M@HCKMMNEF@RL_DrawPoly@ 0000000140012988     win32_layer.obj
 0002:00001998       ??_C@_0BB@KEBACCHH@RL_DrawPolyLines@ 0000000140012998     win32_layer.obj
 0002:000019b0       ??_C@_0BD@CEKJLGBA@RL_DrawPolyLinesEx@ 00000001400129b0     win32_layer.obj
 0002:000019c8       ??_C@_0BG@GCKFLNPN@RL_CheckCollisionRecs@ 00000001400129c8     win32_layer.obj
 0002:000019e0       ??_C@_0BJ@KOOOBBEL@RL_CheckCollisionCircles@ 00000001400129e0     win32_layer.obj
 0002:00001a00       ??_C@_0BL@GBHPOBCG@RL_CheckCollisionCircleRec@ 0000000140012a00     win32_layer.obj
 0002:00001a20       ??_C@_0BK@NCCBCN@RL_CheckCollisionPointRec@ 0000000140012a20     win32_layer.obj
 0002:00001a40       ??_C@_0BN@EPOIGPNA@RL_CheckCollisionPointCircle@ 0000000140012a40     win32_layer.obj
 0002:00001a60       ??_C@_0BP@BENKKLIJ@RL_CheckCollisionPointTriangle@ 0000000140012a60     win32_layer.obj
 0002:00001a80       ??_C@_0BH@NBJBIINM@RL_CheckCollisionLines@ 0000000140012a80     win32_layer.obj
 0002:00001a98       ??_C@_0BL@MAILBELO@RL_CheckCollisionPointLine@ 0000000140012a98     win32_layer.obj
 0002:00001ab8       ??_C@_0BD@MNNICMEO@RL_GetCollisionRec@ 0000000140012ab8     win32_layer.obj
 0002:00001ad0       ??_C@_0N@LMOLLDCF@RL_LoadImage@ 0000000140012ad0     win32_layer.obj
 0002:00001ae0       ??_C@_0BA@IONJMLDD@RL_LoadImageRaw@ 0000000140012ae0     win32_layer.obj
 0002:00001af0       ??_C@_0BB@GJGNOEJ@RL_LoadImageAnim@ 0000000140012af0     win32_layer.obj
 0002:00001b08       ??_C@_0BH@DDANPFEB@RL_LoadImageFromMemory@ 0000000140012b08     win32_layer.obj
 0002:00001b20       ??_C@_0BI@KPDPCLPC@RL_LoadImageFromTexture@ 0000000140012b20     win32_layer.obj
 0002:00001b38       ??_C@_0BH@EDFCCAJL@RL_LoadImageFromScreen@ 0000000140012b38     win32_layer.obj
 0002:00001b50       ??_C@_0P@FJDLOFCA@RL_UnloadImage@ 0000000140012b50     win32_layer.obj
 0002:00001b60       ??_C@_0P@LLBIMNDE@RL_ExportImage@ 0000000140012b60     win32_layer.obj
 0002:00001b70       ??_C@_0BF@JGEADPCA@RL_ExportImageAsCode@ 0000000140012b70     win32_layer.obj
 0002:00001b88       ??_C@_0BB@HBMFFLNK@RL_GenImageColor@ 0000000140012b88     win32_layer.obj
 0002:00001ba0       ??_C@_0BF@CJMKAOHB@RL_GenImageGradientV@ 0000000140012ba0     win32_layer.obj
 0002:00001bb8       ??_C@_0BF@PNILDBKO@RL_GenImageGradientH@ 0000000140012bb8     win32_layer.obj
 0002:00001bd0       ??_C@_0BK@GBDFCGGF@RL_GenImageGradientRadial@ 0000000140012bd0     win32_layer.obj
 0002:00001bf0       ??_C@_0BD@MCKKOJBG@RL_GenImageChecked@ 0000000140012bf0     win32_layer.obj
 0002:00001c08       ??_C@_0BG@GNOGOPOH@RL_GenImageWhiteNoise@ 0000000140012c08     win32_layer.obj
 0002:00001c20       ??_C@_0BE@LCMHECJJ@RL_GenImageCellular@ 0000000140012c20     win32_layer.obj
 0002:00001c38       ??_C@_0N@FEICIBMJ@RL_ImageCopy@ 0000000140012c38     win32_layer.obj
 0002:00001c48       ??_C@_0BC@JPFHMDAL@RL_ImageFromImage@ 0000000140012c48     win32_layer.obj
 0002:00001c60       ??_C@_0N@FCECAFMK@RL_ImageText@ 0000000140012c60     win32_layer.obj
 0002:00001c70       ??_C@_0P@NAMICFNM@RL_ImageTextEx@ 0000000140012c70     win32_layer.obj
 0002:00001c80       ??_C@_0P@HFECCKNJ@RL_ImageFormat@ 0000000140012c80     win32_layer.obj
 0002:00001c90       ??_C@_0O@KCDMGEPK@RL_ImageToPOT@ 0000000140012c90     win32_layer.obj
 0002:00001ca0       ??_C@_0N@DAEJFBIP@RL_ImageCrop@ 0000000140012ca0     win32_layer.obj
 0002:00001cb0       ??_C@_0BC@COBEFC@RL_ImageAlphaCrop@ 0000000140012cb0     win32_layer.obj
 0002:00001cc8       ??_C@_0BD@DFOFAFHI@RL_ImageAlphaClear@ 0000000140012cc8     win32_layer.obj
 0002:00001ce0       ??_C@_0BC@EBLIMDMM@RL_ImageAlphaMask@ 0000000140012ce0     win32_layer.obj
 0002:00001cf8       ??_C@_0BJ@BLOPJAHM@RL_ImageAlphaPremultiply@ 0000000140012cf8     win32_layer.obj
 0002:00001d18       ??_C@_0P@LGOAGAAE@RL_ImageResize@ 0000000140012d18     win32_layer.obj
 0002:00001d28       ??_C@_0BB@DNCANAPN@RL_ImageResizeNN@ 0000000140012d28     win32_layer.obj
 0002:00001d40       ??_C@_0BF@IGBFPIJE@RL_ImageResizeCanvas@ 0000000140012d40     win32_layer.obj
 0002:00001d58       ??_C@_0BA@IPBDCCNE@RL_ImageMipmaps@ 0000000140012d58     win32_layer.obj
 0002:00001d68       ??_C@_0P@NNEJNCCF@RL_ImageDither@ 0000000140012d68     win32_layer.obj
 0002:00001d78       ??_C@_0BF@NJJHABHO@RL_ImageFlipVertical@ 0000000140012d78     win32_layer.obj
 0002:00001d90       ??_C@_0BH@HMPDMNLC@RL_ImageFlipHorizontal@ 0000000140012d90     win32_layer.obj
 0002:00001da8       ??_C@_0BB@KJPMPEPM@RL_ImageRotateCW@ 0000000140012da8     win32_layer.obj
 0002:00001dc0       ??_C@_0BC@FKHHICPM@RL_ImageRotateCCW@ 0000000140012dc0     win32_layer.obj
 0002:00001dd8       ??_C@_0BC@GGNBKGEK@RL_ImageColorTint@ 0000000140012dd8     win32_layer.obj
 0002:00001df0       ??_C@_0BE@IKDMOGEA@RL_ImageColorInvert@ 0000000140012df0     win32_layer.obj
 0002:00001e08       ??_C@_0BH@BGKNEPAO@RL_ImageColorGrayscale@ 0000000140012e08     win32_layer.obj
 0002:00001e20       ??_C@_0BG@GAMMGLF@RL_ImageColorContrast@ 0000000140012e20     win32_layer.obj
 0002:00001e38       ??_C@_0BI@NMPLHKLA@RL_ImageColorBrightness@ 0000000140012e38     win32_layer.obj
 0002:00001e50       ??_C@_0BF@MNIGFHPL@RL_ImageColorReplace@ 0000000140012e50     win32_layer.obj
 0002:00001e68       ??_C@_0BD@CNJNBOHF@RL_LoadImageColors@ 0000000140012e68     win32_layer.obj
 0002:00001e80       ??_C@_0BE@PAFHJLCC@RL_LoadImagePalette@ 0000000140012e80     win32_layer.obj
 0002:00001e98       ??_C@_0BF@EDHOBOHP@RL_UnloadImageColors@ 0000000140012e98     win32_layer.obj
 0002:00001eb0       ??_C@_0BG@BAOMJBDM@RL_UnloadImagePalette@ 0000000140012eb0     win32_layer.obj
 0002:00001ec8       ??_C@_0BH@EEILJODF@RL_GetImageAlphaBorder@ 0000000140012ec8     win32_layer.obj
 0002:00001ee0       ??_C@_0BB@JHOKFOEH@RL_GetImageColor@ 0000000140012ee0     win32_layer.obj
 0002:00001ef8       ??_C@_0BI@MLDLBPGN@RL_ImageClearBackground@ 0000000140012ef8     win32_layer.obj
 0002:00001f10       ??_C@_0BC@GDIIEACF@RL_ImageDrawPixel@ 0000000140012f10     win32_layer.obj
 0002:00001f28       ??_C@_0BD@KHIGKGNF@RL_ImageDrawPixelV@ 0000000140012f28     win32_layer.obj
 0002:00001f40       ??_C@_0BB@HHJDHECP@RL_ImageDrawLine@ 0000000140012f40     win32_layer.obj
 0002:00001f58       ??_C@_0BC@EHEHFEPP@RL_ImageDrawLineV@ 0000000140012f58     win32_layer.obj
 0002:00001f70       ??_C@_0BD@GKAAACML@RL_ImageDrawCircle@ 0000000140012f70     win32_layer.obj
 0002:00001f88       ??_C@_0BE@OADNOBOI@RL_ImageDrawCircleV@ 0000000140012f88     win32_layer.obj
 0002:00001fa0       ??_C@_0BG@KHAENBKN@RL_ImageDrawRectangle@ 0000000140012fa0     win32_layer.obj
 0002:00001fb8       ??_C@_0BH@EECBCBFG@RL_ImageDrawRectangleV@ 0000000140012fb8     win32_layer.obj
 0002:00001fd0       ??_C@_0BJ@CPCGAIFF@RL_ImageDrawRectangleRec@ 0000000140012fd0     win32_layer.obj
 0002:00001ff0       ??_C@_0BL@INFPHLMM@RL_ImageDrawRectangleLines@ 0000000140012ff0     win32_layer.obj
 0002:00002010       ??_C@_0N@MHLGDGFC@RL_ImageDraw@ 0000000140013010     win32_layer.obj
 0002:00002020       ??_C@_0BB@CGKHOLAG@RL_ImageDrawText@ 0000000140013020     win32_layer.obj
 0002:00002038       ??_C@_0BD@PADFAGAE@RL_ImageDrawTextEx@ 0000000140013038     win32_layer.obj
 0002:00002050       ??_C@_0P@HCLFCOOF@RL_LoadTexture@ 0000000140013050     win32_layer.obj
 0002:00002060       ??_C@_0BI@JJNMEBPC@RL_LoadTextureFromImage@ 0000000140013060     win32_layer.obj
 0002:00002078       ??_C@_0BG@NHOFJJFE@RL_LoadTextureCubemap@ 0000000140013078     win32_layer.obj
 0002:00002090       ??_C@_0BF@LPMKNFDL@RL_LoadRenderTexture@ 0000000140013090     win32_layer.obj
 0002:000020a8       ??_C@_0BB@INMKMLLB@RL_UnloadTexture@ 00000001400130a8     win32_layer.obj
 0002:000020c0       ??_C@_0BH@EFCFFDFC@RL_UnloadRenderTexture@ 00000001400130c0     win32_layer.obj
 0002:000020d8       ??_C@_0BB@EBKNGCMM@RL_UpdateTexture@ 00000001400130d8     win32_layer.obj
 0002:000020f0       ??_C@_0BE@GNBEPJD@RL_UpdateTextureRec@ 00000001400130f0     win32_layer.obj
 0002:00002108       ??_C@_0BF@GOFIKKBD@RL_GenTextureMipmaps@ 0000000140013108     win32_layer.obj
 0002:00002120       ??_C@_0BE@CKNHEMI@RL_SetTextureFilter@ 0000000140013120     win32_layer.obj
 0002:00002138       ??_C@_0BC@NGFKMDCB@RL_SetTextureWrap@ 0000000140013138     win32_layer.obj
 0002:00002150       ??_C@_0BC@HOKODMNJ@DrawRenderTexture@ 0000000140013150     win32_layer.obj
 0002:00002168       ??_C@_0P@IEJGKPGD@RL_DrawTexture@ 0000000140013168     win32_layer.obj
 0002:00002178       ??_C@_0BA@DINOFMJP@RL_DrawTextureV@ 0000000140013178     win32_layer.obj
 0002:00002188       ??_C@_0BB@JJAOLOFO@RL_DrawTextureEx@ 0000000140013188     win32_layer.obj
 0002:000021a0       ??_C@_0BJ@HLJEOFNC@DrawTextureRotatedScaled@ 00000001400131a0     win32_layer.obj
 0002:000021c0       ??_C@_0BD@MOCGKMAG@DrawTextureRotated@ 00000001400131c0     win32_layer.obj
 0002:000021d8       ??_C@_0BC@BLKKBFCM@RL_DrawTextureRec@ 00000001400131d8     win32_layer.obj
 0002:000021f0       ??_C@_0BD@CHGPJBHE@RL_DrawTextureQuad@ 00000001400131f0     win32_layer.obj
 0002:00002208       ??_C@_0BE@FAKLCNMN@RL_DrawTextureTiled@ 0000000140013208     win32_layer.obj
 0002:00002220       ??_C@_0BC@EHPCHFO@RL_DrawTexturePro@ 0000000140013220     win32_layer.obj
 0002:00002238       ??_C@_0BF@LNAAIDKE@RL_DrawTextureNPatch@ 0000000140013238     win32_layer.obj
 0002:00002250       ??_C@_0BD@NCBPPAHA@RL_DrawTexturePoly@ 0000000140013250     win32_layer.obj
 0002:00002268       ??_C@_07PANALAJD@RL_Fade@  0000000140013268     win32_layer.obj
 0002:00002270       ??_C@_0O@EFKPKCIB@RL_ColorToInt@ 0000000140013270     win32_layer.obj
 0002:00002280       ??_C@_0BC@HBOIMKHH@RL_ColorNormalize@ 0000000140013280     win32_layer.obj
 0002:00002298       ??_C@_0BH@NMNBIABE@RL_ColorFromNormalized@ 0000000140013298     win32_layer.obj
 0002:000022b0       ??_C@_0O@HGBCPFAH@RL_ColorToHSV@ 00000001400132b0     win32_layer.obj
 0002:000022c0       ??_C@_0BA@IMGEFEOA@RL_ColorFromHSV@ 00000001400132c0     win32_layer.obj
 0002:000022d0       ??_C@_0O@OPAPGGPE@RL_ColorAlpha@ 00000001400132d0     win32_layer.obj
 0002:000022e0       ??_C@_0BD@CADBIIMP@RL_ColorAlphaBlend@ 00000001400132e0     win32_layer.obj
 0002:000022f8       ??_C@_0M@EHCENIEL@RL_GetColor@ 00000001400132f8     win32_layer.obj
 0002:00002308       ??_C@_0BB@JMGELCPH@RL_GetPixelColor@ 0000000140013308     win32_layer.obj
 0002:00002320       ??_C@_0BB@ODHKABIA@RL_SetPixelColor@ 0000000140013320     win32_layer.obj
 0002:00002338       ??_C@_0BE@MIBEAMMJ@RL_GetPixelDataSize@ 0000000140013338     win32_layer.obj
 0002:00002350       ??_C@_0BC@ICPAEDIA@RL_GetFontDefault@ 0000000140013350     win32_layer.obj
 0002:00002368       ??_C@_0M@PCACPDJD@RL_LoadFont@ 0000000140013368     win32_layer.obj
 0002:00002378       ??_C@_0O@OPGPDEKI@RL_LoadFontEx@ 0000000140013378     win32_layer.obj
 0002:00002388       ??_C@_0BF@HMBPPNJG@RL_LoadFontFromImage@ 0000000140013388     win32_layer.obj
 0002:000023a0       ??_C@_0BG@OGNMDNFG@RL_LoadFontFromMemory@ 00000001400133a0     win32_layer.obj
 0002:000023b8       ??_C@_0BA@HIAFIGPE@RL_LoadFontData@ 00000001400133b8     win32_layer.obj
 0002:000023c8       ??_C@_0BF@MLBBAOJF@RL_GenImageFontAtlas@ 00000001400133c8     win32_layer.obj
 0002:000023e0       ??_C@_0BC@BEPMGMPM@RL_UnloadFontData@ 00000001400133e0     win32_layer.obj
 0002:000023f8       ??_C@_0O@PHOKPLFO@RL_UnloadFont@ 00000001400133f8     win32_layer.obj
 0002:00002408       ??_C@_0BE@OCAECLPG@RL_ExportFontAsCode@ 0000000140013408     win32_layer.obj
 0002:00002420       ??_C@_0L@IAOIIJIM@RL_DrawFPS@ 0000000140013420     win32_layer.obj
 0002:00002430       ??_C@_0M@EGBAPOAA@RL_DrawText@ 0000000140013430     win32_layer.obj
 0002:00002440       ??_C@_0O@MLLCCFNO@RL_DrawTextEx@ 0000000140013440     win32_layer.obj
 0002:00002450       ??_C@_0P@OJJFBIOF@RL_DrawTextPro@ 0000000140013450     win32_layer.obj
 0002:00002460       ??_C@_0BF@HADCEDBO@RL_DrawTextCodepoint@ 0000000140013460     win32_layer.obj
 0002:00002478       ??_C@_0BG@POGNCFBF@RL_DrawTextCodepoints@ 0000000140013478     win32_layer.obj
 0002:00002490       ??_C@_0P@CEGFBKCG@RL_MeasureText@ 0000000140013490     win32_layer.obj
 0002:000024a0       ??_C@_0BB@KPALOCOO@RL_MeasureTextEx@ 00000001400134a0     win32_layer.obj
 0002:000024b8       ??_C@_0BB@IENIOIIB@RL_GetGlyphIndex@ 00000001400134b8     win32_layer.obj
 0002:000024d0       ??_C@_0BA@MBBMJKPJ@RL_GetGlyphInfo@ 00000001400134d0     win32_layer.obj
 0002:000024e0       ??_C@_0BE@BGJNBGCM@RL_GetGlyphAtlasRec@ 00000001400134e0     win32_layer.obj
 0002:000024f8       ??_C@_0BC@NBLMCECN@RL_LoadCodepoints@ 00000001400134f8     win32_layer.obj
 0002:00002510       ??_C@_0BE@FJLKMJLK@RL_UnloadCodepoints@ 0000000140013510     win32_layer.obj
 0002:00002528       ??_C@_0BF@ICPHOJHO@RL_GetCodepointCount@ 0000000140013528     win32_layer.obj
 0002:00002540       ??_C@_0BA@LINEGJBM@RL_GetCodepoint@ 0000000140013540     win32_layer.obj
 0002:00002550       ??_C@_0BD@DNEGGAHM@RL_CodepointToUTF8@ 0000000140013550     win32_layer.obj
 0002:00002568       ??_C@_0BI@HHBBJFIO@RL_TextCodepointsToUTF8@ 0000000140013568     win32_layer.obj
 0002:00002580       ??_C@_0M@OOLMKLPD@RL_TextCopy@ 0000000140013580     win32_layer.obj
 0002:00002590       ??_C@_0P@LBGDLFFN@RL_TextIsEqual@ 0000000140013590     win32_layer.obj
 0002:000025a0       ??_C@_0O@LIIMFNEB@RL_TextLength@ 00000001400135a0     win32_layer.obj
 0002:000025b0       ??_C@_0P@CMHEEAED@RL_TextSubtext@ 00000001400135b0     win32_layer.obj
 0002:000025c0       ??_C@_0P@FFEGFLBG@RL_TextReplace@ 00000001400135c0     win32_layer.obj
 0002:000025d0       ??_C@_0O@FAPADIHC@RL_TextInsert@ 00000001400135d0     win32_layer.obj
 0002:000025e0       ??_C@_0M@PFNINFOL@RL_TextJoin@ 00000001400135e0     win32_layer.obj
 0002:000025f0       ??_C@_0N@IIIGOKGA@RL_TextSplit@ 00000001400135f0     win32_layer.obj
 0002:00002600       ??_C@_0O@ECJNCHGL@RL_TextAppend@ 0000000140013600     win32_layer.obj
 0002:00002610       ??_C@_0BB@HAKHAJKP@RL_TextFindIndex@ 0000000140013610     win32_layer.obj
 0002:00002628       ??_C@_0P@CMIDCLAH@RL_TextToUpper@ 0000000140013628     win32_layer.obj
 0002:00002638       ??_C@_0P@HHDNEALO@RL_TextToLower@ 0000000140013638     win32_layer.obj
 0002:00002648       ??_C@_0BA@LBBJPEJP@RL_TextToPascal@ 0000000140013648     win32_layer.obj
 0002:00002658       ??_C@_0BB@FAELHHPH@RL_TextToInteger@ 0000000140013658     win32_layer.obj
 0002:00002670       ??_C@_0O@MMMLAIMJ@RL_DrawLine3D@ 0000000140013670     win32_layer.obj
 0002:00002680       ??_C@_0P@DANDFLL@RL_DrawPoint3D@ 0000000140013680     win32_layer.obj
 0002:00002690       ??_C@_0BA@KNIILDAB@RL_DrawCircle3D@ 0000000140013690     win32_layer.obj
 0002:000026a0       ??_C@_0BC@LFOCPPNC@RL_DrawTriangle3D@ 00000001400136a0     win32_layer.obj
 0002:000026b8       ??_C@_0BH@GNKDLJLA@RL_DrawTriangleStrip3D@ 00000001400136b8     win32_layer.obj
 0002:000026d0       ??_C@_0M@IGKBOHLL@RL_DrawCube@ 00000001400136d0     win32_layer.obj
 0002:000026e0       ??_C@_0N@LANEDBDB@RL_DrawCubeV@ 00000001400136e0     win32_layer.obj
 0002:000026f0       ??_C@_0BB@JHENCOIE@RL_DrawCubeWires@ 00000001400136f0     win32_layer.obj
 0002:00002708       ??_C@_0BC@GKDPAMF@RL_DrawCubeWiresV@ 0000000140013708     win32_layer.obj
 0002:00002720       ??_C@_0BD@FMJJELAO@RL_DrawCubeTexture@ 0000000140013720     win32_layer.obj
 0002:00002738       ??_C@_0BG@PBAIGGPO@RL_DrawCubeTextureRec@ 0000000140013738     win32_layer.obj
 0002:00002750       ??_C@_0O@LADLAAJ@RL_DrawSphere@ 0000000140013750     win32_layer.obj
 0002:00002760       ??_C@_0BA@ILBELPBD@RL_DrawSphereEx@ 0000000140013760     win32_layer.obj
 0002:00002770       ??_C@_0BD@PPEBCNOD@RL_DrawSphereWires@ 0000000140013770     win32_layer.obj
 0002:00002788       ??_C@_0BA@GEBILBKN@RL_DrawCylinder@ 0000000140013788     win32_layer.obj
 0002:00002798       ??_C@_0BC@DGHIJJHD@RL_DrawCylinderEx@ 0000000140013798     win32_layer.obj
 0002:000027b0       ??_C@_0BF@DAEMEICJ@RL_DrawCylinderWires@ 00000001400137b0     win32_layer.obj
 0002:000027c8       ??_C@_0BH@KNPGNKNA@RL_DrawCylinderWiresEx@ 00000001400137c8     win32_layer.obj
 0002:000027e0       ??_C@_0N@LCONJBMI@RL_DrawPlane@ 00000001400137e0     win32_layer.obj
 0002:000027f0       ??_C@_0L@BFFBAKML@RL_DrawRay@ 00000001400137f0     win32_layer.obj
 0002:00002800       ??_C@_0M@PLLIKHGC@RL_DrawGrid@ 0000000140013800     win32_layer.obj
 0002:00002810       ??_C@_0N@LICCDNEG@RL_LoadModel@ 0000000140013810     win32_layer.obj
 0002:00002820       ??_C@_0BF@JBPEIIJH@RL_LoadModelFromMesh@ 0000000140013820     win32_layer.obj
 0002:00002838       ??_C@_0P@FNPCGLED@RL_UnloadModel@ 0000000140013838     win32_layer.obj
 0002:00002848       ??_C@_0BJ@FLPPNACD@RL_UnloadModelKeepMeshes@ 0000000140013848     win32_layer.obj
 0002:00002868       ??_C@_0BH@KDHNPID@RL_GetModelBoundingBox@ 0000000140013868     win32_layer.obj
 0002:00002880       ??_C@_0N@KAEMFOMH@RL_DrawModel@ 0000000140013880     win32_layer.obj
 0002:00002890       ??_C@_0P@JJNPCBOD@RL_DrawModelEx@ 0000000140013890     win32_layer.obj
 0002:000028a0       ??_C@_0BC@KJPBOCIN@RL_DrawModelWires@ 00000001400138a0     win32_layer.obj
 0002:000028b8       ??_C@_0BE@FBJOHAHG@RL_DrawModelWiresEx@ 00000001400138b8     win32_layer.obj
 0002:000028d0       ??_C@_0BD@PKIODGJI@RL_DrawBoundingBox@ 00000001400138d0     win32_layer.obj
 0002:000028e8       ??_C@_0BB@DHNIAJJC@RL_DrawBillboard@ 00000001400138e8     win32_layer.obj
 0002:00002900       ??_C@_0BE@MGJFHLIA@RL_DrawBillboardRec@ 0000000140013900     win32_layer.obj
 0002:00002918       ??_C@_0BE@NJEAEJPC@RL_DrawBillboardPro@ 0000000140013918     win32_layer.obj
 0002:00002930       ??_C@_0O@CEGJPGAO@RL_UploadMesh@ 0000000140013930     win32_layer.obj
 0002:00002940       ??_C@_0BE@GBNKJCDG@RL_UpdateMeshBuffer@ 0000000140013940     win32_layer.obj
 0002:00002958       ??_C@_0O@BNAOEHFF@RL_UnloadMesh@ 0000000140013958     win32_layer.obj
 0002:00002968       ??_C@_0M@MBMCLJEP@RL_DrawMesh@ 0000000140013968     win32_layer.obj
 0002:00002978       ??_C@_0BF@GOGLMKI@RL_DrawMeshInstanced@ 0000000140013978     win32_layer.obj
 0002:00002990       ??_C@_0O@IGFMEHJM@RL_ExportMesh@ 0000000140013990     win32_layer.obj
 0002:000029a0       ??_C@_0BG@KKBKPABH@RL_GetMeshBoundingBox@ 00000001400139a0     win32_layer.obj
 0002:000029b8       ??_C@_0BD@PHGLODB@RL_GenMeshTangents@ 00000001400139b8     win32_layer.obj
 0002:000029d0       ??_C@_0P@ILEEKIIO@RL_GenMeshPoly@ 00000001400139d0     win32_layer.obj
 0002:000029e0       ??_C@_0BA@LOKCGCJF@RL_GenMeshPlane@ 00000001400139e0     win32_layer.obj
 0002:000029f0       ??_C@_0P@HPEJICHA@RL_GenMeshCube@ 00000001400139f0     win32_layer.obj
 0002:00002a00       ??_C@_0BB@BONFNCLD@RL_GenMeshSphere@ 0000000140013a00     win32_layer.obj
 0002:00002a18       ??_C@_0BF@GHGOMFB@RL_GenMeshHemiSphere@ 0000000140013a18     win32_layer.obj
 0002:00002a30       ??_C@_0BD@NJIOOCDN@RL_GenMeshCylinder@ 0000000140013a30     win32_layer.obj
 0002:00002a48       ??_C@_0P@EJPHMMOP@RL_GenMeshCone@ 0000000140013a48     win32_layer.obj
 0002:00002a58       ??_C@_0BA@CMNEFLGE@RL_GenMeshTorus@ 0000000140013a58     win32_layer.obj
 0002:00002a68       ??_C@_0P@JDCAKJGM@RL_GenMeshKnot@ 0000000140013a68     win32_layer.obj
 0002:00002a78       ??_C@_0BE@LACIMFPH@RL_GenMeshHeightmap@ 0000000140013a78     win32_layer.obj
 0002:00002a90       ??_C@_0BD@GOLJMNEK@RL_GenMeshCubicmap@ 0000000140013a90     win32_layer.obj
 0002:00002aa8       ??_C@_0BB@CPAGBIMF@RL_LoadMaterials@ 0000000140013aa8     win32_layer.obj
 0002:00002ac0       ??_C@_0BH@HNMJFIMB@RL_LoadMaterialDefault@ 0000000140013ac0     win32_layer.obj
 0002:00002ad8       ??_C@_0BC@MMJBIILC@RL_UnloadMaterial@ 0000000140013ad8     win32_layer.obj
 0002:00002af0       ??_C@_0BG@DCEODFIL@RL_SetMaterialTexture@ 0000000140013af0     win32_layer.obj
 0002:00002b08       ??_C@_0BI@CIGOGCIK@RL_SetModelMeshMaterial@ 0000000140013b08     win32_layer.obj
 0002:00002b20       ??_C@_0BH@ILJLHCAH@RL_LoadModelAnimations@ 0000000140013b20     win32_layer.obj
 0002:00002b38       ??_C@_0BI@HMHHPAII@RL_UpdateModelAnimation@ 0000000140013b38     win32_layer.obj
 0002:00002b50       ??_C@_0BI@NIFCPLKG@RL_UnloadModelAnimation@ 0000000140013b50     win32_layer.obj
 0002:00002b68       ??_C@_0BJ@DLHPHOBD@RL_UnloadModelAnimations@ 0000000140013b68     win32_layer.obj
 0002:00002b88       ??_C@_0BJ@ONEBAEGP@RL_IsModelAnimationValid@ 0000000140013b88     win32_layer.obj
 0002:00002ba8       ??_C@_0BJ@LNNIANIM@RL_CheckCollisionSpheres@ 0000000140013ba8     win32_layer.obj
 0002:00002bc8       ??_C@_0BH@BBKJBEEP@RL_CheckCollisionBoxes@ 0000000140013bc8     win32_layer.obj
 0002:00002be0       ??_C@_0BL@GKEPJODC@RL_CheckCollisionBoxSphere@ 0000000140013be0     win32_layer.obj
 0002:00002c00       ??_C@_0BJ@EJNDOEM@RL_GetRayCollisionSphere@ 0000000140013c00     win32_layer.obj
 0002:00002c20       ??_C@_0BG@NOLPBAAH@RL_GetRayCollisionBox@ 0000000140013c20     win32_layer.obj
[...]
 0002:0000d11d       $ip2state$??_Gbad_alloc@std@@UEAAPEAXI@Z 000000014001e11d     win32_layer.obj
 0002:0000d11d       $ip2state$??_Gbad_array_new_length@std@@UEAAPEAXI@Z 000000014001e11d     win32_layer.obj
 0002:0000d11d       $ip2state$??_Gbad_cast@std@@UEAAPEAXI@Z 000000014001e11d     win32_layer.obj
 0002:0000d11d       $ip2state$??_Gexception@std@@UEAAPEAXI@Z 000000014001e11d     win32_layer.obj
 0002:0000d120       $unwind$??1_Sentry_base@?$basic_ostream@DU?$char_traits@D@std@@@std@@QEAA@XZ 000000014001e120     win32_layer.obj
 0002:0000d120       $unwind$??1exception@std@@UEAA@XZ 000000014001e120     win32_layer.obj
 0002:0000d130       $unwind$??_Gexception@std@@UEAAPEAXI@Z 000000014001e130     win32_layer.obj
 0002:0000d144       $unwind$??1bad_alloc@std@@UEAA@XZ 000000014001e144     win32_layer.obj
 0002:0000d144       $unwind$??1bad_cast@std@@UEAA@XZ 000000014001e144     win32_layer.obj
 0002:0000d154       $cppxdata$??1bad_alloc@std@@UEAA@XZ 000000014001e154     win32_layer.obj
 0002:0000d154       $cppxdata$??1bad_cast@std@@UEAA@XZ 000000014001e154     win32_layer.obj
 0002:0000d154       $cppxdata$??_Gbad_alloc@std@@UEAAPEAXI@Z 000000014001e154     win32_layer.obj
 0002:0000d154       $cppxdata$??_Gbad_cast@std@@UEAAPEAXI@Z 000000014001e154     win32_layer.obj
 0002:0000d15d       $stateUnwindMap$??0bad_alloc@std@@QEAA@AEBV01@@Z 000000014001e15d     win32_layer.obj
 0002:0000d15d       $stateUnwindMap$??0bad_cast@std@@QEAA@AEBV01@@Z 000000014001e15d     win32_layer.obj
 0002:0000d15d       $stateUnwindMap$??1bad_alloc@std@@UEAA@XZ 000000014001e15d     win32_layer.obj
 0002:0000d15d       $stateUnwindMap$??1bad_cast@std@@UEAA@XZ 000000014001e15d     win32_layer.obj
 0002:0000d15d       $stateUnwindMap$??_Gbad_alloc@std@@UEAAPEAXI@Z 000000014001e15d     win32_layer.obj
 0002:0000d15d       $stateUnwindMap$??_Gbad_cast@std@@UEAAPEAXI@Z 000000014001e15d     win32_layer.obj
 0002:0000d164       $unwind$??0bad_alloc@std@@QEAA@AEBV01@@Z 000000014001e164     win32_layer.obj
 0002:0000d164       $unwind$??0bad_cast@std@@QEAA@AEBV01@@Z 000000014001e164     win32_layer.obj
 0002:0000d174       $cppxdata$??0bad_alloc@std@@QEAA@AEBV01@@Z 000000014001e174     win32_layer.obj
 0002:0000d174       $cppxdata$??0bad_cast@std@@QEAA@AEBV01@@Z 000000014001e174     win32_layer.obj
 0002:0000d17d       $ip2state$??0bad_alloc@std@@QEAA@AEBV01@@Z 000000014001e17d     win32_layer.obj
 0002:0000d17d       $ip2state$??0bad_cast@std@@QEAA@AEBV01@@Z 000000014001e17d     win32_layer.obj
 0002:0000d184       $unwind$??_Gbad_alloc@std@@UEAAPEAXI@Z 000000014001e184     win32_layer.obj
 0002:0000d184       $unwind$??_Gbad_cast@std@@UEAAPEAXI@Z 000000014001e184     win32_layer.obj
 0002:0000d198       $unwind$??0bad_array_new_length@std@@QEAA@XZ 000000014001e198     win32_layer.obj
 0002:0000d1a4       $cppxdata$??0bad_array_new_length@std@@QEAA@XZ 000000014001e1a4     win32_layer.obj
 0002:0000d1ad       $stateUnwindMap$??0bad_array_new_length@std@@QEAA@XZ 000000014001e1ad     win32_layer.obj
 0002:0000d1ba       $ip2state$??0bad_array_new_length@std@@QEAA@XZ 000000014001e1ba     win32_layer.obj
 0002:0000d1c4       $unwind$??1bad_array_new_length@std@@UEAA@XZ 000000014001e1c4     win32_layer.obj
 0002:0000d1d4       $cppxdata$??1bad_array_new_length@std@@UEAA@XZ 000000014001e1d4     win32_layer.obj
 0002:0000d1d4       $cppxdata$??_Gbad_array_new_length@std@@UEAAPEAXI@Z 000000014001e1d4     win32_layer.obj
 0002:0000d1dd       $stateUnwindMap$??1bad_array_new_length@std@@UEAA@XZ 000000014001e1dd     win32_layer.obj
 0002:0000d1dd       $stateUnwindMap$??_Gbad_array_new_length@std@@UEAAPEAXI@Z 000000014001e1dd     win32_layer.obj
 0002:0000d1ec       $unwind$??0bad_array_new_length@std@@QEAA@AEBV01@@Z 000000014001e1ec     win32_layer.obj
 0002:0000d1fc       $cppxdata$??0bad_array_new_length@std@@QEAA@AEBV01@@Z 000000014001e1fc     win32_layer.obj
 0002:0000d205       $stateUnwindMap$??0bad_array_new_length@std@@QEAA@AEBV01@@Z 000000014001e205     win32_layer.obj
 0002:0000d212       $ip2state$??0bad_array_new_length@std@@QEAA@AEBV01@@Z 000000014001e212     win32_layer.obj
 0002:0000d21c       $unwind$??_Gbad_array_new_length@std@@UEAAPEAXI@Z 000000014001e21c     win32_layer.obj
 0002:0000d230       $unwind$?_Throw_bad_array_new_length@std@@YAXXZ 000000014001e230     win32_layer.obj
 0002:0000d230       $unwind$?_Throw_bad_cast@std@@YAXXZ 000000014001e230     win32_layer.obj
 0002:0000d230       $unwind$?__scrt_throw_std_bad_alloc@@YAXXZ 000000014001e230     MSVCRT:throw_bad_alloc.obj
 0002:0000d230       $unwind$?__scrt_throw_std_bad_array_new_length@@YAXXZ 000000014001e230     MSVCRT:throw_bad_alloc.obj
 0002:0000d238       $unwind$??1locale@std@@QEAA@XZ 000000014001e238     win32_layer.obj
 0002:0000d238       $unwind$?_Xlen_string@std@@YAXXZ 000000014001e238     win32_layer.obj
 0002:0000d238       $unwind$__scrt_initialize_default_local_stdio_options 000000014001e238     MSVCRT:default_local_stdio_options.obj
 0002:0000d238       $unwind$?post_pgo_initialization@@YAHXZ 000000014001e238     MSVCRT:exe_winmain.obj
 0002:0000d238       $unwind$?pre_cpp_initialization@@YAXXZ 000000014001e238     MSVCRT:exe_winmain.obj
 0002:0000d238       $unwind$WinMainCRTStartup  000000014001e238     MSVCRT:exe_winmain.obj
 0002:0000d238       $unwind$__GSHandlerCheck   000000014001e238     MSVCRT:gshandler.obj
 0002:0000d238       $unwind$__scrt_acquire_startup_lock 000000014001e238     MSVCRT:utility.obj
 0002:0000d238       $unwind$atexit             000000014001e238     MSVCRT:utility.obj
 0002:0000d238       $unwind$__scrt_is_managed_app 000000014001e238     MSVCRT:utility_desktop.obj
 0002:0000d240       $unwind$??0bad_cast@std@@QEAA@XZ 000000014001e240     win32_layer.obj
 0002:0000d24c       $cppxdata$??0bad_cast@std@@QEAA@XZ 000000014001e24c     win32_layer.obj
 0002:0000d255       $stateUnwindMap$??0bad_cast@std@@QEAA@XZ 000000014001e255     win32_layer.obj
 0002:0000d25c       $ip2state$??0bad_cast@std@@QEAA@XZ 000000014001e25c     win32_layer.obj
 0002:0000d264       $unwind$WinMain            000000014001e264     win32_layer.obj
 0002:0000d288       $cppxdata$WinMain          000000014001e288     win32_layer.obj
 0002:0000d291       $stateUnwindMap$WinMain    000000014001e291     win32_layer.obj
 0002:0000d2c0       $ip2state$WinMain          000000014001e2c0     win32_layer.obj
 0002:0000d2d8       $unwind$WinMain$dtor$1     000000014001e2d8     win32_layer.obj
 0002:0000d2d8       $unwind$?filt$0@?0??__scrt_common_main_seh@@YAHXZ@4HA 000000014001e2d8     MSVCRT:exe_winmain.obj
 0002:0000d2e0       $unwind$?Win32LoadGameCode@@YA?AUwin32_game_code@@PEAD00@Z 000000014001e2e0     win32_layer.obj
 0002:0000d2f4       $unwind$??_G?$basic_filebuf@DU?$char_traits@D@std@@@std@@UEAAPEAXI@Z 000000014001e2f4     win32_layer.obj
 0002:0000d2f4       $unwind$??_G?$basic_ofstream@DU?$char_traits@D@std@@@std@@UEAAPEAXI@Z 000000014001e2f4     win32_layer.obj
 0002:0000d2f4       $unwind$?LoadRaylibWrapperDLL@@YA?AUraylib_wrapper_code@@PEAD@Z 000000014001e2f4     win32_layer.obj
 0002:0000d2f4       $unwind$?imbue@?$basic_filebuf@DU?$char_traits@D@std@@@std@@MEAAXAEBVlocale@2@@Z 000000014001e2f4     win32_layer.obj
 0002:0000d2f4       $unwind$?pbackfail@?$basic_filebuf@DU?$char_traits@D@std@@@std@@MEAAHH@Z 000000014001e2f4     win32_layer.obj
 0002:0000d2f4       $unwind$_RTC_Initialize    000000014001e2f4     MSVCRT:initsect.obj
 0002:0000d2f4       $unwind$_RTC_Terminate     000000014001e2f4     MSVCRT:initsect.obj
 0002:0000d2f4       $unwind$__scrt_unhandled_exception_filter 000000014001e2f4     MSVCRT:utility_desktop.obj
 0002:0000d300       $unwind$??$?6U?$char_traits@D@std@@@std@@YAAEAV?$basic_ostream@DU?$char_traits@D@std@@@0@AEAV10@PEBD@Z 000000014001e300     win32_layer.obj
 0002:0000d320       $cppxdata$??$?6U?$char_traits@D@std@@@std@@YAAEAV?$basic_ostream@DU?$char_traits@D@std@@@0@AEAV10@PEBD@Z 000000014001e320     win32_layer.obj
 0002:0000d32d       $stateUnwindMap$??$?6U?$char_traits@D@std@@@std@@YAAEAV?$basic_ostream@DU?$char_traits@D@std@@@0@AEAV10@PEBD@Z 000000014001e32d     win32_layer.obj
 0002:0000d33c       $tryMap$??$?6U?$char_traits@D@std@@@std@@YAAEAV?$basic_ostream@DU?$char_traits@D@std@@@0@AEAV10@PEBD@Z 000000014001e33c     win32_layer.obj
 0002:0000d344       $handlerMap$??$?6U?$char_traits@D@std@@@std@@YAAEAV?$basic_ostream@DU?$char_traits@D@std@@@0@AEAV10@PEBD@Z 000000014001e344     win32_layer.obj
 0002:0000d34c       $ip2state$??$?6U?$char_traits@D@std@@@std@@YAAEAV?$basic_ostream@DU?$char_traits@D@std@@@0@AEAV10@PEBD@Z 000000014001e34c     win32_layer.obj
 0002:0000d35c       $unwind$?catch$3@?0???$?6U?$char_traits@D@std@@@std@@YAAEAV?$basic_ostream@DU?$char_traits@D@std@@@0@AEAV10@PEBD@Z@4HA 000000014001e35c     win32_layer.obj
 0002:0000d364       $unwind$??$endl@DU?$char_traits@D@std@@@std@@YAAEAV?$basic_ostream@DU?$char_traits@D@std@@@0@AEAV10@@Z 000000014001e364     win32_layer.obj
 0002:0000d364       $unwind$?sync@?$basic_filebuf@DU?$char_traits@D@std@@@std@@MEAAHXZ 000000014001e364     win32_layer.obj
 0002:0000d364       $unwind$?underflow@?$basic_filebuf@DU?$char_traits@D@std@@@std@@MEAAHXZ 000000014001e364     win32_layer.obj
 0002:0000d364       $unwind$?pre_c_initialization@@YAHXZ 000000014001e364     MSVCRT:exe_winmain.obj
 0002:0000d364       $unwind$__raise_securityfailure 000000014001e364     MSVCRT:gs_report.obj
 0002:0000d364       $unwind$??2@YAPEAX_K@Z     000000014001e364     MSVCRT:new_scalar.obj
 0002:0000d364       $unwind$??_Gtype_info@@UEAAPEAXI@Z 000000014001e364     MSVCRT:std_type_info_static.obj
 0002:0000d364       $unwind$__scrt_initialize_crt 000000014001e364     MSVCRT:utility.obj
 0002:0000d364       $unwind$__scrt_initialize_onexit_tables 000000014001e364     MSVCRT:utility.obj
 0002:0000d364       $unwind$__scrt_release_startup_lock 000000014001e364     MSVCRT:utility.obj
 0002:0000d364       $unwind$__scrt_uninitialize_crt 000000014001e364     MSVCRT:utility.obj
 0002:0000d364       $unwind$_onexit            000000014001e364     MSVCRT:utility.obj
 0002:0000d364       $unwind$??__F_Fac_tidy_reg@std@@YAXXZ 000000014001e364     msvcprt:locale0_implib.obj
 0002:0000d364       $unwind$?_Facet_Register@std@@YAXPEAV_Facet_base@1@@Z 000000014001e364     msvcprt:locale0_implib.obj
 0002:0000d36c       $unwind$??1?$basic_filebuf@DU?$char_traits@D@std@@@std@@UEAA@XZ 000000014001e36c     win32_layer.obj
 0002:0000d37c       $cppxdata$??1?$basic_filebuf@DU?$char_traits@D@std@@@std@@UEAA@XZ 000000014001e37c     win32_layer.obj
 0002:0000d385       $stateUnwindMap$??1?$basic_filebuf@DU?$char_traits@D@std@@@std@@UEAA@XZ 000000014001e385     win32_layer.obj
 0002:0000d38c       $ip2state$??1?$basic_filebuf@DU?$char_traits@D@std@@@std@@UEAA@XZ 000000014001e38c     win32_layer.obj
 0002:0000d394       $unwind$?overflow@?$basic_filebuf@DU?$char_traits@D@std@@@std@@MEAAHH@Z 000000014001e394     win32_layer.obj
 0002:0000d3a8       $chain$0$?overflow@?$basic_filebuf@DU?$char_traits@D@std@@@std@@MEAAHH@Z 000000014001e3a8     win32_layer.obj
 0002:0000d3bc       $chain$1$?overflow@?$basic_filebuf@DU?$char_traits@D@std@@@std@@MEAAHH@Z 000000014001e3bc     win32_layer.obj
 0002:0000d3cc       $chain$0$?underflow@?$basic_filebuf@DU?$char_traits@D@std@@@std@@MEAAHXZ 000000014001e3cc     win32_layer.obj
 0002:0000d3e0       $chain$2$?underflow@?$basic_filebuf@DU?$char_traits@D@std@@@std@@MEAAHXZ 000000014001e3e0     win32_layer.obj
 0002:0000d3f4       $unwind$?uflow@?$basic_filebuf@DU?$char_traits@D@std@@@std@@MEAAHXZ 000000014001e3f4     win32_layer.obj
 0002:0000d414       $cppxdata$?uflow@?$basic_filebuf@DU?$char_traits@D@std@@@std@@MEAAHXZ 000000014001e414     win32_layer.obj
 0002:0000d41d       $stateUnwindMap$?uflow@?$basic_filebuf@DU?$char_traits@D@std@@@std@@MEAAHXZ 000000014001e41d     win32_layer.obj
 0002:0000d424       $ip2state$?uflow@?$basic_filebuf@DU?$char_traits@D@std@@@std@@MEAAHXZ 000000014001e424     win32_layer.obj
 0002:0000d430       $unwind$?xsgetn@?$basic_filebuf@DU?$char_traits@D@std@@@std@@MEAA_JPEAD_J@Z 000000014001e430     win32_layer.obj
 0002:0000d440       $chain$1$?xsgetn@?$basic_filebuf@DU?$char_traits@D@std@@@std@@MEAA_JPEAD_J@Z 000000014001e440     win32_layer.obj
 0002:0000d458       $chain$3$?xsgetn@?$basic_filebuf@DU?$char_traits@D@std@@@std@@MEAA_JPEAD_J@Z 000000014001e458     win32_layer.obj
 0002:0000d470       $unwind$?xsputn@?$basic_filebuf@DU?$char_traits@D@std@@@std@@MEAA_JPEBD_J@Z 000000014001e470     win32_layer.obj
 0002:0000d488       $unwind$?seekoff@?$basic_filebuf@DU?$char_traits@D@std@@@std@@MEAA?AV?$fpos@U_Mbstatet@@@2@_JHH@Z 000000014001e488     win32_layer.obj
 0002:0000d49c       $unwind$?seekpos@?$basic_filebuf@DU?$char_traits@D@std@@@std@@MEAA?AV?$fpos@U_Mbstatet@@@2@V32@H@Z 000000014001e49c     win32_layer.obj
 0002:0000d4ac       $unwind$?setbuf@?$basic_filebuf@DU?$char_traits@D@std@@@std@@MEAAPEAV?$basic_streambuf@DU?$char_traits@D@std@@@2@PEAD_J@Z 000000014001e4ac     win32_layer.obj
 0002:0000d4b8       $chain$0$?setbuf@?$basic_filebuf@DU?$char_traits@D@std@@@std@@MEAAPEAV?$basic_streambuf@DU?$char_traits@D@std@@@2@PEAD_J@Z 000000014001e4b8     win32_layer.obj
 0002:0000d4cc       $chain$1$?setbuf@?$basic_filebuf@DU?$char_traits@D@std@@@std@@MEAAPEAV?$basic_streambuf@DU?$char_traits@D@std@@@2@PEAD_J@Z 000000014001e4cc     win32_layer.obj
 0002:0000d4dc       $unwind$?_Endwrite@?$basic_filebuf@DU?$char_traits@D@std@@@std@@IEAA_NXZ 000000014001e4dc     win32_layer.obj
 0002:0000d4ec       $chain$0$?_Endwrite@?$basic_filebuf@DU?$char_traits@D@std@@@std@@IEAA_NXZ 000000014001e4ec     win32_layer.obj
 0002:0000d500       $chain$2$?_Endwrite@?$basic_filebuf@DU?$char_traits@D@std@@@std@@IEAA_NXZ 000000014001e500     win32_layer.obj
 0002:0000d514       $chain$3$?_Endwrite@?$basic_filebuf@DU?$char_traits@D@std@@@std@@IEAA_NXZ 000000014001e514     win32_layer.obj
 0002:0000d524       $unwind$??_D?$basic_ofstream@DU?$char_traits@D@std@@@std@@QEAAXXZ 000000014001e524     win32_layer.obj
 0002:0000d534       $cppxdata$??_D?$basic_ofstream@DU?$char_traits@D@std@@@std@@QEAAXXZ 000000014001e534     win32_layer.obj
 0002:0000d53d       $stateUnwindMap$??_D?$basic_ofstream@DU?$char_traits@D@std@@@std@@QEAAXXZ 000000014001e53d     win32_layer.obj
 0002:0000d548       $ip2state$??_D?$basic_ofstream@DU?$char_traits@D@std@@@std@@QEAAXXZ 000000014001e548     win32_layer.obj
 0002:0000d550       $unwind$??$use_facet@V?$codecvt@DDU_Mbstatet@@@std@@@std@@YAAEBV?$codecvt@DDU_Mbstatet@@@0@AEBVlocale@0@@Z 000000014001e550     win32_layer.obj
 0002:0000d564       $cppxdata$??$use_facet@V?$codecvt@DDU_Mbstatet@@@std@@@std@@YAAEBV?$codecvt@DDU_Mbstatet@@@0@AEBVlocale@0@@Z 000000014001e564     win32_layer.obj
 0002:0000d56d       $stateUnwindMap$??$use_facet@V?$codecvt@DDU_Mbstatet@@@std@@@std@@YAAEBV?$codecvt@DDU_Mbstatet@@@0@AEBVlocale@0@@Z 000000014001e56d     win32_layer.obj
 0002:0000d57a       $ip2state$??$use_facet@V?$codecvt@DDU_Mbstatet@@@std@@@std@@YAAEBV?$codecvt@DDU_Mbstatet@@@0@AEBVlocale@0@@Z 000000014001e57a     win32_layer.obj
 0002:0000d588       $unwind$??1sentry@?$basic_ostream@DU?$char_traits@D@std@@@std@@QEAA@XZ 000000014001e588     win32_layer.obj
 0002:0000d598       $cppxdata$??1sentry@?$basic_ostream@DU?$char_traits@D@std@@@std@@QEAA@XZ 000000014001e598     win32_layer.obj
 0002:0000d5a1       $stateUnwindMap$??1sentry@?$basic_ostream@DU?$char_traits@D@std@@@std@@QEAA@XZ 000000014001e5a1     win32_layer.obj
 0002:0000d5a8       $ip2state$??1sentry@?$basic_ostream@DU?$char_traits@D@std@@@std@@QEAA@XZ 000000014001e5a8     win32_layer.obj
 0002:0000d5b0       $unwind$??$_Reallocate_grow_by@V<lambda_319d5e083f45f90dcdce5dce53cbb275>@@D@?$basic_string@DU?$char_traits@D@std@@V?$allocator@D@2@@std@@AEAAAEAV01@_KV<lambda_319d5e083f45f90dcdce5dce53cbb275>@@D@Z 000000014001e5b0     win32_layer.obj
 0002:0000d5c0       $chain$2$??$_Reallocate_grow_by@V<lambda_319d5e083f45f90dcdce5dce53cbb275>@@D@?$basic_string@DU?$char_traits@D@std@@V?$allocator@D@2@@std@@AEAAAEAV01@_KV<lambda_319d5e083f45f90dcdce5dce53cbb275>@@D@Z 000000014001e5c0     win32_layer.obj
 0002:0000d5dc       $chain$3$??$_Reallocate_grow_by@V<lambda_319d5e083f45f90dcdce5dce53cbb275>@@D@?$basic_string@DU?$char_traits@D@std@@V?$allocator@D@2@@std@@AEAAAEAV01@_KV<lambda_319d5e083f45f90dcdce5dce53cbb275>@@D@Z 000000014001e5dc     win32_layer.obj
 0002:0000d5ec       $chain$4$??$_Reallocate_grow_by@V<lambda_319d5e083f45f90dcdce5dce53cbb275>@@D@?$basic_string@DU?$char_traits@D@std@@V?$allocator@D@2@@std@@AEAAAEAV01@_KV<lambda_319d5e083f45f90dcdce5dce53cbb275>@@D@Z 000000014001e5ec     win32_layer.obj
 0002:0000d608       $unwind$__GSHandlerCheckCommon 000000014001e608     MSVCRT:gshandler.obj
 0002:0000d610       $unwind$__GSHandlerCheck_EH4 000000014001e610     MSVCRT:gshandlereh4.obj
 0002:0000d628       $xdatasym                  000000014001e628     MSVCRT:chkstk.obj
 0002:0000d630       $xdatasym                  000000014001e630     MSVCRT:amdsecgs.obj
 0002:0000d634       $unwind$?__scrt_common_main_seh@@YAHXZ 000000014001e634     MSVCRT:exe_winmain.obj
 0002:0000d668       $unwind$__scrt_is_nonwritable_in_current_image 000000014001e668     MSVCRT:utility.obj
 0002:0000d688       $unwind$__scrt_is_nonwritable_in_current_image$filt$0 000000014001e688     MSVCRT:utility.obj
 0002:0000d690       $unwind$__report_gsfailure 000000014001e690     MSVCRT:gs_report.obj
 0002:0000d698       $unwind$capture_previous_context 000000014001e698     MSVCRT:gs_report.obj
 0002:0000d6a4       $unwind$__security_init_cookie 000000014001e6a4     MSVCRT:gs_support.obj
 0002:0000d6b0       $unwind$__scrt_get_show_window_mode 000000014001e6b0     MSVCRT:utility_desktop.obj
 0002:0000d6b8       $unwind$__scrt_fastfail    000000014001e6b8     MSVCRT:utility_desktop.obj
 0002:0000d6c8       $unwind$__isa_available_init 000000014001e6c8     MSVCRT:cpu_disp.obj
 0002:0000d6d8       $xdatasym                  000000014001e6d8     MSVCRT:guard_dispatch.obj
 0002:0000d6e0       $xdatasym                  000000014001e6e0     MSVCRT:guard_xfg_dispatch.obj
 0002:0000dd56       .idata$6                   000000014001ed56     Kernel32:KERNEL32.dll
 0002:0000e708       .idata$6                   000000014001f708     msvcprt:MSVCP140.dll
 0002:0000e7de       .idata$6                   000000014001f7de     vcruntime:VCRUNTIME140.dll
 0002:0000e7f0       .idata$6                   000000014001f7f0     vcruntime:VCRUNTIME140_1.dll
 0002:0000ea92       .idata$6                   000000014001fa92     ucrt:api-ms-win-crt-runtime-l1-1-0.dll
 0002:0000eab4       .idata$6                   000000014001fab4     ucrt:api-ms-win-crt-stdio-l1-1-0.dll
 0002:0000ead4       .idata$6                   000000014001fad4     ucrt:api-ms-win-crt-filesystem-l1-1-0.dll
 0002:0000eafa       .idata$6                   000000014001fafa     ucrt:api-ms-win-crt-heap-l1-1-0.dll
 0002:0000eb1a       .idata$6                   000000014001fb1a     ucrt:api-ms-win-crt-math-l1-1-0.dll
 0002:0000eb3a       .idata$6                   000000014001fb3a     ucrt:api-ms-win-crt-locale-l1-1-0.dll
 0003:000002e0       ?_Fac_head@std@@3PEAU_Fac_node@1@EA 00000001400202e0     msvcprt:locale0_implib.obj
 0003:000002e8       ?_Fac_tidy_reg@std@@3U_Fac_tidy_reg_t@1@B 00000001400202e8     msvcprt:locale0_implib.obj
 0003:00000300       ?is_initialized_as_dll@@3_NA 0000000140020300     MSVCRT:utility.obj
 0003:00000301       ?module_local_atexit_table_initialized@@3_NA 0000000140020301     MSVCRT:utility.obj
 0003:00000308       ?module_local_atexit_table@@3U_onexit_table_t@@A 0000000140020308     MSVCRT:utility.obj
 0003:00000320       ?module_local_at_quick_exit_table@@3U_onexit_table_t@@A 0000000140020320     MSVCRT:utility.obj
 0003:00000340       GS_ExceptionRecord         0000000140020340     MSVCRT:gs_report.obj
 0003:000003e0       GS_ContextRecord           00000001400203e0     MSVCRT:gs_report.obj
